Archive member included to satisfy reference by file (symbol)

C:/ST/STM32CubeIDE_1.19.0/STM32CubeIDE/plugins/com.st.stm32cube.ide.mcu.externaltools.gnu-tools-for-stm32.13.3.rel1.win32_1.0.100.202509120712/tools/bin/../lib/gcc/arm-none-eabi/13.3.1/../../../../arm-none-eabi/lib/thumb/v7-m/nofp\libc_nano.a(libc_a-exit.o)
                              C:/ST/STM32CubeIDE_1.19.0/STM32CubeIDE/plugins/com.st.stm32cube.ide.mcu.externaltools.gnu-tools-for-stm32.13.3.rel1.win32_1.0.100.202509120712/tools/bin/../lib/gcc/arm-none-eabi/13.3.1/../../../../arm-none-eabi/lib/thumb/v7-m/nofp/crt0.o (exit)
C:/ST/STM32CubeIDE_1.19.0/STM32CubeIDE/plugins/com.st.stm32cube.ide.mcu.externaltools.gnu-tools-for-stm32.13.3.rel1.win32_1.0.100.202509120712/tools/bin/../lib/gcc/arm-none-eabi/13.3.1/../../../../arm-none-eabi/lib/thumb/v7-m/nofp\libc_nano.a(libc_a-findfp.o)
                              ./Middlewares/Third_Party/FreeRTOS/Source/tasks.o (__sf)
C:/ST/STM32CubeIDE_1.19.0/STM32CubeIDE/plugins/com.st.stm32cube.ide.mcu.externaltools.gnu-tools-for-stm32.13.3.rel1.win32_1.0.100.202509120712/tools/bin/../lib/gcc/arm-none-eabi/13.3.1/../../../../arm-none-eabi/lib/thumb/v7-m/nofp\libc_nano.a(libc_a-fwalk.o)
                              C:/ST/STM32CubeIDE_1.19.0/STM32CubeIDE/plugins/com.st.stm32cube.ide.mcu.externaltools.gnu-tools-for-stm32.13.3.rel1.win32_1.0.100.202509120712/tools/bin/../lib/gcc/arm-none-eabi/13.3.1/../../../../arm-none-eabi/lib/thumb/v7-m/nofp\libc_nano.a(libc_a-findfp.o) (_fwalk_sglue)
C:/ST/STM32CubeIDE_1.19.0/STM32CubeIDE/plugins/com.st.stm32cube.ide.mcu.externaltools.gnu-tools-for-stm32.13.3.rel1.win32_1.0.100.202509120712/tools/bin/../lib/gcc/arm-none-eabi/13.3.1/../../../../arm-none-eabi/lib/thumb/v7-m/nofp\libc_nano.a(libc_a-stdio.o)
                              C:/ST/STM32CubeIDE_1.19.0/STM32CubeIDE/plugins/com.st.stm32cube.ide.mcu.externaltools.gnu-tools-for-stm32.13.3.rel1.win32_1.0.100.202509120712/tools/bin/../lib/gcc/arm-none-eabi/13.3.1/../../../../arm-none-eabi/lib/thumb/v7-m/nofp\libc_nano.a(libc_a-findfp.o) (__sread)
C:/ST/STM32CubeIDE_1.19.0/STM32CubeIDE/plugins/com.st.stm32cube.ide.mcu.externaltools.gnu-tools-for-stm32.13.3.rel1.win32_1.0.100.202509120712/tools/bin/../lib/gcc/arm-none-eabi/13.3.1/../../../../arm-none-eabi/lib/thumb/v7-m/nofp\libc_nano.a(libc_a-memset.o)
                              C:/ST/STM32CubeIDE_1.19.0/STM32CubeIDE/plugins/com.st.stm32cube.ide.mcu.externaltools.gnu-tools-for-stm32.13.3.rel1.win32_1.0.100.202509120712/tools/bin/../lib/gcc/arm-none-eabi/13.3.1/../../../../arm-none-eabi/lib/thumb/v7-m/nofp/crt0.o (memset)
C:/ST/STM32CubeIDE_1.19.0/STM32CubeIDE/plugins/com.st.stm32cube.ide.mcu.externaltools.gnu-tools-for-stm32.13.3.rel1.win32_1.0.100.202509120712/tools/bin/../lib/gcc/arm-none-eabi/13.3.1/../../../../arm-none-eabi/lib/thumb/v7-m/nofp\libc_nano.a(libc_a-closer.o)
                              C:/ST/STM32CubeIDE_1.19.0/STM32CubeIDE/plugins/com.st.stm32cube.ide.mcu.externaltools.gnu-tools-for-stm32.13.3.rel1.win32_1.0.100.202509120712/tools/bin/../lib/gcc/arm-none-eabi/13.3.1/../../../../arm-none-eabi/lib/thumb/v7-m/nofp\libc_nano.a(libc_a-stdio.o) (_close_r)
C:/ST/STM32CubeIDE_1.19.0/STM32CubeIDE/plugins/com.st.stm32cube.ide.mcu.externaltools.gnu-tools-for-stm32.13.3.rel1.win32_1.0.100.202509120712/tools/bin/../lib/gcc/arm-none-eabi/13.3.1/../../../../arm-none-eabi/lib/thumb/v7-m/nofp\libc_nano.a(libc_a-reent.o)
                              ./Middlewares/Third_Party/FreeRTOS/Source/tasks.o (_reclaim_reent)
C:/ST/STM32CubeIDE_1.19.0/STM32CubeIDE/plugins/com.st.stm32cube.ide.mcu.externaltools.gnu-tools-for-stm32.13.3.rel1.win32_1.0.100.202509120712/tools/bin/../lib/gcc/arm-none-eabi/13.3.1/../../../../arm-none-eabi/lib/thumb/v7-m/nofp\libc_nano.a(libc_a-impure.o)
                              ./Middlewares/Third_Party/FreeRTOS/Source/tasks.o (_impure_ptr)
C:/ST/STM32CubeIDE_1.19.0/STM32CubeIDE/plugins/com.st.stm32cube.ide.mcu.externaltools.gnu-tools-for-stm32.13.3.rel1.win32_1.0.100.202509120712/tools/bin/../lib/gcc/arm-none-eabi/13.3.1/../../../../arm-none-eabi/lib/thumb/v7-m/nofp\libc_nano.a(libc_a-lseekr.o)
                              C:/ST/STM32CubeIDE_1.19.0/STM32CubeIDE/plugins/com.st.stm32cube.ide.mcu.externaltools.gnu-tools-for-stm32.13.3.rel1.win32_1.0.100.202509120712/tools/bin/../lib/gcc/arm-none-eabi/13.3.1/../../../../arm-none-eabi/lib/thumb/v7-m/nofp\libc_nano.a(libc_a-stdio.o) (_lseek_r)
C:/ST/STM32CubeIDE_1.19.0/STM32CubeIDE/plugins/com.st.stm32cube.ide.mcu.externaltools.gnu-tools-for-stm32.13.3.rel1.win32_1.0.100.202509120712/tools/bin/../lib/gcc/arm-none-eabi/13.3.1/../../../../arm-none-eabi/lib/thumb/v7-m/nofp\libc_nano.a(libc_a-readr.o)
                              C:/ST/STM32CubeIDE_1.19.0/STM32CubeIDE/plugins/com.st.stm32cube.ide.mcu.externaltools.gnu-tools-for-stm32.13.3.rel1.win32_1.0.100.202509120712/tools/bin/../lib/gcc/arm-none-eabi/13.3.1/../../../../arm-none-eabi/lib/thumb/v7-m/nofp\libc_nano.a(libc_a-stdio.o) (_read_r)
[...]
Memory Configuration

Name             Origin             Length             Attributes
RAM              0x20000000         0x0000c000         xrw
FLASH            0x08000000         0x00040000         xr
*default*        0x00000000         0xffffffff

Linker script and memory map

LOAD C:/ST/STM32CubeIDE_1.19.0/STM32CubeIDE/plugins/com.st.stm32cube.ide.mcu.externaltools.gnu-tools-for-stm32.13.3.rel1.win32_1.0.100.202509120712/tools/bin/../lib/gcc/arm-none-eabi/13.3.1/thumb/v7-m/nofp/crti.o
LOAD C:/ST/STM32CubeIDE_1.19.0/STM32CubeIDE/plugins/com.st.stm32cube.ide.mcu.externaltools.gnu-tools-for-stm32.13.3.rel1.win32_1.0.100.202509120712/tools/bin/../lib/gcc/arm-none-eabi/13.3.1/thumb/v7-m/nofp/crtbegin.o
LOAD C:/ST/STM32CubeIDE_1.19.0/STM32CubeIDE/plugins/com.st.stm32cube.ide.mcu.externaltools.gnu-tools-for-stm32.13.3.rel1.win32_1.0.100.202509120712/tools/bin/../lib/gcc/arm-none-eabi/13.3.1/../../../../arm-none-eabi/lib/thumb/v7-m/nofp/crt0.o
LOAD ./Core/Src/BT.o
LOAD ./Core/Src/GPIO.o
LOAD ./Core/Src/PCF85063A.o
LOAD ./Core/Src/W25Qxx.o
LOAD ./Core/Src/flashio.o
LOAD ./Core/Src/freertos.o
LOAD ./Core/Src/function.o
LOAD ./Core/Src/icm20948.o
LOAD ./Core/Src/main.o
LOAD ./Core/Src/stm32f1xx_hal_msp.o
LOAD ./Core/Src/stm32f1xx_hal_timebase_tim.o
LOAD ./Core/Src/stm32f1xx_it.o
LOAD ./Core/Src/syscalls.o
LOAD ./Core/Src/sysmem.o
LOAD ./Core/Src/system_stm32f1xx.o
LOAD ./Core/Src/var.o
LOAD ./Core/Startup/startup_stm32f103rctx.o
LOAD ./Drivers/STM32F1xx_HAL_Driver/Src/stm32f1xx_hal.o
LOAD ./Drivers/STM32F1xx_HAL_Driver/Src/stm32f1xx_hal_adc.o
LOAD ./Drivers/STM32F1xx_HAL_Driver/Src/stm32f1xx_hal_adc_ex.o
LOAD ./Drivers/STM32F1xx_HAL_Driver/Src/stm32f1xx_hal_cortex.o
LOAD ./Drivers/STM32F1xx_HAL_Driver/Src/stm32f1xx_hal_dma.o
LOAD ./Drivers/STM32F1xx_HAL_Driver/Src/stm32f1xx_hal_exti.o
LOAD ./Drivers/STM32F1xx_HAL_Driver/Src/stm32f1xx_hal_flash.o
LOAD ./Drivers/STM32F1xx_HAL_Driver/Src/stm32f1xx_hal_flash_ex.o
LOAD ./Drivers/STM32F1xx_HAL_Driver/Src/stm32f1xx_hal_gpio.o
LOAD ./Drivers/STM32F1xx_HAL_Driver/Src/stm32f1xx_hal_gpio_ex.o
LOAD ./Drivers/STM32F1xx_HAL_Driver/Src/stm32f1xx_hal_i2c.o
LOAD ./Drivers/STM32F1xx_HAL_Driver/Src/stm32f1xx_hal_iwdg.o
LOAD ./Drivers/STM32F1xx_HAL_Driver/Src/stm32f1xx_hal_pwr.o
LOAD ./Drivers/STM32F1xx_HAL_Driver/Src/stm32f1xx_hal_rcc.o
LOAD ./Drivers/STM32F1xx_HAL_Driver/Src/stm32f1xx_hal_rcc_ex.o
LOAD ./Drivers/STM32F1xx_HAL_Driver/Src/stm32f1xx_hal_rtc.o
LOAD ./Drivers/STM32F1xx_HAL_Driver/Src/stm32f1xx_hal_rtc_ex.o
LOAD ./Drivers/STM32F1xx_HAL_Driver/Src/stm32f1xx_hal_spi.o
LOAD ./Drivers/STM32F1xx_HAL_Driver/Src/stm32f1xx_hal_tim.o
LOAD ./Drivers/STM32F1xx_HAL_Driver/Src/stm32f1xx_hal_tim_ex.o
LOAD ./Drivers/STM32F1xx_HAL_Driver/Src/stm32f1xx_hal_uart.o
LOAD ./Middlewares/Third_Party/FreeRTOS/Source/CMSIS_RTOS/cmsis_os.o
LOAD ./Middlewares/Third_Party/FreeRTOS/Source/croutine.o
LOAD ./Middlewares/Third_Party/FreeRTOS/Source/event_groups.o
LOAD ./Middlewares/Third_Party/FreeRTOS/Source/list.o
LOAD ./Middlewares/Third_Party/FreeRTOS/Source/queue.o
LOAD ./Middlewares/Third_Party/FreeRTOS/Source/stream_buffer.o
LOAD ./Middlewares/Third_Party/FreeRTOS/Source/tasks.o
LOAD ./Middlewares/Third_Party/FreeRTOS/Source/timers.o
LOAD ./Middlewares/Third_Party/FreeRTOS/Source/portable/GCC/ARM_CM3/port.o
LOAD ./Middlewares/Third_Party/FreeRTOS/Source/portable/MemMang/heap_4.o
START GROUP
LOAD C:/ST/STM32CubeIDE_1.19.0/STM32CubeIDE/plugins/com.st.stm32cube.ide.mcu.externaltools.gnu-tools-for-stm32.13.3.rel1.win32_1.0.100.202509120712/tools/bin/../lib/gcc/arm-none-eabi/13.3.1/../../../../arm-none-eabi/lib/thumb/v7-m/nofp\libc_nano.a
LOAD C:/ST/STM32CubeIDE_1.19.0/STM32CubeIDE/plugins/com.st.stm32cube.ide.mcu.externaltools.gnu-tools-for-stm32.13.3.rel1.win32_1.0.100.202509120712/tools/bin/../lib/gcc/arm-none-eabi/13.3.1/../../../../arm-none-eabi/lib/thumb/v7-m/nofp\libm.a
END GROUP
START GROUP
LOAD C:/ST/STM32CubeIDE_1.19.0/STM32CubeIDE/plugins/com.st.stm32cube.ide.mcu.externaltools.gnu-tools-for-stm32.13.3.rel1.win32_1.0.100.202509120712/tools/bin/../lib/gcc/arm-none-eabi/13.3.1/thumb/v7-m/nofp\libgcc.a
LOAD C:/ST/STM32CubeIDE_1.19.0/STM32CubeIDE/plugins/com.st.stm32cube.ide.mcu.externaltools.gnu-tools-for-stm32.13.3.rel1.win32_1.0.100.202509120712/tools/bin/../lib/gcc/arm-none-eabi/13.3.1/../../../../arm-none-eabi/lib/thumb/v7-m/nofp\libc_nano.a
END GROUP
START GROUP
LOAD C:/ST/STM32CubeIDE_1.19.0/STM32CubeIDE/plugins/com.st.stm32cube.ide.mcu.externaltools.gnu-tools-for-stm32.13.3.rel1.win32_1.0.100.202509120712/tools/bin/../lib/gcc/arm-none-eabi/13.3.1/thumb/v7-m/nofp\libgcc.a
LOAD C:/ST/STM32CubeIDE_1.19.0/STM32CubeIDE/plugins/com.st.stm32cube.ide.mcu.externaltools.gnu-tools-for-stm32.13.3.rel1.win32_1.0.100.202509120712/tools/bin/../lib/gcc/arm-none-eabi/13.3.1/../../../../arm-none-eabi/lib/thumb/v7-m/nofp\libc_nano.a
LOAD C:/ST/STM32CubeIDE_1.19.0/STM32CubeIDE/plugins/com.st.stm32cube.ide.mcu.externaltools.gnu-tools-for-stm32.13.3.rel1.win32_1.0.100.202509120712/tools/bin/../lib/gcc/arm-none-eabi/13.3.1/../../../../arm-none-eabi/lib/thumb/v7-m/nofp\libnosys.a
END GROUP
START GROUP
LOAD C:/ST/STM32CubeIDE_1.19.0/STM32CubeIDE/plugins/com.st.stm32cube.ide.mcu.externaltools.gnu-tools-for-stm32.13.3.rel1.win32_1.0.100.202509120712/tools/bin/../lib/gcc/arm-none-eabi/13.3.1/thumb/v7-m/nofp\libgcc.a
LOAD C:/ST/STM32CubeIDE_1.19.0/STM32CubeIDE/plugins/com.st.stm32cube.ide.mcu.externaltools.gnu-tools-for-stm32.13.3.rel1.win32_1.0.100.202509120712/tools/bin/../lib/gcc/arm-none-eabi/13.3.1/../../../../arm-none-eabi/lib/thumb/v7-m/nofp\libc_nano.a
LOAD C:/ST/STM32CubeIDE_1.19.0/STM32CubeIDE/plugins/com.st.stm32cube.ide.mcu.externaltools.gnu-tools-for-stm32.13.3.rel1.win32_1.0.100.202509120712/tools/bin/../lib/gcc/arm-none-eabi/13.3.1/../../../../arm-none-eabi/lib/thumb/v7-m/nofp\libnosys.a
END GROUP
LOAD C:/ST/STM32CubeIDE_1.19.0/STM32CubeIDE/plugins/com.st.stm32cube.ide.mcu.externaltools.gnu-tools-for-stm32.13.3.rel1.win32_1.0.100.202509120712/tools/bin/../lib/gcc/arm-none-eabi/13.3.1/thumb/v7-m/nofp/crtend.o
LOAD C:/ST/STM32CubeIDE_1.19.0/STM32CubeIDE/plugins/com.st.stm32cube.ide.mcu.externaltools.gnu-tools-for-stm32.13.3.rel1.win32_1.0.100.202509120712/tools/bin/../lib/gcc/arm-none-eabi/13.3.1/thumb/v7-m/nofp/crtn.o
                0x2000c000                        _estack = (ORIGIN (RAM) + LENGTH (RAM))
                0x00000200                        _Min_Heap_Size = 0x200
                0x00000400                        _Min_Stack_Size = 0x400

.isr_vector     0x08000000      0x1e4
                0x08000000                        . = ALIGN (0x4)
 *(.isr_vector)
 .isr_vector    0x08000000      0x1e4 ./Core/Startup/startup_stm32f103rctx.o
                0x08000000                g_pfnVectors
                0x080001e4                        . = ALIGN (0x4)

.text           0x080001f0     0xdde8
                0x080001f0                        . = ALIGN (0x4)
 *(.text)
 .text          0x080001f0       0x40 C:/ST/STM32CubeIDE_1.19.0/STM32CubeIDE/plugins/com.st.stm32cube.ide.mcu.externaltools.gnu-tools-for-stm32.13.3.rel1.win32_1.0.100.202509120712/tools/bin/../lib/gcc/arm-none-eabi/13.3.1/thumb/v7-m/nofp/crtbegin.o
 .text          0x08000230      0x378 C:/ST/STM32CubeIDE_1.19.0/STM32CubeIDE/plugins/com.st.stm32cube.ide.mcu.externaltools.gnu-tools-for-stm32.13.3.rel1.win32_1.0.100.202509120712/tools/bin/../lib/gcc/arm-none-eabi/13.3.1/thumb/v7-m/nofp\libgcc.a(_arm_addsubdf3.o)
                0x08000230                __aeabi_drsub
                0x08000238                __aeabi_dsub
                0x08000238                __subdf3
                0x0800023c                __aeabi_dadd
                0x0800023c                __adddf3
                0x080004b4                __floatunsidf
                0x080004b4                __aeabi_ui2d
                0x080004d4                __floatsidf
                0x080004d4                __aeabi_i2d
                0x080004f8                __aeabi_f2d
                0x080004f8                __extendsfdf2
                0x0800053c                __floatundidf
                0x0800053c                __aeabi_ul2d
                0x0800054c                __floatdidf
                0x0800054c                __aeabi_l2d
 .text          0x080005a8      0x424 C:/ST/STM32CubeIDE_1.19.0/STM32CubeIDE/plugins/com.st.stm32cube.ide.mcu.externaltools.gnu-tools-for-stm32.13.3.rel1.win32_1.0.100.202509120712/tools/bin/../lib/gcc/arm-none-eabi/13.3.1/thumb/v7-m/nofp\libgcc.a(_arm_muldivdf3.o)
                0x080005a8                __aeabi_dmul
                0x080005a8                __muldf3
                0x080007fc                __divdf3
                0x080007fc                __aeabi_ddiv
 .text          0x080009cc      0x110 C:/ST/STM32CubeIDE_1.19.0/STM32CubeIDE/plugins/com.st.stm32cube.ide.mcu.externaltools.gnu-tools-for-stm32.13.3.rel1.win32_1.0.100.202509120712/tools/bin/../lib/gcc/arm-none-eabi/13.3.1/thumb/v7-m/nofp\libgcc.a(_arm_cmpdf2.o)
                0x080009cc                __gtdf2
                0x080009cc                __gedf2
                0x080009d4                __ltdf2
                0x080009d4                __ledf2
                0x080009dc                __nedf2
                0x080009dc                __eqdf2
                0x080009dc                __cmpdf2
                0x08000a58                __aeabi_cdrcmple
                0x08000a68                __aeabi_cdcmpeq
                0x08000a68                __aeabi_cdcmple
                0x08000a78                __aeabi_dcmpeq
                0x08000a8c                __aeabi_dcmplt
                0x08000aa0                __aeabi_dcmple
                0x08000ab4                __aeabi_dcmpge
                0x08000ac8                __aeabi_dcmpgt
 .text          0x08000adc       0x2c C:/ST/STM32CubeIDE_1.19.0/STM32CubeIDE/plugins/com.st.stm32cube.ide.mcu.externaltools.gnu-tools-for-stm32.13.3.rel1.win32_1.0.100.202509120712/tools/bin/../lib/gcc/arm-none-eabi/13.3.1/thumb/v7-m/nofp\libgcc.a(_arm_unorddf2.o)
                0x08000adc                __unorddf2
                0x08000adc                __aeabi_dcmpun
 .text          0x08000b08       0x50 C:/ST/STM32CubeIDE_1.19.0/STM32CubeIDE/plugins/com.st.stm32cube.ide.mcu.externaltools.gnu-tools-for-stm32.13.3.rel1.win32_1.0.100.202509120712/tools/bin/../lib/gcc/arm-none-eabi/13.3.1/thumb/v7-m/nofp\libgcc.a(_arm_fixdfsi.o)
                0x08000b08                __aeabi_d2iz
                0x08000b08                __fixdfsi
 .text          0x08000b58       0xa0 C:/ST/STM32CubeIDE_1.19.0/STM32CubeIDE/plugins/com.st.stm32cube.ide.mcu.externaltools.gnu-tools-for-stm32.13.3.rel1.win32_1.0.100.202509120712/tools/bin/../lib/gcc/arm-none-eabi/13.3.1/thumb/v7-m/nofp\libgcc.a(_arm_truncdfsf2.o)
                0x08000b58                __truncdfsf2
                0x08000b58                __aeabi_d2f
 .text          0x08000bf8      0x21c C:/ST/STM32CubeIDE_1.19.0/STM32CubeIDE/plugins/com.st.stm32cube.ide.mcu.externaltools.gnu-tools-for-stm32.13.3.rel1.win32_1.0.100.202509120712/tools/bin/../lib/gcc/arm-none-eabi/13.3.1/thumb/v7-m/nofp\libgcc.a(_arm_addsubsf3.o)
                0x08000bf8                __aeabi_frsub
                0x08000c00                __subsf3
                0x08000c00                __aeabi_fsub
                0x08000c04                __aeabi_fadd
                0x08000c04                __addsf3
                0x08000d64                __aeabi_ui2f
                0x08000d64                __floatunsisf
                0x08000d6c                __aeabi_i2f
                0x08000d6c                __floatsisf
                0x08000d88                __aeabi_ul2f
                0x08000d88                __floatundisf
                0x08000d98                __aeabi_l2f
                0x08000d98                __floatdisf
 .text          0x08000e14      0x2a0 C:/ST/STM32CubeIDE_1.19.0/STM32CubeIDE/plugins/com.st.stm32cube.ide.mcu.externaltools.gnu-tools-for-stm32.13.3.rel1.win32_1.0.100.202509120712/tools/bin/../lib/gcc/arm-none-eabi/13.3.1/thumb/v7-m/nofp\libgcc.a(_arm_muldivsf3.o)
                0x08000e14                __mulsf3
                0x08000e14                __aeabi_fmul
                0x08000f7c                __aeabi_fdiv
                0x08000f7c                __divsf3
 .text          0x080010b4       0xec C:/ST/STM32CubeIDE_1.19.0/STM32CubeIDE/plugins/com.st.stm32cube.ide.mcu.externaltools.gnu-tools-for-stm32.13.3.rel1.win32_1.0.100.202509120712/tools/bin/../lib/gcc/arm-none-eabi/13.3.1/thumb/v7-m/nofp\libgcc.a(_arm_cmpsf2.o)
                0x080010b4                __gesf2
                0x080010b4                __gtsf2
                0x080010bc                __lesf2
                0x080010bc                __ltsf2
                0x080010c4                __nesf2
                0x080010c4                __eqsf2
                0x080010c4                __cmpsf2
                0x08001124                __aeabi_cfrcmple
                0x0800112c                __aeabi_cfcmpeq
                0x0800112c                __aeabi_cfcmple
                0x0800113c                __aeabi_fcmpeq
                0x08001150                __aeabi_fcmplt
                0x08001164                __aeabi_fcmple
                0x08001178                __aeabi_fcmpge
                0x0800118c                __aeabi_fcmpgt
 .text          0x080011a0       0x4c C:/ST/STM32CubeIDE_1.19.0/STM32CubeIDE/plugins/com.st.stm32cube.ide.mcu.externaltools.gnu-tools-for-stm32.13.3.rel1.win32_1.0.100.202509120712/tools/bin/../lib/gcc/arm-none-eabi/13.3.1/thumb/v7-m/nofp\libgcc.a(_arm_fixsfsi.o)
                0x080011a0                __aeabi_f2iz
                0x080011a0                __fixsfsi
 *(.text*)
 .text.HAL_UART_TxCpltCallback
                0x080011ec       0x1c ./Core/Src/BT.o
                0x080011ec                HAL_UART_TxCpltCallback
 .text.sendString
                0x08001208       0x38 ./Core/Src/BT.o
                0x08001208                sendString
 .text.send8bit
                0x08001240       0x26 ./Core/Src/BT.o
                0x08001240                send8bit
 .text.sendPosture
                0x08001266       0x2c ./Core/Src/BT.o
                0x08001266                sendPosture
 .text.send32bit
                0x08001292       0x44 ./Core/Src/BT.o
                0x08001292                send32bit
 *fill*         0x080012d6        0x2 
 .text.btReceiveReset
                0x080012d8       0x34 ./Core/Src/BT.o
                0x080012d8                btReceiveReset
 .text.btFuncCheck
                0x0800130c       0x40 ./Core/Src/BT.o
                0x0800130c                btFuncCheck
 .text.btFuncInit
                0x0800134c       0x20 ./Core/Src/BT.o
                0x0800134c                btFuncInit
 .text.sendMergedData
                0x0800136c       0x3a ./Core/Src/BT.o
                0x0800136c                sendMergedData
 *fill*         0x080013a6        0x2 
 .text.sendMerged32byteData
                0x080013a8       0xa4 ./Core/Src/BT.o
                0x080013a8                sendMerged32byteData
 .text.send12Floats
                0x0800144c       0x42 ./Core/Src/BT.o
                0x0800144c                send12Floats
 .text.caldata  0x0800148e       0x40 ./Core/Src/BT.o
                0x0800148e                caldata
 *fill*         0x080014ce        0x2 
 .text.Powerswitch
                0x080014d0       0x74 ./Core/Src/GPIO.o
                0x080014d0                Powerswitch
 .text.Battery_level
                0x08001544       0xb4 ./Core/Src/GPIO.o
                0x08001544                Battery_level
 .text.BAT_CHAR_STATUS
                0x080015f8       0x2c ./Core/Src/GPIO.o
                0x080015f8                BAT_CHAR_STATUS
 .text.FAN1_ON  0x08001624       0x18 ./Core/Src/GPIO.o
                0x08001624                FAN1_ON
 .text.FAN1_OFF
                0x0800163c       0x18 ./Core/Src/GPIO.o
                0x0800163c                FAN1_OFF
 .text.FAN2_ON  0x08001654       0x18 ./Core/Src/GPIO.o
                0x08001654                FAN2_ON
 .text.FAN2_OFF
                0x0800166c       0x18 ./Core/Src/GPIO.o
                0x0800166c                FAN2_OFF
 .text.redled   0x08001684       0x18 ./Core/Src/GPIO.o
                0x08001684                redled
 .text.greenled
                0x0800169c       0x18 ./Core/Src/GPIO.o
                0x0800169c                greenled
 .text.redledoff
                0x080016b4       0x18 ./Core/Src/GPIO.o
                0x080016b4                redledoff
 .text.greenledoff
                0x080016cc       0x18 ./Core/Src/GPIO.o
                0x080016cc                greenledoff
 .text.N20_1_CW
                0x080016e4       0x24 ./Core/Src/GPIO.o
                0x080016e4                N20_1_CW
 .text.N20_1_ACW
                0x08001708       0x24 ./Core/Src/GPIO.o
                0x08001708                N20_1_ACW
 .text.N20_1_OFF
                0x0800172c       0x24 ./Core/Src/GPIO.o
                0x0800172c                N20_1_OFF
 .text.N20_2_CW
                0x08001750       0x24 ./Core/Src/GPIO.o
                0x08001750                N20_2_CW
 .text.N20_2_ACW
                0x08001774       0x24 ./Core/Src/GPIO.o
                0x08001774                N20_2_ACW
 .text.N20_2_OFF
                0x08001798       0x24 ./Core/Src/GPIO.o
                0x08001798                N20_2_OFF
 .text.N20_1_WKUP
                0x080017bc       0x18 ./Core/Src/GPIO.o
                0x080017bc                N20_1_WKUP
 .text.N20_1_SLEEP
                0x080017d4       0x18 ./Core/Src/GPIO.o
                0x080017d4                N20_1_SLEEP
 .text.N20_2_WKUP
                0x080017ec       0x18 ./Core/Src/GPIO.o
                0x080017ec                N20_2_WKUP
 .text.N20_2_SLEEP
                0x08001804       0x18 ./Core/Src/GPIO.o
                0x08001804                N20_2_SLEEP
 .text.BUZZER_ON
                0x0800181c       0x4c ./Core/Src/GPIO.o
                0x0800181c                BUZZER_ON
 .text.BUZZER_OFF
                0x08001868       0x18 ./Core/Src/GPIO.o
                0x08001868                BUZZER_OFF
 .text.DecimalToBCD
                0x08001880       0x48 ./Core/Src/PCF85063A.o
 .text.BCDToDecimal
                0x080018c8       0x30 ./Core/Src/PCF85063A.o
 .text.PCF85063A_WriteRegisters
                0x080018f8       0x82 ./Core/Src/PCF85063A.o
                0x080018f8                PCF85063A_WriteRegisters
 .text.PCF85063A_ReadRegisters
                0x0800197a       0x54 ./Core/Src/PCF85063A.o
                0x0800197a                PCF85063A_ReadRegisters
 *fill*         0x080019ce        0x2 
 .text.PCF85063A_SetTime
                0x080019d0       0xbc ./Core/Src/PCF85063A.o
                0x080019d0                PCF85063A_SetTime
 .text.PCF85063A_GetTime
                0x08001a8c       0xcc ./Core/Src/PCF85063A.o
                0x08001a8c                PCF85063A_GetTime
 .text.IsLeapYear
                0x08001b58       0x64 ./Core/Src/PCF85063A.o
 .text.DaysInMonth
                0x08001bbc       0x88 ./Core/Src/PCF85063A.o
 .text.UnixToCalendar
                0x08001c44      0x15c ./Core/Src/PCF85063A.o
 .text.PCF85063A_SetUnixTime
                0x08001da0       0x2c ./Core/Src/PCF85063A.o
                0x08001da0                PCF85063A_SetUnixTime
 .text.CalendarToUnix
                0x08001dcc       0xdc ./Core/Src/PCF85063A.o
 .text.PCF85063A_GetUnixTime
                0x08001ea8       0x3e ./Core/Src/PCF85063A.o
                0x08001ea8                PCF85063A_GetUnixTime
 .text.W25Q_Delay
                0x08001ee6       0x16 ./Core/Src/W25Qxx.o
                0x08001ee6                W25Q_Delay
 .text.csLOW    0x08001efc       0x18 ./Core/Src/W25Qxx.o
                0x08001efc                csLOW
 .text.csHIGH   0x08001f14       0x18 ./Core/Src/W25Qxx.o
                0x08001f14                csHIGH
 .text.SPI_Write
                0x08001f2c       0x2c ./Core/Src/W25Qxx.o
                0x08001f2c                SPI_Write
 .text.SPI_Read
                0x08001f58       0x2c ./Core/Src/W25Qxx.o
                0x08001f58                SPI_Read
 .text.W25Q_Reset
                0x08001f84       0x2e ./Core/Src/W25Qxx.o
                0x08001f84                W25Q_Reset
 .text.W25Q_ReadID
                0x08001fb2       0x3c ./Core/Src/W25Qxx.o
                0x08001fb2                W25Q_ReadID
 *fill*         0x08001fee        0x2 
 .text.W25Q_GetFlashSize
                0x08001ff0       0x8c ./Core/Src/W25Qxx.o
                0x08001ff0                W25Q_GetFlashSize
 .text.write_enable
                0x0800207c       0x2a ./Core/Src/W25Qxx.o
                0x0800207c                write_enable
 .text.write_disable
                0x080020a6       0x2a ./Core/Src/W25Qxx.o
                0x080020a6                write_disable
 .text.W25Q_Erase_Sector
                0x080020d0       0x56 ./Core/Src/W25Qxx.o
                0x080020d0                W25Q_Erase_Sector
 .text.W25Q_Read_Byte
                0x08002126       0x4c ./Core/Src/W25Qxx.o
                0x08002126                W25Q_Read_Byte
 .text.W25Q_Write_Byte
                0x08002172       0x5a ./Core/Src/W25Qxx.o
                0x08002172                W25Q_Write_Byte
 .text.Read_int16_flash
                0x080021cc       0x3a ./Core/Src/flashio.o
                0x080021cc                Read_int16_flash
 .text.write_int16_flash
                0x08002206       0x5a ./Core/Src/flashio.o
                0x08002206                write_int16_flash
 .text.Read_uint32_flash
                0x08002260       0x64 ./Core/Src/flashio.o
                0x08002260                Read_uint32_flash
 .text.write_uint32_flash
                0x080022c4       0x64 ./Core/Src/flashio.o
                0x080022c4                write_uint32_flash
 .text.ReadSetting
                0x08002328      0x264 ./Core/Src/flashio.o
                0x08002328                ReadSetting
 .text.writeSetting
                0x0800258c      0x17c ./Core/Src/flashio.o
                0x0800258c                writeSetting
 .text.Read4stage_data
                0x08002708       0x30 ./Core/Src/flashio.o
                0x08002708                Read4stage_data
 .text.Readmanualcount
                0x08002738       0x80 ./Core/Src/flashio.o
                0x08002738                Readmanualcount
 .text.manualcountwrite
                0x080027b8       0x94 ./Core/Src/flashio.o
                0x080027b8                manualcountwrite
 .text.rstcountRead
                0x0800284c       0x1c ./Core/Src/flashio.o
                0x0800284c                rstcountRead
 .text.Write4stage_data
                0x08002868       0x38 ./Core/Src/flashio.o
                0x08002868                Write4stage_data
 .text.dataWrite
                0x080028a0       0x5c ./Core/Src/flashio.o
                0x080028a0                dataWrite
 .text.EraseAllSector
                0x080028fc       0x50 ./Core/Src/flashio.o
                0x080028fc                EraseAllSector
 .text.vApplicationGetIdleTaskMemory
                0x0800294c       0x30 ./Core/Src/freertos.o
                0x0800294c                vApplicationGetIdleTaskMemory
 .text.__NVIC_SystemReset
                0x0800297c       0x2c ./Core/Src/function.o
 .text.leftsensor
                0x080029a8      0x244 ./Core/Src/function.o
                0x080029a8                leftsensor
 *fill*         0x08002bec        0x4 
 .text.rightsensor
                0x08002bf0      0x244 ./Core/Src/function.o
                0x08002bf0                rightsensor
 .text.Callibration_value
                0x08002e34      0x140 ./Core/Src/function.o
                0x08002e34                Callibration_value
 *fill*         0x08002f74        0x4 
 .text.checkPosture
                0x08002f78      0x38c ./Core/Src/function.o
                0x08002f78                checkPosture
 .text.commandFunc
                0x08003304      0xd10 ./Core/Src/function.o
                0x08003304                commandFunc
 *fill*         0x08004014        0x4 
 .text.HealthStatus
                0x08004018       0xa4 ./Core/Src/function.o
                0x08004018                HealthStatus
 .text.ManualMode
                0x080040bc      0x140 ./Core/Src/function.o
                0x080040bc                ManualMode
 .text.Define_Mode
                0x080041fc       0x68 ./Core/Src/function.o
                0x080041fc                Define_Mode
 .text.automaticMode
                0x08004264       0x4c ./Core/Src/function.o
                0x08004264                automaticMode
 .text.CheckStatus
                0x080042b0       0xf0 ./Core/Src/function.o
                0x080042b0                CheckStatus
 .text.handlePostureChange
                0x080043a0       0xb0 ./Core/Src/function.o
                0x080043a0                handlePostureChange
 .text.BUttonSOS
                0x08004450       0x58 ./Core/Src/function.o
                0x08004450                BUttonSOS
 .text.updatepostureflags
                0x080044a8       0xbc ./Core/Src/function.o
                0x080044a8                updatepostureflags
 .text.standposture
                0x08004564      0x124 ./Core/Src/function.o
                0x08004564                standposture
 .text.sitposture
                0x08004688      0x12c ./Core/Src/function.o
                0x08004688                sitposture
 .text.walkposture
                0x080047b4       0xfc ./Core/Src/function.o
                0x080047b4                walkposture
 .text.reinflation
                0x080048b0       0xa8 ./Core/Src/function.o
                0x080048b0                reinflation
 .text.updatetime
                0x08004958       0x68 ./Core/Src/function.o
                0x08004958                updatetime
 .text.Error    0x080049c0       0x10 ./Core/Src/function.o
                0x080049c0                Error
 .text._30sec_test
                0x080049d0       0x20 ./Core/Src/function.o
                0x080049d0                _30sec_test
 .text._5timessittostand_test
                0x080049f0       0x20 ./Core/Src/function.o
                0x080049f0                _5timessittostand_test
 .text.TUG_Test
                0x08004a10       0x20 ./Core/Src/function.o
                0x08004a10                TUG_Test
 .text._4Stage_test
                0x08004a30      0x200 ./Core/Src/function.o
                0x08004a30                _4Stage_test
 .text.balancetest
                0x08004c30       0xac ./Core/Src/function.o
                0x08004c30                balancetest
 .text.sendLivedata
                0x08004cdc      0x280 ./Core/Src/function.o
                0x08004cdc                sendLivedata
 .text.cal_data
                0x08004f5c       0x98 ./Core/Src/function.o
                0x08004f5c                cal_data
 .text.readmemory
                0x08004ff4       0xb4 ./Core/Src/function.o
                0x08004ff4                readmemory
 .text.ICM20948_WriteRegister
                0x080050a8       0x42 ./Core/Src/icm20948.o
                0x080050a8                ICM20948_WriteRegister
 .text.SelectBank
                0x080050ea       0x2a ./Core/Src/icm20948.o
                0x080050ea                SelectBank
 .text.ICM20948_Read_Accel
                0x08005114       0xfc ./Core/Src/icm20948.o
                0x08005114                ICM20948_Read_Accel
 .text.ICM20948_Read_Gyro
                0x08005210      0x100 ./Core/Src/icm20948.o
                0x08005210                ICM20948_Read_Gyro
 .text.valvevalue
                0x08005310      0x124 ./Core/Src/main.o
                0x08005310                valvevalue
 .text.Reset_valvevalue
                0x08005434       0x30 ./Core/Src/main.o
                0x08005434                Reset_valvevalue
 .text.OpenValve
                0x08005464      0x168 ./Core/Src/main.o
                0x08005464                OpenValve
 .text.CloseValve
                0x080055cc      0x170 ./Core/Src/main.o
                0x080055cc                CloseValve
 .text.INFLATION
                0x0800573c       0x74 ./Core/Src/main.o
                0x0800573c                INFLATION
 .text.DEFLATION
                0x080057b0        0xe ./Core/Src/main.o
                0x080057b0                DEFLATION
 .text.HARDWRAE_ERROR
                0x080057be        0xc ./Core/Src/main.o
                0x080057be                HARDWRAE_ERROR
 *fill*         0x080057ca        0x2 
 .text.main     0x080057cc       0xd4 ./Core/Src/main.o
                0x080057cc                main
 .text.SystemClock_Config
                0x080058a0       0xc4 ./Core/Src/main.o
                0x080058a0                SystemClock_Config
 .text.MX_ADC1_Init
                0x08005964       0xf0 ./Core/Src/main.o
 .text.MX_I2C1_Init
                0x08005a54       0x5c ./Core/Src/main.o
 .text.MX_I2C2_Init
                0x08005ab0       0x70 ./Core/Src/main.o
 .text.MX_RTC_Init
                0x08005b20       0x38 ./Core/Src/main.o
 .text.MX_SPI1_Init
                0x08005b58       0x80 ./Core/Src/main.o
 .text.MX_USART1_UART_Init
                0x08005bd8       0x60 ./Core/Src/main.o
 .text.MX_DMA_Init
                0x08005c38       0x3c ./Core/Src/main.o
 .text.MX_GPIO_Init
                0x08005c74      0x194 ./Core/Src/main.o
 .text.DWT_Delay_Init
                0x08005e08       0x34 ./Core/Src/main.o
                0x08005e08                DWT_Delay_Init
 .text.delay_us
                0x08005e3c       0x48 ./Core/Src/main.o
                0x08005e3c                delay_us
 .text.HAL_GPIO_EXTI_Callback
                0x08005e84       0x24 ./Core/Src/main.o
                0x08005e84                HAL_GPIO_EXTI_Callback
 .text.StartDefaultTask
                0x08005ea8      0x118 ./Core/Src/main.o
                0x08005ea8                StartDefaultTask
 .text.Start_IMU_TASK
                0x08005fc0       0x58 ./Core/Src/main.o
                0x08005fc0                Start_IMU_TASK
 .text.Start_BT_Task
                0x08006018       0x58 ./Core/Src/main.o
                0x08006018                Start_BT_Task
 .text.HAL_TIM_PeriodElapsedCallback
                0x08006070       0x54 ./Core/Src/main.o
                0x08006070                HAL_TIM_PeriodElapsedCallback
 .text.Error_Handler
                0x080060c4        0xc ./Core/Src/main.o
                0x080060c4                Error_Handler
 .text.HAL_MspInit
                0x080060d0       0x70 ./Core/Src/stm32f1xx_hal_msp.o
                0x080060d0                HAL_MspInit
 .text.HAL_ADC_MspInit
                0x08006140      0x100 ./Core/Src/stm32f1xx_hal_msp.o
                0x08006140                HAL_ADC_MspInit
 .text.HAL_I2C_MspInit
                0x08006240       0xd8 ./Core/Src/stm32f1xx_hal_msp.o
                0x08006240                HAL_I2C_MspInit
 .text.HAL_RTC_MspInit
                0x08006318       0x48 ./Core/Src/stm32f1xx_hal_msp.o
                0x08006318                HAL_RTC_MspInit
 .text.HAL_SPI_MspInit
                0x08006360       0x94 ./Core/Src/stm32f1xx_hal_msp.o
                0x08006360                HAL_SPI_MspInit
 .text.HAL_UART_MspInit
                0x080063f4       0xa8 ./Core/Src/stm32f1xx_hal_msp.o
                0x080063f4                HAL_UART_MspInit
 .text.HAL_InitTick
                0x0800649c       0xe4 ./Core/Src/stm32f1xx_hal_timebase_tim.o
                0x0800649c                HAL_InitTick
 .text.NMI_Handler
                0x08006580        0x8 ./Core/Src/stm32f1xx_it.o
                0x08006580                NMI_Handler
 .text.HardFault_Handler
                0x08006588        0x8 ./Core/Src/stm32f1xx_it.o
                0x08006588                HardFault_Handler
 .text.MemManage_Handler
                0x08006590        0x8 ./Core/Src/stm32f1xx_it.o
                0x08006590                MemManage_Handler
 .text.BusFault_Handler
                0x08006598        0x8 ./Core/Src/stm32f1xx_it.o
                0x08006598                BusFault_Handler
 .text.UsageFault_Handler
                0x080065a0        0x8 ./Core/Src/stm32f1xx_it.o
                0x080065a0                UsageFault_Handler
 .text.DebugMon_Handler
                0x080065a8        0xc ./Core/Src/stm32f1xx_it.o
                0x080065a8                DebugMon_Handler
 .text.EXTI0_IRQHandler
                0x080065b4        0xe ./Core/Src/stm32f1xx_it.o
                0x080065b4                EXTI0_IRQHandler
 *fill*         0x080065c2        0x2 
 .text.DMA1_Channel1_IRQHandler
                0x080065c4       0x14 ./Core/Src/stm32f1xx_it.o
                0x080065c4                DMA1_Channel1_IRQHandler
 .text.TIM1_UP_IRQHandler
                0x080065d8       0x14 ./Core/Src/stm32f1xx_it.o
                0x080065d8                TIM1_UP_IRQHandler
 .text.USART1_IRQHandler
                0x080065ec       0x14 ./Core/Src/stm32f1xx_it.o
                0x080065ec                USART1_IRQHandler
 .text.SystemInit
                0x08006600        0xc ./Core/Src/system_stm32f1xx.o
                0x08006600                SystemInit
 .text.Reset_Handler
                0x0800660c       0x48 ./Core/Startup/startup_stm32f103rctx.o
                0x0800660c                Reset_Handler
 .text.Default_Handler
                0x08006654        0x2 ./Core/Startup/startup_stm32f103rctx.o
                0x08006654                RTC_Alarm_IRQHandler
                0x08006654                EXTI2_IRQHandler
                0x08006654                TIM8_TRG_COM_IRQHandler
                0x08006654                TIM8_CC_IRQHandler
                0x08006654                TIM1_CC_IRQHandler
                0x08006654                TIM6_IRQHandler
                0x08006654                PVD_IRQHandler
                0x08006654                SDIO_IRQHandler
                0x08006654                EXTI3_IRQHandler
                0x08006654                I2C2_EV_IRQHandler
                0x08006654                ADC1_2_IRQHandler
                0x08006654                SPI1_IRQHandler
                0x08006654                TAMPER_IRQHandler
                0x08006654                TIM8_UP_IRQHandler
                0x08006654                DMA2_Channel2_IRQHandler
                0x08006654                DMA1_Channel4_IRQHandler
                0x08006654                USART3_IRQHandler
                0x08006654                RTC_IRQHandler
                0x08006654                DMA1_Channel7_IRQHandler
                0x08006654                CAN1_RX1_IRQHandler
                0x08006654                UART5_IRQHandler
                0x08006654                ADC3_IRQHandler
                0x08006654                TIM4_IRQHandler
                0x08006654                DMA2_Channel1_IRQHandler
                0x08006654                I2C1_EV_IRQHandler
                0x08006654                DMA1_Channel6_IRQHandler
                0x08006654                UART4_IRQHandler
                0x08006654                TIM3_IRQHandler
                0x08006654                RCC_IRQHandler
                0x08006654                TIM1_TRG_COM_IRQHandler
                0x08006654                Default_Handler
                0x08006654                EXTI15_10_IRQHandler
                0x08006654                TIM7_IRQHandler
                0x08006654                TIM5_IRQHandler
                0x08006654                EXTI9_5_IRQHandler
                0x08006654                SPI2_IRQHandler
                0x08006654                DMA1_Channel5_IRQHandler
                0x08006654                EXTI4_IRQHandler
                0x08006654                USB_LP_CAN1_RX0_IRQHandler
                0x08006654                USB_HP_CAN1_TX_IRQHandler
                0x08006654                DMA1_Channel3_IRQHandler
                0x08006654                FSMC_IRQHandler
                0x08006654                WWDG_IRQHandler
                0x08006654                TIM2_IRQHandler
                0x08006654                TIM1_BRK_IRQHandler
                0x08006654                EXTI1_IRQHandler
                0x08006654                DMA2_Channel4_5_IRQHandler
                0x08006654                USART2_IRQHandler
                0x08006654                I2C2_ER_IRQHandler
                0x08006654                DMA1_Channel2_IRQHandler
                0x08006654                TIM8_BRK_IRQHandler
                0x08006654                CAN1_SCE_IRQHandler
                0x08006654                FLASH_IRQHandler
                0x08006654                SPI3_IRQHandler
                0x08006654                I2C1_ER_IRQHandler
                0x08006654                USBWakeUp_IRQHandler
                0x08006654                DMA2_Channel3_IRQHandler
 *fill*         0x08006656        0x2 
 .text.HAL_Init
                0x08006658       0x2c ./Drivers/STM32F1xx_HAL_Driver/Src/stm32f1xx_hal.o
                0x08006658                HAL_Init
 .text.HAL_IncTick
                0x08006684       0x24 ./Drivers/STM32F1xx_HAL_Driver/Src/stm32f1xx_hal.o
                0x08006684                HAL_IncTick
 .text.HAL_GetTick
                0x080066a8       0x14 ./Drivers/STM32F1xx_HAL_Driver/Src/stm32f1xx_hal.o
                0x080066a8                HAL_GetTick
 .text.HAL_Delay
                0x080066bc       0x48 ./Drivers/STM32F1xx_HAL_Driver/Src/stm32f1xx_hal.o
                0x080066bc                HAL_Delay
 .text.HAL_ADC_Init
                0x08006704      0x1d4 ./Drivers/STM32F1xx_HAL_Driver/Src/stm32f1xx_hal_adc.o
                0x08006704                HAL_ADC_Init
 .text.HAL_ADC_Start_DMA
                0x080068d8      0x1bc ./Drivers/STM32F1xx_HAL_Driver/Src/stm32f1xx_hal_adc.o
                0x080068d8                HAL_ADC_Start_DMA
 .text.HAL_ADC_ConvCpltCallback
                0x08006a94       0x12 ./Drivers/STM32F1xx_HAL_Driver/Src/stm32f1xx_hal_adc.o
                0x08006a94                HAL_ADC_ConvCpltCallback
 .text.HAL_ADC_ConvHalfCpltCallback
                0x08006aa6       0x12 ./Drivers/STM32F1xx_HAL_Driver/Src/stm32f1xx_hal_adc.o
                0x08006aa6                HAL_ADC_ConvHalfCpltCallback
 .text.HAL_ADC_ErrorCallback
                0x08006ab8       0x12 ./Drivers/STM32F1xx_HAL_Driver/Src/stm32f1xx_hal_adc.o
                0x08006ab8                HAL_ADC_ErrorCallback
 *fill*         0x08006aca        0x2 
 .text.HAL_ADC_ConfigChannel
                0x08006acc      0x1f0 ./Drivers/STM32F1xx_HAL_Driver/Src/stm32f1xx_hal_adc.o
                0x08006acc                HAL_ADC_ConfigChannel
 .text.ADC_Enable
                0x08006cbc       0xb4 ./Drivers/STM32F1xx_HAL_Driver/Src/stm32f1xx_hal_adc.o
                0x08006cbc                ADC_Enable
 .text.ADC_ConversionStop_Disable
                0x08006d70       0x82 ./Drivers/STM32F1xx_HAL_Driver/Src/stm32f1xx_hal_adc.o
                0x08006d70                ADC_ConversionStop_Disable
 .text.ADC_DMAConvCplt
                0x08006df2       0x7c ./Drivers/STM32F1xx_HAL_Driver/Src/stm32f1xx_hal_adc.o
                0x08006df2                ADC_DMAConvCplt
 .text.ADC_DMAHalfConvCplt
                0x08006e6e       0x1c ./Drivers/STM32F1xx_HAL_Driver/Src/stm32f1xx_hal_adc.o
                0x08006e6e                ADC_DMAHalfConvCplt
 .text.ADC_DMAError
                0x08006e8a       0x34 ./Drivers/STM32F1xx_HAL_Driver/Src/stm32f1xx_hal_adc.o
                0x08006e8a                ADC_DMAError
 *fill*         0x08006ebe        0x2 
 .text.__NVIC_SetPriorityGrouping
                0x08006ec0       0x48 ./Drivers/STM32F1xx_HAL_Driver/Src/stm32f1xx_hal_cortex.o
 .text.__NVIC_GetPriorityGrouping
                0x08006f08       0x1c ./Drivers/STM32F1xx_HAL_Driver/Src/stm32f1xx_hal_cortex.o
 .text.__NVIC_EnableIRQ
                0x08006f24       0x38 ./Drivers/STM32F1xx_HAL_Driver/Src/stm32f1xx_hal_cortex.o
 .text.__NVIC_SetPriority
                0x08006f5c       0x54 ./Drivers/STM32F1xx_HAL_Driver/Src/stm32f1xx_hal_cortex.o
 .text.NVIC_EncodePriority
                0x08006fb0       0x64 ./Drivers/STM32F1xx_HAL_Driver/Src/stm32f1xx_hal_cortex.o
 .text.HAL_NVIC_SetPriorityGrouping
                0x08007014       0x16 ./Drivers/STM32F1xx_HAL_Driver/Src/stm32f1xx_hal_cortex.o
                0x08007014                HAL_NVIC_SetPriorityGrouping
 .text.HAL_NVIC_SetPriority
                0x0800702a       0x38 ./Drivers/STM32F1xx_HAL_Driver/Src/stm32f1xx_hal_cortex.o
                0x0800702a                HAL_NVIC_SetPriority
 .text.HAL_NVIC_EnableIRQ
                0x08007062       0x1c ./Drivers/STM32F1xx_HAL_Driver/Src/stm32f1xx_hal_cortex.o
                0x08007062                HAL_NVIC_EnableIRQ
 *fill*         0x0800707e        0x2 
 .text.HAL_DMA_Init
                0x08007080       0xec ./Drivers/STM32F1xx_HAL_Driver/Src/stm32f1xx_hal_dma.o
                0x08007080                HAL_DMA_Init
 .text.HAL_DMA_Start_IT
                0x0800716c       0xc0 ./Drivers/STM32F1xx_HAL_Driver/Src/stm32f1xx_hal_dma.o
                0x0800716c                HAL_DMA_Start_IT
 .text.HAL_DMA_Abort
                0x0800722c       0x76 ./Drivers/STM32F1xx_HAL_Driver/Src/stm32f1xx_hal_dma.o
                0x0800722c                HAL_DMA_Abort
 *fill*         0x080072a2        0x2 
 .text.HAL_DMA_Abort_IT
                0x080072a4      0x210 ./Drivers/STM32F1xx_HAL_Driver/Src/stm32f1xx_hal_dma.o
                0x080072a4                HAL_DMA_Abort_IT
 .text.HAL_DMA_IRQHandler
                0x080074b4      0x478 ./Drivers/STM32F1xx_HAL_Driver/Src/stm32f1xx_hal_dma.o
                0x080074b4                HAL_DMA_IRQHandler
 .text.DMA_SetConfig
                0x0800792c       0x5a ./Drivers/STM32F1xx_HAL_Driver/Src/stm32f1xx_hal_dma.o
 *fill*         0x08007986        0x2 
 .text.HAL_GPIO_Init
                0x08007988      0x328 ./Drivers/STM32F1xx_HAL_Driver/Src/stm32f1xx_hal_gpio.o
                0x08007988                HAL_GPIO_Init
 .text.HAL_GPIO_ReadPin
                0x08007cb0       0x2e ./Drivers/STM32F1xx_HAL_Driver/Src/stm32f1xx_hal_gpio.o
                0x08007cb0                HAL_GPIO_ReadPin
 .text.HAL_GPIO_WritePin
                0x08007cde       0x30 ./Drivers/STM32F1xx_HAL_Driver/Src/stm32f1xx_hal_gpio.o
                0x08007cde                HAL_GPIO_WritePin
 .text.HAL_GPIO_TogglePin
                0x08007d0e       0x32 ./Drivers/STM32F1xx_HAL_Driver/Src/stm32f1xx_hal_gpio.o
                0x08007d0e                HAL_GPIO_TogglePin
 .text.HAL_GPIO_EXTI_IRQHandler
                0x08007d40       0x30 ./Drivers/STM32F1xx_HAL_Driver/Src/stm32f1xx_hal_gpio.o
                0x08007d40                HAL_GPIO_EXTI_IRQHandler
 .text.HAL_I2C_Init
                0x08007d70      0x288 ./Drivers/STM32F1xx_HAL_Driver/Src/stm32f1xx_hal_i2c.o
                0x08007d70                HAL_I2C_Init
 .text.HAL_I2C_Master_Transmit
                0x08007ff8      0x1fc ./Drivers/STM32F1xx_HAL_Driver/Src/stm32f1xx_hal_i2c.o
                0x08007ff8                HAL_I2C_Master_Transmit
 .text.HAL_I2C_Master_Receive
                0x080081f4      0x4d8 ./Drivers/STM32F1xx_HAL_Driver/Src/stm32f1xx_hal_i2c.o
                0x080081f4                HAL_I2C_Master_Receive
 .text.HAL_I2C_Mem_Write
                0x080086cc      0x1f4 ./Drivers/STM32F1xx_HAL_Driver/Src/stm32f1xx_hal_i2c.o
                0x080086cc                HAL_I2C_Mem_Write
 .text.HAL_I2C_Mem_Read
                0x080088c0      0x4e8 ./Drivers/STM32F1xx_HAL_Driver/Src/stm32f1xx_hal_i2c.o
                0x080088c0                HAL_I2C_Mem_Read
 .text.I2C_MasterRequestWrite
                0x08008da8      0x104 ./Drivers/STM32F1xx_HAL_Driver/Src/stm32f1xx_hal_i2c.o
 .text.I2C_MasterRequestRead
                0x08008eac      0x19c ./Drivers/STM32F1xx_HAL_Driver/Src/stm32f1xx_hal_i2c.o
 .text.I2C_RequestMemoryWrite
                0x08009048      0x12c ./Drivers/STM32F1xx_HAL_Driver/Src/stm32f1xx_hal_i2c.o
 .text.I2C_RequestMemoryRead
                0x08009174      0x1d0 ./Drivers/STM32F1xx_HAL_Driver/Src/stm32f1xx_hal_i2c.o
 .text.I2C_WaitOnFlagUntilTimeout
                0x08009344       0xf4 ./Drivers/STM32F1xx_HAL_Driver/Src/stm32f1xx_hal_i2c.o
 .text.I2C_WaitOnMasterAddressFlagUntilTimeout
                0x08009438      0x140 ./Drivers/STM32F1xx_HAL_Driver/Src/stm32f1xx_hal_i2c.o
 .text.I2C_WaitOnTXEFlagUntilTimeout
                0x08009578       0x90 ./Drivers/STM32F1xx_HAL_Driver/Src/stm32f1xx_hal_i2c.o
 .text.I2C_WaitOnBTFFlagUntilTimeout
                0x08009608       0x90 ./Drivers/STM32F1xx_HAL_Driver/Src/stm32f1xx_hal_i2c.o
 .text.I2C_WaitOnRXNEFlagUntilTimeout
                0x08009698       0xba ./Drivers/STM32F1xx_HAL_Driver/Src/stm32f1xx_hal_i2c.o
 .text.I2C_IsAcknowledgeFailed
                0x08009752       0x5c ./Drivers/STM32F1xx_HAL_Driver/Src/stm32f1xx_hal_i2c.o
 .text.HAL_IWDG_Refresh
                0x080097ae       0x1e ./Drivers/STM32F1xx_HAL_Driver/Src/stm32f1xx_hal_iwdg.o
                0x080097ae                HAL_IWDG_Refresh
 .text.HAL_PWR_EnableBkUpAccess
                0x080097cc       0x18 ./Drivers/STM32F1xx_HAL_Driver/Src/stm32f1xx_hal_pwr.o
                0x080097cc                HAL_PWR_EnableBkUpAccess
 .text.HAL_RCC_OscConfig
                0x080097e4      0x504 ./Drivers/STM32F1xx_HAL_Driver/Src/stm32f1xx_hal_rcc.o
                0x080097e4                HAL_RCC_OscConfig
 .text.HAL_RCC_ClockConfig
                0x08009ce8      0x1d4 ./Drivers/STM32F1xx_HAL_Driver/Src/stm32f1xx_hal_rcc.o
                0x08009ce8                HAL_RCC_ClockConfig
 .text.HAL_RCC_GetSysClockFreq
                0x08009ebc       0xa8 ./Drivers/STM32F1xx_HAL_Driver/Src/stm32f1xx_hal_rcc.o
                0x08009ebc                HAL_RCC_GetSysClockFreq
 .text.HAL_RCC_GetHCLKFreq
                0x08009f64       0x14 ./Drivers/STM32F1xx_HAL_Driver/Src/stm32f1xx_hal_rcc.o
                0x08009f64                HAL_RCC_GetHCLKFreq
 .text.HAL_RCC_GetPCLK1Freq
                0x08009f78       0x28 ./Drivers/STM32F1xx_HAL_Driver/Src/stm32f1xx_hal_rcc.o
                0x08009f78                HAL_RCC_GetPCLK1Freq
 .text.HAL_RCC_GetPCLK2Freq
                0x08009fa0       0x28 ./Drivers/STM32F1xx_HAL_Driver/Src/stm32f1xx_hal_rcc.o
                0x08009fa0                HAL_RCC_GetPCLK2Freq
 .text.HAL_RCC_GetClockConfig
                0x08009fc8       0x60 ./Drivers/STM32F1xx_HAL_Driver/Src/stm32f1xx_hal_rcc.o
                0x08009fc8                HAL_RCC_GetClockConfig
 .text.RCC_Delay
                0x0800a028       0x3c ./Drivers/STM32F1xx_HAL_Driver/Src/stm32f1xx_hal_rcc.o
 .text.HAL_RCCEx_PeriphCLKConfig
                0x0800a064      0x16c ./Drivers/STM32F1xx_HAL_Driver/Src/stm32f1xx_hal_rcc_ex.o
                0x0800a064                HAL_RCCEx_PeriphCLKConfig
 .text.HAL_RCCEx_GetPeriphCLKFreq
                0x0800a1d0      0x1b0 ./Drivers/STM32F1xx_HAL_Driver/Src/stm32f1xx_hal_rcc_ex.o
                0x0800a1d0                HAL_RCCEx_GetPeriphCLKFreq
 .text.HAL_RTC_Init
                0x0800a380      0x118 ./Drivers/STM32F1xx_HAL_Driver/Src/stm32f1xx_hal_rtc.o
                0x0800a380                HAL_RTC_Init
 .text.HAL_RTC_WaitForSynchro
                0x0800a498       0x5a ./Drivers/STM32F1xx_HAL_Driver/Src/stm32f1xx_hal_rtc.o
                0x0800a498                HAL_RTC_WaitForSynchro
 .text.RTC_EnterInitMode
                0x0800a4f2       0x50 ./Drivers/STM32F1xx_HAL_Driver/Src/stm32f1xx_hal_rtc.o
 .text.RTC_ExitInitMode
                0x0800a542       0x50 ./Drivers/STM32F1xx_HAL_Driver/Src/stm32f1xx_hal_rtc.o
 .text.HAL_SPI_Init
                0x0800a592      0x108 ./Drivers/STM32F1xx_HAL_Driver/Src/stm32f1xx_hal_spi.o
                0x0800a592                HAL_SPI_Init
 .text.HAL_SPI_Transmit
                0x0800a69a      0x288 ./Drivers/STM32F1xx_HAL_Driver/Src/stm32f1xx_hal_spi.o
                0x0800a69a                HAL_SPI_Transmit
 .text.HAL_SPI_Receive
                0x0800a922      0x232 ./Drivers/STM32F1xx_HAL_Driver/Src/stm32f1xx_hal_spi.o
                0x0800a922                HAL_SPI_Receive
 .text.HAL_SPI_TransmitReceive
                0x0800ab54      0x352 ./Drivers/STM32F1xx_HAL_Driver/Src/stm32f1xx_hal_spi.o
                0x0800ab54                HAL_SPI_TransmitReceive
 *fill*         0x0800aea6        0x2 
 .text.SPI_WaitFlagStateUntilTimeout
                0x0800aea8      0x110 ./Drivers/STM32F1xx_HAL_Driver/Src/stm32f1xx_hal_spi.o
 .text.SPI_EndRxTransaction
                0x0800afb8       0xa4 ./Drivers/STM32F1xx_HAL_Driver/Src/stm32f1xx_hal_spi.o
 .text.SPI_EndRxTxTransaction
                0x0800b05c       0x62 ./Drivers/STM32F1xx_HAL_Driver/Src/stm32f1xx_hal_spi.o
 .text.HAL_TIM_Base_Init
                0x0800b0be       0x9e ./Drivers/STM32F1xx_HAL_Driver/Src/stm32f1xx_hal_tim.o
                0x0800b0be                HAL_TIM_Base_Init
 .text.HAL_TIM_Base_MspInit
                0x0800b15c       0x12 ./Drivers/STM32F1xx_HAL_Driver/Src/stm32f1xx_hal_tim.o
                0x0800b15c                HAL_TIM_Base_MspInit
 *fill*         0x0800b16e        0x2 
 .text.HAL_TIM_Base_Start_IT
                0x0800b170       0xc0 ./Drivers/STM32F1xx_HAL_Driver/Src/stm32f1xx_hal_tim.o
                0x0800b170                HAL_TIM_Base_Start_IT
 .text.HAL_TIM_IRQHandler
                0x0800b230      0x1e0 ./Drivers/STM32F1xx_HAL_Driver/Src/stm32f1xx_hal_tim.o
                0x0800b230                HAL_TIM_IRQHandler
 .text.HAL_TIM_OC_DelayElapsedCallback
                0x0800b410       0x12 ./Drivers/STM32F1xx_HAL_Driver/Src/stm32f1xx_hal_tim.o
                0x0800b410                HAL_TIM_OC_DelayElapsedCallback
 .text.HAL_TIM_IC_CaptureCallback
                0x0800b422       0x12 ./Drivers/STM32F1xx_HAL_Driver/Src/stm32f1xx_hal_tim.o
                0x0800b422                HAL_TIM_IC_CaptureCallback
 .text.HAL_TIM_PWM_PulseFinishedCallback
                0x0800b434       0x12 ./Drivers/STM32F1xx_HAL_Driver/Src/stm32f1xx_hal_tim.o
                0x0800b434                HAL_TIM_PWM_PulseFinishedCallback
 .text.HAL_TIM_TriggerCallback
                0x0800b446       0x12 ./Drivers/STM32F1xx_HAL_Driver/Src/stm32f1xx_hal_tim.o
                0x0800b446                HAL_TIM_TriggerCallback
 .text.TIM_Base_SetConfig
                0x0800b458      0x10c ./Drivers/STM32F1xx_HAL_Driver/Src/stm32f1xx_hal_tim.o
                0x0800b458                TIM_Base_SetConfig
 .text.HAL_TIMEx_CommutCallback
                0x0800b564       0x12 ./Drivers/STM32F1xx_HAL_Driver/Src/stm32f1xx_hal_tim_ex.o
                0x0800b564                HAL_TIMEx_CommutCallback
 .text.HAL_TIMEx_BreakCallback
                0x0800b576       0x12 ./Drivers/STM32F1xx_HAL_Driver/Src/stm32f1xx_hal_tim_ex.o
                0x0800b576                HAL_TIMEx_BreakCallback
 .text.HAL_UART_Init
                0x0800b588       0xa0 ./Drivers/STM32F1xx_HAL_Driver/Src/stm32f1xx_hal_uart.o
                0x0800b588                HAL_UART_Init
 .text.HAL_UART_Transmit
                0x0800b628      0x116 ./Drivers/STM32F1xx_HAL_Driver/Src/stm32f1xx_hal_uart.o
                0x0800b628                HAL_UART_Transmit
 .text.HAL_UART_Transmit_IT
                0x0800b73e       0x6a ./Drivers/STM32F1xx_HAL_Driver/Src/stm32f1xx_hal_uart.o
                0x0800b73e                HAL_UART_Transmit_IT
 .text.HAL_UART_Receive_IT
                0x0800b7a8       0x4a ./Drivers/STM32F1xx_HAL_Driver/Src/stm32f1xx_hal_uart.o
                0x0800b7a8                HAL_UART_Receive_IT
 *fill*         0x0800b7f2        0x2 
 .text.HAL_UART_IRQHandler
                0x0800b7f4      0x524 ./Drivers/STM32F1xx_HAL_Driver/Src/stm32f1xx_hal_uart.o
                0x0800b7f4                HAL_UART_IRQHandler
 .text.HAL_UART_RxCpltCallback
                0x0800bd18       0x12 ./Drivers/STM32F1xx_HAL_Driver/Src/stm32f1xx_hal_uart.o
                0x0800bd18                HAL_UART_RxCpltCallback
 .text.HAL_UART_ErrorCallback
                0x0800bd2a       0x12 ./Drivers/STM32F1xx_HAL_Driver/Src/stm32f1xx_hal_uart.o
                0x0800bd2a                HAL_UART_ErrorCallback
 .text.HAL_UARTEx_RxEventCallback
                0x0800bd3c       0x16 ./Drivers/STM32F1xx_HAL_Driver/Src/stm32f1xx_hal_uart.o
                0x0800bd3c                HAL_UARTEx_RxEventCallback
 .text.UART_WaitOnFlagUntilTimeout
                0x0800bd52       0xb2 ./Drivers/STM32F1xx_HAL_Driver/Src/stm32f1xx_hal_uart.o
 .text.UART_Start_Receive_IT
                0x0800be04       0x72 ./Drivers/STM32F1xx_HAL_Driver/Src/stm32f1xx_hal_uart.o
                0x0800be04                UART_Start_Receive_IT
 .text.UART_EndRxTransfer
                0x0800be76       0xc4 ./Drivers/STM32F1xx_HAL_Driver/Src/stm32f1xx_hal_uart.o
 .text.UART_DMAAbortOnError
                0x0800bf3a       0x28 ./Drivers/STM32F1xx_HAL_Driver/Src/stm32f1xx_hal_uart.o
 .text.UART_Transmit_IT
                0x0800bf62       0x9e ./Drivers/STM32F1xx_HAL_Driver/Src/stm32f1xx_hal_uart.o
 .text.UART_EndTransmit_IT
                0x0800c000       0x30 ./Drivers/STM32F1xx_HAL_Driver/Src/stm32f1xx_hal_uart.o
 .text.UART_Receive_IT
                0x0800c030      0x17c ./Drivers/STM32F1xx_HAL_Driver/Src/stm32f1xx_hal_uart.o
 .text.UART_SetConfig
                0x0800c1ac      0x11c ./Drivers/STM32F1xx_HAL_Driver/Src/stm32f1xx_hal_uart.o
 .text.makeFreeRtosPriority
                0x0800c2c8       0x2e ./Middlewares/Third_Party/FreeRTOS/Source/CMSIS_RTOS/cmsis_os.o
 .text.osKernelStart
                0x0800c2f6        0xe ./Middlewares/Third_Party/FreeRTOS/Source/CMSIS_RTOS/cmsis_os.o
                0x0800c2f6                osKernelStart
 .text.osThreadCreate
                0x0800c304       0x98 ./Middlewares/Third_Party/FreeRTOS/Source/CMSIS_RTOS/cmsis_os.o
                0x0800c304                osThreadCreate
 .text.osDelay  0x0800c39c       0x28 ./Middlewares/Third_Party/FreeRTOS/Source/CMSIS_RTOS/cmsis_os.o
                0x0800c39c                osDelay
 .text.vListInitialise
                0x0800c3c4       0x3e ./Middlewares/Third_Party/FreeRTOS/Source/list.o
                0x0800c3c4                vListInitialise
 .text.vListInitialiseItem
                0x0800c402       0x18 ./Middlewares/Third_Party/FreeRTOS/Source/list.o
                0x0800c402                vListInitialiseItem
 .text.vListInsertEnd
                0x0800c41a       0x46 ./Middlewares/Third_Party/FreeRTOS/Source/list.o
                0x0800c41a                vListInsertEnd
 .text.vListInsert
                0x0800c460       0x70 ./Middlewares/Third_Party/FreeRTOS/Source/list.o
                0x0800c460                vListInsert
 .text.uxListRemove
                0x0800c4d0       0x52 ./Middlewares/Third_Party/FreeRTOS/Source/list.o
                0x0800c4d0                uxListRemove
 .text.xTaskCreateStatic
                0x0800c522       0xc0 ./Middlewares/Third_Party/FreeRTOS/Source/tasks.o
                0x0800c522                xTaskCreateStatic
 .text.xTaskCreate
                0x0800c5e2       0x8a ./Middlewares/Third_Party/FreeRTOS/Source/tasks.o
                0x0800c5e2                xTaskCreate
 .text.prvInitialiseNewTask
                0x0800c66c      0x140 ./Middlewares/Third_Party/FreeRTOS/Source/tasks.o
 .text.prvAddNewTaskToReadyList
                0x0800c7ac       0xd4 ./Middlewares/Third_Party/FreeRTOS/Source/tasks.o
 .text.vTaskDelay
                0x0800c880       0x6c ./Middlewares/Third_Party/FreeRTOS/Source/tasks.o
                0x0800c880                vTaskDelay
 .text.vTaskStartScheduler
                0x0800c8ec       0xd4 ./Middlewares/Third_Party/FreeRTOS/Source/tasks.o
                0x0800c8ec                vTaskStartScheduler
 .text.vTaskSuspendAll
                0x0800c9c0       0x1c ./Middlewares/Third_Party/FreeRTOS/Source/tasks.o
                0x0800c9c0                vTaskSuspendAll
 .text.xTaskResumeAll
                0x0800c9dc      0x13c ./Middlewares/Third_Party/FreeRTOS/Source/tasks.o
                0x0800c9dc                xTaskResumeAll
 .text.xTaskIncrementTick
                0x0800cb18      0x174 ./Middlewares/Third_Party/FreeRTOS/Source/tasks.o
                0x0800cb18                xTaskIncrementTick
 .text.vTaskSwitchContext
                0x0800cc8c       0xc4 ./Middlewares/Third_Party/FreeRTOS/Source/tasks.o
                0x0800cc8c                vTaskSwitchContext
 .text.prvIdleTask
                0x0800cd50       0x30 ./Middlewares/Third_Party/FreeRTOS/Source/tasks.o
 .text.prvInitialiseTaskLists
                0x0800cd80       0x80 ./Middlewares/Third_Party/FreeRTOS/Source/tasks.o
 .text.prvCheckTasksWaitingTermination
                0x0800ce00       0x5c ./Middlewares/Third_Party/FreeRTOS/Source/tasks.o
 .text.prvDeleteTCB
                0x0800ce5c       0x6a ./Middlewares/Third_Party/FreeRTOS/Source/tasks.o
 *fill*         0x0800cec6        0x2 
 .text.prvResetNextTaskUnblockTime
                0x0800cec8       0x40 ./Middlewares/Third_Party/FreeRTOS/Source/tasks.o
 .text.prvAddCurrentTaskToDelayedList
                0x0800cf08       0xcc ./Middlewares/Third_Party/FreeRTOS/Source/tasks.o
 .text.pxPortInitialiseStack
                0x0800cfd4       0x58 ./Middlewares/Third_Party/FreeRTOS/Source/portable/GCC/ARM_CM3/port.o
                0x0800cfd4                pxPortInitialiseStack
 .text.prvTaskExitError
                0x0800d02c       0x58 ./Middlewares/Third_Party/FreeRTOS/Source/portable/GCC/ARM_CM3/port.o
 *fill*         0x0800d084        0xc 
 .text.SVC_Handler
                0x0800d090       0x28 ./Middlewares/Third_Party/FreeRTOS/Source/portable/GCC/ARM_CM3/port.o
                0x0800d090                SVC_Handler
 .text.prvPortStartFirstTask
                0x0800d0b8       0x20 ./Middlewares/Third_Party/FreeRTOS/Source/portable/GCC/ARM_CM3/port.o
 .text.xPortStartScheduler
                0x0800d0d8       0xe4 ./Middlewares/Third_Party/FreeRTOS/Source/portable/GCC/ARM_CM3/port.o
                0x0800d0d8                xPortStartScheduler
 .text.vPortEnterCritical
                0x0800d1bc       0x60 ./Middlewares/Third_Party/FreeRTOS/Source/portable/GCC/ARM_CM3/port.o
                0x0800d1bc                vPortEnterCritical
 .text.vPortExitCritical
                0x0800d21c       0x54 ./Middlewares/Third_Party/FreeRTOS/Source/portable/GCC/ARM_CM3/port.o
                0x0800d21c                vPortExitCritical
 .text.PendSV_Handler
                0x0800d270       0x48 ./Middlewares/Third_Party/FreeRTOS/Source/portable/GCC/ARM_CM3/port.o
                0x0800d270                PendSV_Handler
 .text.SysTick_Handler
                0x0800d2b8       0x44 ./Middlewares/Third_Party/FreeRTOS/Source/portable/GCC/ARM_CM3/port.o
                0x0800d2b8                SysTick_Handler
 .text.vPortSetupTimerInterrupt
                0x0800d2fc       0x44 ./Middlewares/Third_Party/FreeRTOS/Source/portable/GCC/ARM_CM3/port.o
                0x0800d2fc                vPortSetupTimerInterrupt
 .text.pvPortMalloc
                0x0800d340      0x19c ./Middlewares/Third_Party/FreeRTOS/Source/portable/MemMang/heap_4.o
                0x0800d340                pvPortMalloc
 .text.vPortFree
                0x0800d4dc       0xc8 ./Middlewares/Third_Party/FreeRTOS/Source/portable/MemMang/heap_4.o
                0x0800d4dc                vPortFree
 .text.prvHeapInit
                0x0800d5a4       0xc4 ./Middlewares/Third_Party/FreeRTOS/Source/portable/MemMang/heap_4.o
 .text.prvInsertBlockIntoFreeList
                0x0800d668       0xb0 ./Middlewares/Third_Party/FreeRTOS/Source/portable/MemMang/heap_4.o
 .text.memset   0x0800d718       0x10 C:/ST/STM32CubeIDE_1.19.0/STM32CubeIDE/plugins/com.st.stm32cube.ide.mcu.externaltools.gnu-tools-for-stm32.13.3.rel1.win32_1.0.100.202509120712/tools/bin/../lib/gcc/arm-none-eabi/13.3.1/../../../../arm-none-eabi/lib/thumb/v7-m/nofp\libc_nano.a(libc_a-memset.o)
                0x0800d718                memset
 .text._reclaim_reent
                0x0800d728       0xbc C:/ST/STM32CubeIDE_1.19.0/STM32CubeIDE/plugins/com.st.stm32cube.ide.mcu.externaltools.gnu-tools-for-stm32.13.3.rel1.win32_1.0.100.202509120712/tools/bin/../lib/gcc/arm-none-eabi/13.3.1/../../../../arm-none-eabi/lib/thumb/v7-m/nofp\libc_nano.a(libc_a-reent.o)
                0x0800d728                _reclaim_reent
 .text.__errno  0x0800d7e4        0xc C:/ST/STM32CubeIDE_1.19.0/STM32CubeIDE/plugins/com.st.stm32cube.ide.mcu.externaltools.gnu-tools-for-stm32.13.3.rel1.win32_1.0.100.202509120712/tools/bin/../lib/gcc/arm-none-eabi/13.3.1/../../../../arm-none-eabi/lib/thumb/v7-m/nofp\libc_nano.a(libc_a-errno.o)
                0x0800d7e4                __errno
 .text.__libc_init_array
                0x0800d7f0       0x48 C:/ST/STM32CubeIDE_1.19.0/STM32CubeIDE/plugins/com.st.stm32cube.ide.mcu.externaltools.gnu-tools-for-stm32.13.3.rel1.win32_1.0.100.202509120712/tools/bin/../lib/gcc/arm-none-eabi/13.3.1/../../../../arm-none-eabi/lib/thumb/v7-m/nofp\libc_nano.a(libc_a-init.o)
                0x0800d7f0                __libc_init_array
 .text.__retarget_lock_acquire_recursive
                0x0800d838        0x2 C:/ST/STM32CubeIDE_1.19.0/STM32CubeIDE/plugins/com.st.stm32cube.ide.mcu.externaltools.gnu-tools-for-stm32.13.3.rel1.win32_1.0.100.202509120712/tools/bin/../lib/gcc/arm-none-eabi/13.3.1/../../../../arm-none-eabi/lib/thumb/v7-m/nofp\libc_nano.a(libc_a-lock.o)
                0x0800d838                __retarget_lock_acquire_recursive
 .text.__retarget_lock_release_recursive
                0x0800d83a        0x2 C:/ST/STM32CubeIDE_1.19.0/STM32CubeIDE/plugins/com.st.stm32cube.ide.mcu.externaltools.gnu-tools-for-stm32.13.3.rel1.win32_1.0.100.202509120712/tools/bin/../lib/gcc/arm-none-eabi/13.3.1/../../../../arm-none-eabi/lib/thumb/v7-m/nofp\libc_nano.a(libc_a-lock.o)
                0x0800d83a                __retarget_lock_release_recursive
 .text.memcpy   0x0800d83c       0x1c C:/ST/STM32CubeIDE_1.19.0/STM32CubeIDE/plugins/com.st.stm32cube.ide.mcu.externaltools.gnu-tools-for-stm32.13.3.rel1.win32_1.0.100.202509120712/tools/bin/../lib/gcc/arm-none-eabi/13.3.1/../../../../arm-none-eabi/lib/thumb/v7-m/nofp\libc_nano.a(libc_a-memcpy-stub.o)
                0x0800d83c                memcpy
 .text._free_r  0x0800d858       0x90 C:/ST/STM32CubeIDE_1.19.0/STM32CubeIDE/plugins/com.st.stm32cube.ide.mcu.externaltools.gnu-tools-for-stm32.13.3.rel1.win32_1.0.100.202509120712/tools/bin/../lib/gcc/arm-none-eabi/13.3.1/../../../../arm-none-eabi/lib/thumb/v7-m/nofp\libc_nano.a(libc_a-freer.o)
                0x0800d858                _free_r
 .text.__malloc_lock
                0x0800d8e8        0xc C:/ST/STM32CubeIDE_1.19.0/STM32CubeIDE/plugins/com.st.stm32cube.ide.mcu.externaltools.gnu-tools-for-stm32.13.3.rel1.win32_1.0.100.202509120712/tools/bin/../lib/gcc/arm-none-eabi/13.3.1/../../../../arm-none-eabi/lib/thumb/v7-m/nofp\libc_nano.a(libc_a-mlock.o)
                0x0800d8e8                __malloc_lock
 .text.__malloc_unlock
                0x0800d8f4        0xc C:/ST/STM32CubeIDE_1.19.0/STM32CubeIDE/plugins/com.st.stm32cube.ide.mcu.externaltools.gnu-tools-for-stm32.13.3.rel1.win32_1.0.100.202509120712/tools/bin/../lib/gcc/arm-none-eabi/13.3.1/../../../../arm-none-eabi/lib/thumb/v7-m/nofp\libc_nano.a(libc_a-mlock.o)
                0x0800d8f4                __malloc_unlock
 .text.atan2    0x0800d900        0x4 C:/ST/STM32CubeIDE_1.19.0/STM32CubeIDE/plugins/com.st.stm32cube.ide.mcu.externaltools.gnu-tools-for-stm32.13.3.rel1.win32_1.0.100.202509120712/tools/bin/../lib/gcc/arm-none-eabi/13.3.1/../../../../arm-none-eabi/lib/thumb/v7-m/nofp\libm.a(libm_a-w_atan2.o)
                0x0800d900                atan2
 .text.sqrt     0x0800d904       0x48 C:/ST/STM32CubeIDE_1.19.0/STM32CubeIDE/plugins/com.st.stm32cube.ide.mcu.externaltools.gnu-tools-for-stm32.13.3.rel1.win32_1.0.100.202509120712/tools/bin/../lib/gcc/arm-none-eabi/13.3.1/../../../../arm-none-eabi/lib/thumb/v7-m/nofp\libm.a(libm_a-w_sqrt.o)
                0x0800d904                sqrt
 .text.__ieee754_sqrt
                0x0800d94c      0x1a4 C:/ST/STM32CubeIDE_1.19.0/STM32CubeIDE/plugins/com.st.stm32cube.ide.mcu.externaltools.gnu-tools-for-stm32.13.3.rel1.win32_1.0.100.202509120712/tools/bin/../lib/gcc/arm-none-eabi/13.3.1/../../../../arm-none-eabi/lib/thumb/v7-m/nofp\libm.a(libm_a-e_sqrt.o)
                0x0800d94c                __ieee754_sqrt
 .text.__ieee754_atan2
                0x0800daf0      0x1a4 C:/ST/STM32CubeIDE_1.19.0/STM32CubeIDE/plugins/com.st.stm32cube.ide.mcu.externaltools.gnu-tools-for-stm32.13.3.rel1.win32_1.0.100.202509120712/tools/bin/../lib/gcc/arm-none-eabi/13.3.1/../../../../arm-none-eabi/lib/thumb/v7-m/nofp\libm.a(libm_a-e_atan2.o)
                0x0800daf0                __ieee754_atan2
 *fill*         0x0800dc94        0x4 
 .text.atan     0x0800dc98      0x320 C:/ST/STM32CubeIDE_1.19.0/STM32CubeIDE/plugins/com.st.stm32cube.ide.mcu.externaltools.gnu-tools-for-stm32.13.3.rel1.win32_1.0.100.202509120712/tools/bin/../lib/gcc/arm-none-eabi/13.3.1/../../../../arm-none-eabi/lib/thumb/v7-m/nofp\libm.a(libm_a-s_atan.o)
                0x0800dc98                atan
 .text.fabs     0x0800dfb8        0x8 C:/ST/STM32CubeIDE_1.19.0/STM32CubeIDE/plugins/com.st.stm32cube.ide.mcu.externaltools.gnu-tools-for-stm32.13.3.rel1.win32_1.0.100.202509120712/tools/bin/../lib/gcc/arm-none-eabi/13.3.1/../../../../arm-none-eabi/lib/thumb/v7-m/nofp\libm.a(libm_a-s_fabs.o)
                0x0800dfb8                fabs
 *(.glue_7)
 .glue_7        0x0800dfc0        0x0 linker stubs
 *(.glue_7t)
 .glue_7t       0x0800dfc0        0x0 linker stubs
 *(.eh_frame)
 .eh_frame      0x0800dfc0        0x0 C:/ST/STM32CubeIDE_1.19.0/STM32CubeIDE/plugins/com.st.stm32cube.ide.mcu.externaltools.gnu-tools-for-stm32.13.3.rel1.win32_1.0.100.202509120712/tools/bin/../lib/gcc/arm-none-eabi/13.3.1/thumb/v7-m/nofp/crtbegin.o
 *(.init)
 .init          0x0800dfc0        0x4 C:/ST/STM32CubeIDE_1.19.0/STM32CubeIDE/plugins/com.st.stm32cube.ide.mcu.externaltools.gnu-tools-for-stm32.13.3.rel1.win32_1.0.100.202509120712/tools/bin/../lib/gcc/arm-none-eabi/13.3.1/thumb/v7-m/nofp/crti.o
                0x0800dfc0                _init
 .init          0x0800dfc4        0x8 C:/ST/STM32CubeIDE_1.19.0/STM32CubeIDE/plugins/com.st.stm32cube.ide.mcu.externaltools.gnu-tools-for-stm32.13.3.rel1.win32_1.0.100.202509120712/tools/bin/../lib/gcc/arm-none-eabi/13.3.1/thumb/v7-m/nofp/crtn.o
 *(.fini)
 .fini          0x0800dfcc        0x4 C:/ST/STM32CubeIDE_1.19.0/STM32CubeIDE/plugins/com.st.stm32cube.ide.mcu.externaltools.gnu-tools-for-stm32.13.3.rel1.win32_1.0.100.202509120712/tools/bin/../lib/gcc/arm-none-eabi/13.3.1/thumb/v7-m/nofp/crti.o
                0x0800dfcc                _fini
 .fini          0x0800dfd0        0x8 C:/ST/STM32CubeIDE_1.19.0/STM32CubeIDE/plugins/com.st.stm32cube.ide.mcu.externaltools.gnu-tools-for-stm32.13.3.rel1.win32_1.0.100.202509120712/tools/bin/../lib/gcc/arm-none-eabi/13.3.1/thumb/v7-m/nofp/crtn.o
                0x0800dfd8                        . = ALIGN (0x4)
                0x0800dfd8                        _etext = .

.vfp11_veneer   0x0800dfd8        0x0
 .vfp11_veneer  0x0800dfd8        0x0 linker stubs

.v4_bx          0x0800dfd8        0x0
 .v4_bx         0x0800dfd8        0x0 linker stubs

.iplt           0x0800dfd8        0x0
 .iplt          0x0800dfd8        0x0 C:/ST/STM32CubeIDE_1.19.0/STM32CubeIDE/plugins/com.st.stm32cube.ide.mcu.externaltools.gnu-tools-for-stm32.13.3.rel1.win32_1.0.100.202509120712/tools/bin/../lib/gcc/arm-none-eabi/13.3.1/thumb/v7-m/nofp/crtbegin.o

.rodata         0x0800dfd8      0x190
                0x0800dfd8                        . = ALIGN (0x4)
 *(.rodata)
 .rodata        0x0800dfd8       0x26 ./Core/Src/function.o
 *fill*         0x0800dffe        0x2 
 .rodata        0x0800e000       0x7e ./Core/Src/main.o
 *fill*         0x0800e07e        0x2 
 .rodata        0x0800e080        0x5 ./Middlewares/Third_Party/FreeRTOS/Source/tasks.o
 *(.rodata*)
 *fill*         0x0800e085        0x3 
 .rodata.AHBPrescTable
                0x0800e088       0x10 ./Core/Src/system_stm32f1xx.o
                0x0800e088                AHBPrescTable
 .rodata.APBPrescTable
                0x0800e098        0x8 ./Core/Src/system_stm32f1xx.o
                0x0800e098                APBPrescTable
 .rodata.Device_ID
                0x0800e0a0       0x13 ./Core/Src/var.o
                0x0800e0a0                Device_ID
 *fill*         0x0800e0b3        0x1 
 .rodata.unbalance
                0x0800e0b4        0x6 ./Core/Src/var.o
                0x0800e0b4                unbalance
 *fill*         0x0800e0ba        0x2 
 .rodata.aPLLMULFactorTable.1
                0x0800e0bc       0x10 ./Drivers/STM32F1xx_HAL_Driver/Src/stm32f1xx_hal_rcc.o
 .rodata.aPredivFactorTable.0
                0x0800e0cc        0x2 ./Drivers/STM32F1xx_HAL_Driver/Src/stm32f1xx_hal_rcc.o
 *fill*         0x0800e0ce        0x2 
 .rodata.aPLLMULFactorTable.1
                0x0800e0d0       0x10 ./Drivers/STM32F1xx_HAL_Driver/Src/stm32f1xx_hal_rcc_ex.o
 .rodata.aPredivFactorTable.0
                0x0800e0e0        0x2 ./Drivers/STM32F1xx_HAL_Driver/Src/stm32f1xx_hal_rcc_ex.o
 *fill*         0x0800e0e2        0x6 
 .rodata.tiny   0x0800e0e8        0x8 C:/ST/STM32CubeIDE_1.19.0/STM32CubeIDE/plugins/com.st.stm32cube.ide.mcu.externaltools.gnu-tools-for-stm32.13.3.rel1.win32_1.0.100.202509120712/tools/bin/../lib/gcc/arm-none-eabi/13.3.1/../../../../arm-none-eabi/lib/thumb/v7-m/nofp\libm.a(libm_a-e_sqrt.o)
 .rodata.one    0x0800e0f0        0x8 C:/ST/STM32CubeIDE_1.19.0/STM32CubeIDE/plugins/com.st.stm32cube.ide.mcu.externaltools.gnu-tools-for-stm32.13.3.rel1.win32_1.0.100.202509120712/tools/bin/../lib/gcc/arm-none-eabi/13.3.1/../../../../arm-none-eabi/lib/thumb/v7-m/nofp\libm.a(libm_a-e_sqrt.o)
 .rodata.CSWTCH.9
                0x0800e0f8       0x18 C:/ST/STM32CubeIDE_1.19.0/STM32CubeIDE/plugins/com.st.stm32cube.ide.mcu.externaltools.gnu-tools-for-stm32.13.3.rel1.win32_1.0.100.202509120712/tools/bin/../lib/gcc/arm-none-eabi/13.3.1/../../../../arm-none-eabi/lib/thumb/v7-m/nofp\libm.a(libm_a-e_atan2.o)
 .rodata.CSWTCH.8
                0x0800e110       0x18 C:/ST/STM32CubeIDE_1.19.0/STM32CubeIDE/plugins/com.st.stm32cube.ide.mcu.externaltools.gnu-tools-for-stm32.13.3.rel1.win32_1.0.100.202509120712/tools/bin/../lib/gcc/arm-none-eabi/13.3.1/../../../../arm-none-eabi/lib/thumb/v7-m/nofp\libm.a(libm_a-e_atan2.o)
 .rodata.atanlo
                0x0800e128       0x20 C:/ST/STM32CubeIDE_1.19.0/STM32CubeIDE/plugins/com.st.stm32cube.ide.mcu.externaltools.gnu-tools-for-stm32.13.3.rel1.win32_1.0.100.202509120712/tools/bin/../lib/gcc/arm-none-eabi/13.3.1/../../../../arm-none-eabi/lib/thumb/v7-m/nofp\libm.a(libm_a-s_atan.o)
 .rodata.atanhi
                0x0800e148       0x20 C:/ST/STM32CubeIDE_1.19.0/STM32CubeIDE/plugins/com.st.stm32cube.ide.mcu.externaltools.gnu-tools-for-stm32.13.3.rel1.win32_1.0.100.202509120712/tools/bin/../lib/gcc/arm-none-eabi/13.3.1/../../../../arm-none-eabi/lib/thumb/v7-m/nofp\libm.a(libm_a-s_atan.o)
                0x0800e168                        . = ALIGN (0x4)

.ARM.extab      0x0800e168        0x0
                0x0800e168                        . = ALIGN (0x4)
 *(.ARM.extab* .gnu.linkonce.armextab.*)
                0x0800e168                        . = ALIGN (0x4)

.ARM            0x0800e168        0x0
                0x0800e168                        . = ALIGN (0x4)
                0x0800e168                        __exidx_start = .
 *(.ARM.exidx*)
                0x0800e168                        __exidx_end = .
                0x0800e168                        . = ALIGN (0x4)

.preinit_array  0x0800e168        0x0
                0x0800e168                        . = ALIGN (0x4)
                0x0800e168                        PROVIDE (__preinit_array_start = .)
 *(.preinit_array*)
                0x0800e168                        PROVIDE (__preinit_array_end = .)
                0x0800e168                        . = ALIGN (0x4)

.init_array     0x0800e168        0x4
                0x0800e168                        . = ALIGN (0x4)
                0x0800e168                        PROVIDE (__init_array_start = .)
 *(SORT_BY_NAME(.init_array.*))
 *(.init_array*)
 .init_array    0x0800e168        0x4 C:/ST/STM32CubeIDE_1.19.0/STM32CubeIDE/plugins/com.st.stm32cube.ide.mcu.externaltools.gnu-tools-for-stm32.13.3.rel1.win32_1.0.100.202509120712/tools/bin/../lib/gcc/arm-none-eabi/13.3.1/thumb/v7-m/nofp/crtbegin.o
                0x0800e16c                        PROVIDE (__init_array_end = .)
                0x0800e16c                        . = ALIGN (0x4)

.fini_array     0x0800e16c        0x4
                0x0800e16c                        . = ALIGN (0x4)
                [!provide]                        PROVIDE (__fini_array_start = .)
 *(SORT_BY_NAME(.fini_array.*))
 *(.fini_array*)
 .fini_array    0x0800e16c        0x4 C:/ST/STM32CubeIDE_1.19.0/STM32CubeIDE/plugins/com.st.stm32cube.ide.mcu.externaltools.gnu-tools-for-stm32.13.3.rel1.win32_1.0.100.202509120712/tools/bin/../lib/gcc/arm-none-eabi/13.3.1/thumb/v7-m/nofp/crtbegin.o
                [!provide]                        PROVIDE (__fini_array_end = .)
                0x0800e170                        . = ALIGN (0x4)
                0x0800e170                        _sidata = LOADADDR (.data)

.rel.dyn        0x0800e170        0x0
 .rel.iplt      0x0800e170        0x0 C:/ST/STM32CubeIDE_1.19.0/STM32CubeIDE/plugins/com.st.stm32cube.ide.mcu.externaltools.gnu-tools-for-stm32.13.3.rel1.win32_1.0.100.202509120712/tools/bin/../lib/gcc/arm-none-eabi/13.3.1/thumb/v7-m/nofp/crtbegin.o

.data           0x20000000       0x98 load address 0x0800e170
                0x20000000                        . = ALIGN (0x4)
                0x20000000                        _sdata = .
 *(.data)
 *(.data*)
 .data.P_Pressed
                0x20000000        0x1 ./Core/Src/GPIO.o
                0x20000000                P_Pressed
 .data.Read_Status
                0x20000001        0x1 ./Core/Src/GPIO.o
                0x20000001                Read_Status
 *fill*         0x20000002        0x2 
 .data.writeAddress
                0x20000004        0x4 ./Core/Src/flashio.o
                0x20000004                writeAddress
 .data.unixTime
                0x20000008        0x4 ./Core/Src/main.o
                0x20000008                unixTime
 .data.SystemCoreClock
                0x2000000c        0x4 ./Core/Src/system_stm32f1xx.o
                0x2000000c                SystemCoreClock
 .data.Lw       0x20000010        0x1 ./Core/Src/var.o
                0x20000010                Lw
 .data.Rw       0x20000011        0x1 ./Core/Src/var.o
                0x20000011                Rw
 *fill*         0x20000012        0x2 
 .data.stand_L  0x20000014        0x3 ./Core/Src/var.o
                0x20000014                stand_L
 *fill*         0x20000017        0x1 
 .data.stand_R  0x20000018        0x3 ./Core/Src/var.o
                0x20000018                stand_R
 *fill*         0x2000001b        0x1 
 .data.mid_L    0x2000001c        0x3 ./Core/Src/var.o
                0x2000001c                mid_L
 *fill*         0x2000001f        0x1 
 .data.mid_R    0x20000020        0x3 ./Core/Src/var.o
                0x20000020                mid_R
 *fill*         0x20000023        0x1 
 .data.sit_L    0x20000024        0x3 ./Core/Src/var.o
                0x20000024                sit_L
 *fill*         0x20000027        0x1 
 .data.sit_R    0x20000028        0x3 ./Core/Src/var.o
                0x20000028                sit_R
 *fill*         0x2000002b        0x1 
 .data.walkDiff
                0x2000002c        0x4 ./Core/Src/var.o
                0x2000002c                walkDiff
 .data.accL     0x20000030        0x4 ./Core/Src/var.o
                0x20000030                accL
 .data.accR     0x20000034        0x4 ./Core/Src/var.o
                0x20000034                accR
 .data.Lw_max   0x20000038        0x1 ./Core/Src/var.o
                0x20000038                Lw_max
 .data.Rw_max   0x20000039        0x1 ./Core/Src/var.o
                0x20000039                Rw_max
 *fill*         0x2000003a        0x2 
 .data.uwTickPrio
                0x2000003c        0x4 ./Drivers/STM32F1xx_HAL_Driver/Src/stm32f1xx_hal.o
                0x2000003c                uwTickPrio
 .data.uwTickFreq
                0x20000040        0x1 ./Drivers/STM32F1xx_HAL_Driver/Src/stm32f1xx_hal.o
                0x20000040                uwTickFreq
 *fill*         0x20000041        0x3 
 .data.uxCriticalNesting
                0x20000044        0x4 ./Middlewares/Third_Party/FreeRTOS/Source/portable/GCC/ARM_CM3/port.o
 .data._impure_ptr
                0x20000048        0x4 C:/ST/STM32CubeIDE_1.19.0/STM32CubeIDE/plugins/com.st.stm32cube.ide.mcu.externaltools.gnu-tools-for-stm32.13.3.rel1.win32_1.0.100.202509120712/tools/bin/../lib/gcc/arm-none-eabi/13.3.1/../../../../arm-none-eabi/lib/thumb/v7-m/nofp\libc_nano.a(libc_a-impure.o)
                0x20000048                _impure_ptr
 .data._impure_data
                0x2000004c       0x4c C:/ST/STM32CubeIDE_1.19.0/STM32CubeIDE/plugins/com.st.stm32cube.ide.mcu.externaltools.gnu-tools-for-stm32.13.3.rel1.win32_1.0.100.202509120712/tools/bin/../lib/gcc/arm-none-eabi/13.3.1/../../../../arm-none-eabi/lib/thumb/v7-m/nofp\libc_nano.a(libc_a-impure.o)
                0x2000004c                _impure_data
 *(.RamFunc)
 *(.RamFunc*)
                0x20000098                        . = ALIGN (0x4)
                0x20000098                        _edata = .

.igot.plt       0x20000098        0x0 load address 0x0800e208
 .igot.plt      0x20000098        0x0 C:/ST/STM32CubeIDE_1.19.0/STM32CubeIDE/plugins/com.st.stm32cube.ide.mcu.externaltools.gnu-tools-for-stm32.13.3.rel1.win32_1.0.100.202509120712/tools/bin/../lib/gcc/arm-none-eabi/13.3.1/thumb/v7-m/nofp/crtbegin.o
                0x20000098                        . = ALIGN (0x4)

.bss            0x20000098     0x1540 load address 0x0800e208
                0x20000098                        _sbss = .
                0x20000098                        __bss_start__ = _sbss
 *(.bss)
 .bss           0x20000098       0x1c C:/ST/STM32CubeIDE_1.19.0/STM32CubeIDE/plugins/com.st.stm32cube.ide.mcu.externaltools.gnu-tools-for-stm32.13.3.rel1.win32_1.0.100.202509120712/tools/bin/../lib/gcc/arm-none-eabi/13.3.1/thumb/v7-m/nofp/crtbegin.o
 *(.bss*)
 .bss.uart_tx_complete
                0x200000b4        0x1 ./Core/Src/BT.o
                0x200000b4                uart_tx_complete
 .bss.toggel_pin_stautus
                0x200000b5        0x1 ./Core/Src/GPIO.o
                0x200000b5                toggel_pin_stautus
 .bss.USB_STAT  0x200000b6        0x1 ./Core/Src/GPIO.o
                0x200000b6                USB_STAT
 *fill*         0x200000b7        0x1 
 .bss.IN_VALUE  0x200000b8        0xa ./Core/Src/GPIO.o
                0x200000b8                IN_VALUE
 *fill*         0x200000c2        0x2 
 .bss.xIdleTaskTCBBuffer
                0x200000c4       0xa0 ./Core/Src/freertos.o
 .bss.xIdleStack
                0x20000164      0x200 ./Core/Src/freertos.o
 *fill*         0x20000364        0x4 
 .bss.ICMDataL  0x20000368       0x48 ./Core/Src/icm20948.o
                0x20000368                ICMDataL
 .bss.ICMDataR  0x200003b0       0x48 ./Core/Src/icm20948.o
                0x200003b0                ICMDataR
 .bss.inf_time  0x200003f8        0x4 ./Core/Src/main.o
                0x200003f8                inf_time
 .bss.rtcBuffer
                0x200003fc        0x7 ./Core/Src/main.o
                0x200003fc                rtcBuffer
 *fill*         0x20000403        0x1 
 .bss.hadc1     0x20000404       0x30 ./Core/Src/main.o
                0x20000404                hadc1
 .bss.hdma_adc1
                0x20000434       0x44 ./Core/Src/main.o
                0x20000434                hdma_adc1
 .bss.hi2c1     0x20000478       0x54 ./Core/Src/main.o
                0x20000478                hi2c1
 .bss.hi2c2     0x200004cc       0x54 ./Core/Src/main.o
                0x200004cc                hi2c2
 .bss.hiwdg     0x20000520        0xc ./Core/Src/main.o
                0x20000520                hiwdg
 .bss.hrtc      0x2000052c       0x14 ./Core/Src/main.o
                0x2000052c                hrtc
 .bss.hspi1     0x20000540       0x58 ./Core/Src/main.o
                0x20000540                hspi1
 .bss.huart1    0x20000598       0x48 ./Core/Src/main.o
                0x20000598                huart1
 .bss.defaultTaskHandle
                0x200005e0        0x4 ./Core/Src/main.o
                0x200005e0                defaultTaskHandle
 .bss.IMU_TASKHandle
                0x200005e4        0x4 ./Core/Src/main.o
                0x200005e4                IMU_TASKHandle
 .bss.BT_TaskHandle
                0x200005e8        0x4 ./Core/Src/main.o
                0x200005e8                BT_TaskHandle
 .bss.motionDetected
                0x200005ec        0x1 ./Core/Src/main.o
                0x200005ec                motionDetected
 *fill*         0x200005ed        0x3 
 .bss.htim1     0x200005f0       0x48 ./Core/Src/stm32f1xx_hal_timebase_tim.o
                0x200005f0                htim1
 .bss.HAL       0x20000638       0x10 ./Core/Src/var.o
                0x20000638                HAL
 .bss.BAT_Voltage
                0x20000648        0x4 ./Core/Src/var.o
                0x20000648                BAT_Voltage
 .bss.V_BAT_per
                0x2000064c        0x4 ./Core/Src/var.o
                0x2000064c                V_BAT_per
 .bss.command   0x20000650        0x1 ./Core/Src/var.o
                0x20000650                command
 .bss.CurrentPostureStatus
                0x20000651        0x1 ./Core/Src/var.o
                0x20000651                CurrentPostureStatus
 .bss.OldPostureStatus
                0x20000652        0x1 ./Core/Src/var.o
                0x20000652                OldPostureStatus
 *fill*         0x20000653        0x1 
 .bss.ID        0x20000654        0x4 ./Core/Src/var.o
                0x20000654                ID
 .bss.FlashSize
                0x20000658        0x4 ./Core/Src/var.o
                0x20000658                FlashSize
 .bss.RTC_Counter
                0x2000065c        0x4 ./Core/Src/var.o
                0x2000065c                RTC_Counter
 .bss.receiveData
                0x20000660        0xa ./Core/Src/var.o
                0x20000660                receiveData
 .bss.battery   0x2000066a        0x1 ./Core/Src/var.o
                0x2000066a                battery
 .bss.Stand_count
                0x2000066b        0x1 ./Core/Src/var.o
                0x2000066b                Stand_count
 .bss.walk_count
                0x2000066c        0x1 ./Core/Src/var.o
                0x2000066c                walk_count
 .bss.walkingflag
                0x2000066d        0x1 ./Core/Src/var.o
                0x2000066d                walkingflag
 .bss.Walk2stand
                0x2000066e        0x1 ./Core/Src/var.o
                0x2000066e                Walk2stand
 *fill*         0x2000066f        0x1 
 .bss.SOS_count
                0x20000670        0x2 ./Core/Src/var.o
                0x20000670                SOS_count
 .bss.Inf_Def_count
                0x20000672        0x2 ./Core/Src/var.o
                0x20000672                Inf_Def_count
 .bss.Num_Of_Inflation
                0x20000674        0x2 ./Core/Src/var.o
                0x20000674                Num_Of_Inflation
 .bss.accL1     0x20000676        0x2 ./Core/Src/var.o
                0x20000676                accL1
 .bss.accR1     0x20000678        0x2 ./Core/Src/var.o
                0x20000678                accR1
 .bss.countRST  0x2000067a        0x1 ./Core/Src/var.o
                0x2000067a                countRST
 *fill*         0x2000067b        0x1 
 .bss.MP_flag   0x2000067c        0x1 ./Core/Src/var.o
                0x2000067c                MP_flag
 *fill*         0x2000067d        0x3 
 .bss.MEDI_TIME
                0x20000680        0x8 ./Core/Src/var.o
                0x20000680                MEDI_TIME
 .bss.testFlags
                0x20000688        0x4 ./Core/Src/var.o
                0x20000688                testFlags
 .bss.LeftIMU   0x2000068c       0x14 ./Core/Src/var.o
                0x2000068c                LeftIMU
 .bss.RightIMU  0x200006a0       0x14 ./Core/Src/var.o
                0x200006a0                RightIMU
 .bss.time      0x200006b4       0x38 ./Core/Src/var.o
                0x200006b4                time
 .bss.posture   0x200006ec        0x2 ./Core/Src/var.o
                0x200006ec                posture
 *fill*         0x200006ee        0x2 
 .bss.Act_data  0x200006f0       0x20 ./Core/Src/var.o
                0x200006f0                Act_data
 .bss.fall_L    0x20000710        0x3 ./Core/Src/var.o
                0x20000710                fall_L
 *fill*         0x20000713        0x1 
 .bss.fall_R    0x20000714        0x3 ./Core/Src/var.o
                0x20000714                fall_R
 .bss.angularvR
                0x20000717        0x1 ./Core/Src/var.o
                0x20000717                angularvR
 .bss.WR        0x20000718        0x1 ./Core/Src/var.o
                0x20000718                WR
 .bss.angularvL
                0x20000719        0x1 ./Core/Src/var.o
                0x20000719                angularvL
 .bss.WL        0x2000071a        0x1 ./Core/Src/var.o
                0x2000071a                WL
 *fill*         0x2000071b        0x5 
 .bss.B_test    0x20000720       0x20 ./Core/Src/var.o
                0x20000720                B_test
 .bss.uwTick    0x20000740        0x4 ./Drivers/STM32F1xx_HAL_Driver/Src/stm32f1xx_hal.o
                0x20000740                uwTick
 .bss.pxCurrentTCB
                0x20000744        0x4 ./Middlewares/Third_Party/FreeRTOS/Source/tasks.o
                0x20000744                pxCurrentTCB
 .bss.pxReadyTasksLists
                0x20000748       0x8c ./Middlewares/Third_Party/FreeRTOS/Source/tasks.o
 .bss.xDelayedTaskList1
                0x200007d4       0x14 ./Middlewares/Third_Party/FreeRTOS/Source/tasks.o
 .bss.xDelayedTaskList2
                0x200007e8       0x14 ./Middlewares/Third_Party/FreeRTOS/Source/tasks.o
 .bss.pxDelayedTaskList
                0x200007fc        0x4 ./Middlewares/Third_Party/FreeRTOS/Source/tasks.o
 .bss.pxOverflowDelayedTaskList
                0x20000800        0x4 ./Middlewares/Third_Party/FreeRTOS/Source/tasks.o
 .bss.xPendingReadyList
                0x20000804       0x14 ./Middlewares/Third_Party/FreeRTOS/Source/tasks.o
 .bss.xTasksWaitingTermination
                0x20000818       0x14 ./Middlewares/Third_Party/FreeRTOS/Source/tasks.o
 .bss.uxDeletedTasksWaitingCleanUp
                0x2000082c        0x4 ./Middlewares/Third_Party/FreeRTOS/Source/tasks.o
 .bss.xSuspendedTaskList
                0x20000830       0x14 ./Middlewares/Third_Party/FreeRTOS/Source/tasks.o
 .bss.uxCurrentNumberOfTasks
                0x20000844        0x4 ./Middlewares/Third_Party/FreeRTOS/Source/tasks.o
 .bss.xTickCount
                0x20000848        0x4 ./Middlewares/Third_Party/FreeRTOS/Source/tasks.o
 .bss.uxTopReadyPriority
                0x2000084c        0x4 ./Middlewares/Third_Party/FreeRTOS/Source/tasks.o
 .bss.xSchedulerRunning
                0x20000850        0x4 ./Middlewares/Third_Party/FreeRTOS/Source/tasks.o
 .bss.xPendedTicks
                0x20000854        0x4 ./Middlewares/Third_Party/FreeRTOS/Source/tasks.o
 .bss.xYieldPending
                0x20000858        0x4 ./Middlewares/Third_Party/FreeRTOS/Source/tasks.o
 .bss.xNumOfOverflows
                0x2000085c        0x4 ./Middlewares/Third_Party/FreeRTOS/Source/tasks.o
 .bss.uxTaskNumber
                0x20000860        0x4 ./Middlewares/Third_Party/FreeRTOS/Source/tasks.o
 .bss.xNextTaskUnblockTime
                0x20000864        0x4 ./Middlewares/Third_Party/FreeRTOS/Source/tasks.o
 .bss.xIdleTaskHandle
                0x20000868        0x4 ./Middlewares/Third_Party/FreeRTOS/Source/tasks.o
 .bss.uxSchedulerSuspended
                0x2000086c        0x4 ./Middlewares/Third_Party/FreeRTOS/Source/tasks.o
 .bss.ucMaxSysCallPriority
                0x20000870        0x1 ./Middlewares/Third_Party/FreeRTOS/Source/portable/GCC/ARM_CM3/port.o
 *fill*         0x20000871        0x3 
 .bss.ulMaxPRIGROUPValue
                0x20000874        0x4 ./Middlewares/Third_Party/FreeRTOS/Source/portable/GCC/ARM_CM3/port.o
 .bss.ucHeap    0x20000878      0xc00 ./Middlewares/Third_Party/FreeRTOS/Source/portable/MemMang/heap_4.o
 .bss.xStart    0x20001478        0x8 ./Middlewares/Third_Party/FreeRTOS/Source/portable/MemMang/heap_4.o
 .bss.pxEnd     0x20001480        0x4 ./Middlewares/Third_Party/FreeRTOS/Source/portable/MemMang/heap_4.o
 .bss.xFreeBytesRemaining
                0x20001484        0x4 ./Middlewares/Third_Party/FreeRTOS/Source/portable/MemMang/heap_4.o
 .bss.xMinimumEverFreeBytesRemaining
                0x20001488        0x4 ./Middlewares/Third_Party/FreeRTOS/Source/portable/MemMang/heap_4.o
 .bss.xNumberOfSuccessfulAllocations
                0x2000148c        0x4 ./Middlewares/Third_Party/FreeRTOS/Source/portable/MemMang/heap_4.o
 .bss.xNumberOfSuccessfulFrees
                0x20001490        0x4 ./Middlewares/Third_Party/FreeRTOS/Source/portable/MemMang/heap_4.o
 .bss.xBlockAllocatedBit
                0x20001494        0x4 ./Middlewares/Third_Party/FreeRTOS/Source/portable/MemMang/heap_4.o
 .bss.__sf      0x20001498      0x138 C:/ST/STM32CubeIDE_1.19.0/STM32CubeIDE/plugins/com.st.stm32cube.ide.mcu.externaltools.gnu-tools-for-stm32.13.3.rel1.win32_1.0.100.202509120712/tools/bin/../lib/gcc/arm-none-eabi/13.3.1/../../../../arm-none-eabi/lib/thumb/v7-m/nofp\libc_nano.a(libc_a-findfp.o)
                0x20001498                __sf
 .bss.__lock___malloc_recursive_mutex
                0x200015d0        0x1 C:/ST/STM32CubeIDE_1.19.0/STM32CubeIDE/plugins/com.st.stm32cube.ide.mcu.externaltools.gnu-tools-for-stm32.13.3.rel1.win32_1.0.100.202509120712/tools/bin/../lib/gcc/arm-none-eabi/13.3.1/../../../../arm-none-eabi/lib/thumb/v7-m/nofp\libc_nano.a(libc_a-lock.o)
                0x200015d0                __lock___malloc_recursive_mutex
 *fill*         0x200015d1        0x3 
 .bss.__malloc_free_list
                0x200015d4        0x4 C:/ST/STM32CubeIDE_1.19.0/STM32CubeIDE/plugins/com.st.stm32cube.ide.mcu.externaltools.gnu-tools-for-stm32.13.3.rel1.win32_1.0.100.202509120712/tools/bin/../lib/gcc/arm-none-eabi/13.3.1/../../../../arm-none-eabi/lib/thumb/v7-m/nofp\libc_nano.a(libc_a-mallocr.o)
                0x200015d4                __malloc_free_list
 *(COMMON)
                0x200015d8                        . = ALIGN (0x4)
                0x200015d8                        _ebss = .
                0x200015d8                        __bss_end__ = _ebss

._user_heap_stack
                0x200015d8      0x600 load address 0x0800e208
                0x200015d8                        . = ALIGN (0x8)
                [!provide]                        PROVIDE (end = .)
                0x200015d8                        PROVIDE (_end = .)
                0x200017d8                        . = (. + _Min_Heap_Size)
 *fill*         0x200015d8      0x200 
                0x20001bd8                        . = (. + _Min_Stack_Size)
 *fill*         0x200017d8      0x400 
                0x20001bd8                        . = ALIGN (0x8)

/DISCARD/
 libc.a(*)
 libm.a(*)
 libgcc.a(*)

.ARM.attributes
                0x00000000       0x29
 *(.ARM.attributes)
 .ARM.attributes
                0x00000000       0x1d C:/ST/STM32CubeIDE_1.19.0/STM32CubeIDE/plugins/com.st.stm32cube.ide.mcu.externaltools.gnu-tools-for-stm32.13.3.rel1.win32_1.0.100.202509120712/tools/bin/../lib/gcc/arm-none-eabi/13.3.1/thumb/v7-m/nofp/crti.o
 .ARM.attributes
                0x0000001d       0x2d C:/ST/STM32CubeIDE_1.19.0/STM32CubeIDE/plugins/com.st.stm32cube.ide.mcu.externaltools.gnu-tools-for-stm32.13.3.rel1.win32_1.0.100.202509120712/tools/bin/../lib/gcc/arm-none-eabi/13.3.1/thumb/v7-m/nofp/crtbegin.o
 .ARM.attributes
                0x0000004a       0x2d ./Core/Src/BT.o
 .ARM.attributes
                0x00000077       0x2d ./Core/Src/GPIO.o
 .ARM.attributes
                0x000000a4       0x2d ./Core/Src/PCF85063A.o
 .ARM.attributes
                0x000000d1       0x2d ./Core/Src/W25Qxx.o
 .ARM.attributes
                0x000000fe       0x2d ./Core/Src/flashio.o
 .ARM.attributes
                0x0000012b       0x2d ./Core/Src/freertos.o
 .ARM.attributes
                0x00000158       0x2d ./Core/Src/function.o
 .ARM.attributes
                0x00000185       0x2d ./Core/Src/icm20948.o
 .ARM.attributes
                0x000001b2       0x2d ./Core/Src/main.o
 .ARM.attributes
                0x000001df       0x2d ./Core/Src/stm32f1xx_hal_msp.o
 .ARM.attributes
                0x0000020c       0x2d ./Core/Src/stm32f1xx_hal_timebase_tim.o
 .ARM.attributes
                0x00000239       0x2d ./Core/Src/stm32f1xx_it.o
 .ARM.attributes
                0x00000266       0x2d ./Core/Src/system_stm32f1xx.o
 .ARM.attributes
                0x00000293       0x2d ./Core/Src/var.o
 .ARM.attributes
                0x000002c0       0x21 ./Core/Startup/startup_stm32f103rctx.o
 .ARM.attributes
                0x000002e1       0x2d ./Drivers/STM32F1xx_HAL_Driver/Src/stm32f1xx_hal.o
 .ARM.attributes
                0x0000030e       0x2d ./Drivers/STM32F1xx_HAL_Driver/Src/stm32f1xx_hal_adc.o
 .ARM.attributes
                0x0000033b       0x2d ./Drivers/STM32F1xx_HAL_Driver/Src/stm32f1xx_hal_cortex.o
 .ARM.attributes
                0x00000368       0x2d ./Drivers/STM32F1xx_HAL_Driver/Src/stm32f1xx_hal_dma.o
 .ARM.attributes
                0x00000395       0x2d ./Drivers/STM32F1xx_HAL_Driver/Src/stm32f1xx_hal_gpio.o
 .ARM.attributes
                0x000003c2       0x2d ./Drivers/STM32F1xx_HAL_Driver/Src/stm32f1xx_hal_i2c.o
 .ARM.attributes
                0x000003ef       0x2d ./Drivers/STM32F1xx_HAL_Driver/Src/stm32f1xx_hal_iwdg.o
 .ARM.attributes
                0x0000041c       0x2d ./Drivers/STM32F1xx_HAL_Driver/Src/stm32f1xx_hal_pwr.o
 .ARM.attributes