../Core/Src/flashio.c:11:9:writeFlash	24	static
../Core/Src/flashio.c:21:6:readFlash	16	static
../Core/Src/flashio.c:35:9:Read_int16_flash	24	static
../Core/Src/flashio.c:41:6:write_int16_flash	24	static
../Core/Src/flashio.c:51:10:Read_uint32_flash	24	static
../Core/Src/flashio.c:61:6:write_uint32_flash	24	static
../Core/Src/flashio.c:75:6:ReadSetting	8	static
../Core/Src/flashio.c:123:6:writeSetting	8	static
../Core/Src/flashio.c:161:6:Read4stage_data	8	static
../Core/Src/flashio.c:167:6:Readmanualcount	8	static
../Core/Src/flashio.c:180:6:manualcountwrite	8	static
../Core/Src/flashio.c:195:6:rstcountWrite	8	static
../Core/Src/flashio.c:201:6:rstcountRead	8	static
../Core/Src/flashio.c:205:6:Write4stage_data	8	static
../Core/Src/flashio.c:213:6:dataWrite	16	static
../Core/Src/flashio.c:219:6:EraseAllSector	16	static
../Core/Src/flashio.c:229:6:Reset	8	static
../Core/Src/flashio.c:235:6:EraseNextSector	16	static
