../Drivers/CMSIS/Include/core_cm3.h:1762:34:__NVIC_SystemReset	4	static,ignoring_inline_asm
../Core/Src/function.c:18:6:leftsensor	64	static
../Core/Src/function.c:36:6:rightsensor	64	static
../Core/Src/function.c:54:6:Callibration_value	4	static
../Core/Src/function.c:75:9:checkPosture	24	static
../Core/Src/function.c:124:6:commandFunc	32	static
../Core/Src/function.c:436:6:HealthStatus	8	static
../Core/Src/function.c:457:6:ManualMode	16	static
../Core/Src/function.c:495:6:Define_Mode	4	static
../Core/Src/function.c:505:6:automaticMode	8	static
../Core/Src/function.c:522:6:CheckStatus	8	static
../Core/Src/function.c:531:6:handlePostureChange	8	static
../Core/Src/function.c:548:6:SOS	16	static
../Core/Src/function.c:558:6:BUttonSOS	16	static
../Core/Src/function.c:569:6:updatepostureflags	4	static
../Core/Src/function.c:592:6:standposture	8	static
../Core/Src/function.c:615:6:sitposture	8	static
../Core/Src/function.c:638:6:walkposture	8	static
../Core/Src/function.c:665:6:reinflation	8	static
../Core/Src/function.c:677:6:updatetime	8	static
../Core/Src/function.c:688:6:Error	8	static
../Core/Src/function.c:695:6:_30sec_test	8	static
../Core/Src/function.c:725:6:_5timessittostand_test	8	static
../Core/Src/function.c:744:6:TUG_Test	8	static
../Core/Src/function.c:767:6:_4Stage_test	56	static
../Core/Src/function.c:801:6:balancetest	8	static
../Core/Src/function.c:826:6:sendLivedata	88	static
../Core/Src/function.c:880:6:cal_data	24	static
../Core/Src/function.c:897:6:systemReset	8	static
../Core/Src/function.c:927:6:readmemory	16	static
