../Core/Src/GPIO.c:16:6:Powerswitch	8	static
../Core/Src/GPIO.c:60:6:Battery_level	8	static
../Core/Src/GPIO.c:75:6:BAT_CHAR_STATUS	8	static
../Core/Src/GPIO.c:79:6:FAN1_ON	8	static
../Core/Src/GPIO.c:80:6:FAN1_OFF	8	static
../Core/Src/GPIO.c:81:6:FAN2_ON	8	static
../Core/Src/GPIO.c:82:6:FAN2_OFF	8	static
../Core/Src/GPIO.c:85:6:redled	8	static
../Core/Src/GPIO.c:86:6:greenled	8	static
../Core/Src/GPIO.c:87:6:redledoff	8	static
../Core/Src/GPIO.c:88:6:greenledoff	8	static
../Core/Src/GPIO.c:90:6:N20_1_CW	8	static
../Core/Src/GPIO.c:95:6:N20_1_ACW	8	static
../Core/Src/GPIO.c:100:6:N20_1_OFF	8	static
../Core/Src/GPIO.c:105:6:N20_2_CW	8	static
../Core/Src/GPIO.c:110:6:N20_2_ACW	8	static
../Core/Src/GPIO.c:115:6:N20_2_OFF	8	static
../Core/Src/GPIO.c:123:6:N20_1_WKUP	8	static
../Core/Src/GPIO.c:124:6:N20_1_SLEEP	8	static
../Core/Src/GPIO.c:125:6:N20_2_WKUP	8	static
../Core/Src/GPIO.c:126:6:N20_2_SLEEP	8	static
../Core/Src/GPIO.c:128:6:BUZZER_ON	16	static
../Core/Src/GPIO.c:140:6:BUZZER_OFF	8	static
