../Core/Inc/Exicution.h:18:6:valvevalue	16	static
../Core/Inc/Exicution.h:25:6:Reset_valvevalue	4	static
../Core/Inc/Exicution.h:35:19:OpenValve	16	static
../Core/Inc/Exicution.h:71:19:CloseValve	16	static
../Core/Inc/Exicution.h:106:19:INFLATION	8	static
../Core/Inc/Exicution.h:126:19:DEFLATION	8	static
../Core/Inc/Exicution.h:130:6:fall	8	static
../Core/Inc/rtc.h:11:26:RTC_SetInit	24	static
../Core/Inc/rtc.h:31:26:RTC_SetExit	24	static
../Core/Inc/rtc.h:50:20:setRTC	24	static
../Core/Inc/PCF85063A.h:15:16:DecimalToBCD	16	static
../Core/Inc/PCF85063A.h:20:16:BCDToDecimal	16	static
../Core/Src/main.c:100:6:HARDWRAE_ERROR	4	static
../Core/Src/main.c:109:5:main	104	static
../Core/Src/main.c:200:6:SystemClock_Config	96	static
../Core/Src/main.c:249:13:MX_ADC1_Init	24	static
../Core/Src/main.c:332:13:MX_I2C1_Init	8	static
../Core/Src/main.c:366:13:MX_I2C2_Init	8	static
../Core/Src/main.c:400:13:MX_IWDG_Init	8	static
../Core/Src/main.c:428:13:MX_RTC_Init	8	static
../Core/Src/main.c:459:13:MX_SPI1_Init	8	static
../Core/Src/main.c:497:13:MX_USART1_UART_Init	8	static
../Core/Src/main.c:528:13:MX_DMA_Init	16	static
../Core/Src/main.c:546:13:MX_GPIO_Init	40	static
../Core/Src/main.c:641:6:DWT_Delay_Init	4	static
../Core/Src/main.c:648:6:delay_us	24	static
../Core/Src/main.c:655:6:HAL_GPIO_EXTI_Callback	16	static
../Core/Src/main.c:673:6:StartDefaultTask	16	static
../Core/Src/main.c:734:6:Start_IMU_TASK	24	static
../Core/Src/main.c:766:6:Start_BT_Task	16	static
../Core/Src/main.c:792:6:HAL_TIM_PeriodElapsedCallback	16	static
../Core/Src/main.c:816:6:Error_Handler	4	static,ignoring_inline_asm
