../Core/Inc/Exicution.h:18:6:valvevalue	1
../Core/Inc/Exicution.h:25:6:Reset_valvevalue	1
../Core/Inc/Exicution.h:35:19:OpenValve	12
../Core/Inc/Exicution.h:71:19:CloseValve	12
../Core/Inc/Exicution.h:106:19:INFLATION	4
../Core/Inc/Exicution.h:126:19:DEFLATION	1
../Core/Inc/Exicution.h:130:6:fall	3
../Core/Inc/rtc.h:11:26:RTC_SetInit	3
../Core/Inc/rtc.h:31:26:RTC_SetExit	3
../Core/Inc/rtc.h:50:20:setRTC	3
../Core/Inc/PCF85063A.h:15:16:DecimalToBCD	1
../Core/Inc/PCF85063A.h:20:16:BCDToDecimal	1
../Core/Src/main.c:100:6:HARDWRAE_ERROR	1
../Core/Src/main.c:109:5:main	1
../Core/Src/main.c:200:6:SystemClock_Config	4
../Core/Src/main.c:249:13:MX_ADC1_Init	7
../Core/Src/main.c:332:13:MX_I2C1_Init	2
../Core/Src/main.c:366:13:MX_I2C2_Init	2
../Core/Src/main.c:400:13:MX_IWDG_Init	2
../Core/Src/main.c:428:13:MX_RTC_Init	2
../Core/Src/main.c:459:13:MX_SPI1_Init	2
../Core/Src/main.c:497:13:MX_USART1_UART_Init	2
../Core/Src/main.c:528:13:MX_DMA_Init	1
../Core/Src/main.c:546:13:MX_GPIO_Init	1
../Core/Src/main.c:641:6:DWT_Delay_Init	1
../Core/Src/main.c:648:6:delay_us	2
../Core/Src/main.c:655:6:HAL_GPIO_EXTI_Callback	2
../Core/Src/main.c:673:6:StartDefaultTask	2
../Core/Src/main.c:734:6:Start_IMU_TASK	1
../Core/Src/main.c:766:6:Start_BT_Task	2
../Core/Src/main.c:792:6:HAL_TIM_PeriodElapsedCallback	2
../Core/Src/main.c:816:6:Error_Handler	1
