../Core/Src/W25Qxx.c:16:6:W25Q_Delay	16	static
../Core/Src/W25Qxx.c:21:6:csLOW	8	static
../Core/Src/W25Qxx.c:25:6:csHIGH	8	static
../Core/Src/W25Qxx.c:30:6:SPI_Write	24	static
../Core/Src/W25Qxx.c:35:6:SPI_Read	24	static
../Core/Src/W25Qxx.c:42:6:W25Q_Reset	16	static
../Core/Src/W25Qxx.c:53:10:W25Q_ReadID	16	static
../Core/Src/W25Qxx.c:64:10:W25Q_GetFlashSize	24	static
../Core/Src/W25Qxx.c:89:6:W25Q_Read	40	static
../Core/Src/W25Qxx.c:124:6:W25Q_FastRead	40	static
../Core/Src/W25Qxx.c:161:6:write_enable	16	static
../Core/Src/W25Qxx.c:170:6:write_disable	16	static
../Core/Src/W25Qxx.c:179:10:bytestowrite	16	static
../Core/Src/W25Qxx.c:185:10:bytestomodify	16	static
../Core/Src/W25Qxx.c:191:6:W25Q_Erase_Sector	32	static
../Core/Src/W25Qxx.c:228:6:chipErase	16	static
../Core/Src/W25Qxx.c:237:6:W25Q_Write_Clean	344	static
../Core/Src/W25Qxx.c:321:6:W25Q_Write	4160	static
../Core/Src/W25Qxx.c:351:9:W25Q_Read_Byte	32	static
../Core/Src/W25Qxx.c:388:6:W25Q_Write_Byte	24	static
../Core/Src/W25Qxx.c:426:6:float2Bytes	24	static
../Core/Src/W25Qxx.c:442:7:Bytes2float	32	static
../Core/Src/W25Qxx.c:457:6:W25Q_Write_NUM	24	static
../Core/Src/W25Qxx.c:470:7:W25Q_Read_NUM	24	static
