Archive member included to satisfy reference by file (symbol)

C:/ST/STM32CubeIDE_1.19.0/STM32CubeIDE/plugins/com.st.stm32cube.ide.mcu.externaltools.gnu-tools-for-stm32.13.3.rel1.win32_1.0.0.202411081344/tools/bin/../lib/gcc/arm-none-eabi/13.3.1/../../../../arm-none-eabi/lib/thumb/v7-m/nofp\libc_nano.a(libc_a-exit.o)
                              C:/ST/STM32CubeIDE_1.19.0/STM32CubeIDE/plugins/com.st.stm32cube.ide.mcu.externaltools.gnu-tools-for-stm32.13.3.rel1.win32_1.0.0.202411081344/tools/bin/../lib/gcc/arm-none-eabi/13.3.1/../../../../arm-none-eabi/lib/thumb/v7-m/nofp/crt0.o (exit)
C:/ST/STM32CubeIDE_1.19.0/STM32CubeIDE/plugins/com.st.stm32cube.ide.mcu.externaltools.gnu-tools-for-stm32.13.3.rel1.win32_1.0.0.202411081344/tools/bin/../lib/gcc/arm-none-eabi/13.3.1/../../../../arm-none-eabi/lib/thumb/v7-m/nofp\libc_nano.a(libc_a-findfp.o)
                              C:/ST/STM32CubeIDE_1.19.0/STM32CubeIDE/plugins/com.st.stm32cube.ide.mcu.externaltools.gnu-tools-for-stm32.13.3.rel1.win32_1.0.0.202411081344/tools/bin/../lib/gcc/arm-none-eabi/13.3.1/../../../../arm-none-eabi/lib/thumb/v7-m/nofp\libc_nano.a(libc_a-exit.o) (__stdio_exit_handler)
C:/ST/STM32CubeIDE_1.19.0/STM32CubeIDE/plugins/com.st.stm32cube.ide.mcu.externaltools.gnu-tools-for-stm32.13.3.rel1.win32_1.0.0.202411081344/tools/bin/../lib/gcc/arm-none-eabi/13.3.1/../../../../arm-none-eabi/lib/thumb/v7-m/nofp\libc_nano.a(libc_a-fwalk.o)
                              C:/ST/STM32CubeIDE_1.19.0/STM32CubeIDE/plugins/com.st.stm32cube.ide.mcu.externaltools.gnu-tools-for-stm32.13.3.rel1.win32_1.0.0.202411081344/tools/bin/../lib/gcc/arm-none-eabi/13.3.1/../../../../arm-none-eabi/lib/thumb/v7-m/nofp\libc_nano.a(libc_a-findfp.o) (_fwalk_sglue)
C:/ST/STM32CubeIDE_1.19.0/STM32CubeIDE/plugins/com.st.stm32cube.ide.mcu.externaltools.gnu-tools-for-stm32.13.3.rel1.win32_1.0.0.202411081344/tools/bin/../lib/gcc/arm-none-eabi/13.3.1/../../../../arm-none-eabi/lib/thumb/v7-m/nofp\libc_nano.a(libc_a-stdio.o)
                              C:/ST/STM32CubeIDE_1.19.0/STM32CubeIDE/plugins/com.st.stm32cube.ide.mcu.externaltools.gnu-tools-for-stm32.13.3.rel1.win32_1.0.0.202411081344/tools/bin/../lib/gcc/arm-none-eabi/13.3.1/../../../../arm-none-eabi/lib/thumb/v7-m/nofp\libc_nano.a(libc_a-findfp.o) (__sread)
C:/ST/STM32CubeIDE_1.19.0/STM32CubeIDE/plugins/com.st.stm32cube.ide.mcu.externaltools.gnu-tools-for-stm32.13.3.rel1.win32_1.0.0.202411081344/tools/bin/../lib/gcc/arm-none-eabi/13.3.1/../../../../arm-none-eabi/lib/thumb/v7-m/nofp\libc_nano.a(libc_a-memset.o)
                              C:/ST/STM32CubeIDE_1.19.0/STM32CubeIDE/plugins/com.st.stm32cube.ide.mcu.externaltools.gnu-tools-for-stm32.13.3.rel1.win32_1.0.0.202411081344/tools/bin/../lib/gcc/arm-none-eabi/13.3.1/../../../../arm-none-eabi/lib/thumb/v7-m/nofp/crt0.o (memset)
C:/ST/STM32CubeIDE_1.19.0/STM32CubeIDE/plugins/com.st.stm32cube.ide.mcu.externaltools.gnu-tools-for-stm32.13.3.rel1.win32_1.0.0.202411081344/tools/bin/../lib/gcc/arm-none-eabi/13.3.1/../../../../arm-none-eabi/lib/thumb/v7-m/nofp\libc_nano.a(libc_a-closer.o)
                              C:/ST/STM32CubeIDE_1.19.0/STM32CubeIDE/plugins/com.st.stm32cube.ide.mcu.externaltools.gnu-tools-for-stm32.13.3.rel1.win32_1.0.0.202411081344/tools/bin/../lib/gcc/arm-none-eabi/13.3.1/../../../../arm-none-eabi/lib/thumb/v7-m/nofp\libc_nano.a(libc_a-stdio.o) (_close_r)
C:/ST/STM32CubeIDE_1.19.0/STM32CubeIDE/plugins/com.st.stm32cube.ide.mcu.externaltools.gnu-tools-for-stm32.13.3.rel1.win32_1.0.0.202411081344/tools/bin/../lib/gcc/arm-none-eabi/13.3.1/../../../../arm-none-eabi/lib/thumb/v7-m/nofp\libc_nano.a(libc_a-reent.o)
                              C:/ST/STM32CubeIDE_1.19.0/STM32CubeIDE/plugins/com.st.stm32cube.ide.mcu.externaltools.gnu-tools-for-stm32.13.3.rel1.win32_1.0.0.202411081344/tools/bin/../lib/gcc/arm-none-eabi/13.3.1/../../../../arm-none-eabi/lib/thumb/v7-m/nofp\libc_nano.a(libc_a-closer.o) (errno)
C:/ST/STM32CubeIDE_1.19.0/STM32CubeIDE/plugins/com.st.stm32cube.ide.mcu.externaltools.gnu-tools-for-stm32.13.3.rel1.win32_1.0.0.202411081344/tools/bin/../lib/gcc/arm-none-eabi/13.3.1/../../../../arm-none-eabi/lib/thumb/v7-m/nofp\libc_nano.a(libc_a-impure.o)
                              C:/ST/STM32CubeIDE_1.19.0/STM32CubeIDE/plugins/com.st.stm32cube.ide.mcu.externaltools.gnu-tools-for-stm32.13.3.rel1.win32_1.0.0.202411081344/tools/bin/../lib/gcc/arm-none-eabi/13.3.1/../../../../arm-none-eabi/lib/thumb/v7-m/nofp\libc_nano.a(libc_a-reent.o) (_impure_ptr)
C:/ST/STM32CubeIDE_1.19.0/STM32CubeIDE/plugins/com.st.stm32cube.ide.mcu.externaltools.gnu-tools-for-stm32.13.3.rel1.win32_1.0.0.202411081344/tools/bin/../lib/gcc/arm-none-eabi/13.3.1/../../../../arm-none-eabi/lib/thumb/v7-m/nofp\libc_nano.a(libc_a-lseekr.o)
[...]
Memory Configuration

Name             Origin             Length             Attributes
RAM              0x20000000         0x0000c000         xrw
FLASH            0x08000000         0x00040000         xr
*default*        0x00000000         0xffffffff

Linker script and memory map

LOAD C:/ST/STM32CubeIDE_1.19.0/STM32CubeIDE/plugins/com.st.stm32cube.ide.mcu.externaltools.gnu-tools-for-stm32.13.3.rel1.win32_1.0.0.202411081344/tools/bin/../lib/gcc/arm-none-eabi/13.3.1/thumb/v7-m/nofp/crti.o
LOAD C:/ST/STM32CubeIDE_1.19.0/STM32CubeIDE/plugins/com.st.stm32cube.ide.mcu.externaltools.gnu-tools-for-stm32.13.3.rel1.win32_1.0.0.202411081344/tools/bin/../lib/gcc/arm-none-eabi/13.3.1/thumb/v7-m/nofp/crtbegin.o
LOAD C:/ST/STM32CubeIDE_1.19.0/STM32CubeIDE/plugins/com.st.stm32cube.ide.mcu.externaltools.gnu-tools-for-stm32.13.3.rel1.win32_1.0.0.202411081344/tools/bin/../lib/gcc/arm-none-eabi/13.3.1/../../../../arm-none-eabi/lib/thumb/v7-m/nofp/crt0.o
LOAD ./Core/Src/i2c.o
LOAD ./Core/Src/main.o
LOAD ./Core/Src/stm32f1xx_hal_msp.o
LOAD ./Core/Src/stm32f1xx_it.o
LOAD ./Core/Src/syscalls.o
LOAD ./Core/Src/sysmem.o
LOAD ./Core/Src/system_stm32f1xx.o
LOAD ./Core/Startup/startup_stm32f103rctx.o
LOAD ./Drivers/STM32F1xx_HAL_Driver/Src/stm32f1xx_hal.o
LOAD ./Drivers/STM32F1xx_HAL_Driver/Src/stm32f1xx_hal_adc.o
LOAD ./Drivers/STM32F1xx_HAL_Driver/Src/stm32f1xx_hal_adc_ex.o
LOAD ./Drivers/STM32F1xx_HAL_Driver/Src/stm32f1xx_hal_cortex.o
LOAD ./Drivers/STM32F1xx_HAL_Driver/Src/stm32f1xx_hal_dma.o
LOAD ./Drivers/STM32F1xx_HAL_Driver/Src/stm32f1xx_hal_exti.o
LOAD ./Drivers/STM32F1xx_HAL_Driver/Src/stm32f1xx_hal_flash.o
LOAD ./Drivers/STM32F1xx_HAL_Driver/Src/stm32f1xx_hal_flash_ex.o
LOAD ./Drivers/STM32F1xx_HAL_Driver/Src/stm32f1xx_hal_gpio.o
LOAD ./Drivers/STM32F1xx_HAL_Driver/Src/stm32f1xx_hal_gpio_ex.o
LOAD ./Drivers/STM32F1xx_HAL_Driver/Src/stm32f1xx_hal_i2c.o
LOAD ./Drivers/STM32F1xx_HAL_Driver/Src/stm32f1xx_hal_pwr.o
LOAD ./Drivers/STM32F1xx_HAL_Driver/Src/stm32f1xx_hal_rcc.o
LOAD ./Drivers/STM32F1xx_HAL_Driver/Src/stm32f1xx_hal_rcc_ex.o
START GROUP
LOAD C:/ST/STM32CubeIDE_1.19.0/STM32CubeIDE/plugins/com.st.stm32cube.ide.mcu.externaltools.gnu-tools-for-stm32.13.3.rel1.win32_1.0.0.202411081344/tools/bin/../lib/gcc/arm-none-eabi/13.3.1/../../../../arm-none-eabi/lib/thumb/v7-m/nofp\libc_nano.a
LOAD C:/ST/STM32CubeIDE_1.19.0/STM32CubeIDE/plugins/com.st.stm32cube.ide.mcu.externaltools.gnu-tools-for-stm32.13.3.rel1.win32_1.0.0.202411081344/tools/bin/../lib/gcc/arm-none-eabi/13.3.1/../../../../arm-none-eabi/lib/thumb/v7-m/nofp\libm.a
END GROUP
START GROUP
LOAD C:/ST/STM32CubeIDE_1.19.0/STM32CubeIDE/plugins/com.st.stm32cube.ide.mcu.externaltools.gnu-tools-for-stm32.13.3.rel1.win32_1.0.0.202411081344/tools/bin/../lib/gcc/arm-none-eabi/13.3.1/thumb/v7-m/nofp\libgcc.a
LOAD C:/ST/STM32CubeIDE_1.19.0/STM32CubeIDE/plugins/com.st.stm32cube.ide.mcu.externaltools.gnu-tools-for-stm32.13.3.rel1.win32_1.0.0.202411081344/tools/bin/../lib/gcc/arm-none-eabi/13.3.1/../../../../arm-none-eabi/lib/thumb/v7-m/nofp\libc_nano.a
END GROUP
START GROUP
LOAD C:/ST/STM32CubeIDE_1.19.0/STM32CubeIDE/plugins/com.st.stm32cube.ide.mcu.externaltools.gnu-tools-for-stm32.13.3.rel1.win32_1.0.0.202411081344/tools/bin/../lib/gcc/arm-none-eabi/13.3.1/thumb/v7-m/nofp\libgcc.a
LOAD C:/ST/STM32CubeIDE_1.19.0/STM32CubeIDE/plugins/com.st.stm32cube.ide.mcu.externaltools.gnu-tools-for-stm32.13.3.rel1.win32_1.0.0.202411081344/tools/bin/../lib/gcc/arm-none-eabi/13.3.1/../../../../arm-none-eabi/lib/thumb/v7-m/nofp\libc_nano.a
LOAD C:/ST/STM32CubeIDE_1.19.0/STM32CubeIDE/plugins/com.st.stm32cube.ide.mcu.externaltools.gnu-tools-for-stm32.13.3.rel1.win32_1.0.0.202411081344/tools/bin/../lib/gcc/arm-none-eabi/13.3.1/../../../../arm-none-eabi/lib/thumb/v7-m/nofp\libnosys.a
END GROUP
START GROUP
LOAD C:/ST/STM32CubeIDE_1.19.0/STM32CubeIDE/plugins/com.st.stm32cube.ide.mcu.externaltools.gnu-tools-for-stm32.13.3.rel1.win32_1.0.0.202411081344/tools/bin/../lib/gcc/arm-none-eabi/13.3.1/thumb/v7-m/nofp\libgcc.a
LOAD C:/ST/STM32CubeIDE_1.19.0/STM32CubeIDE/plugins/com.st.stm32cube.ide.mcu.externaltools.gnu-tools-for-stm32.13.3.rel1.win32_1.0.0.202411081344/tools/bin/../lib/gcc/arm-none-eabi/13.3.1/../../../../arm-none-eabi/lib/thumb/v7-m/nofp\libc_nano.a
LOAD C:/ST/STM32CubeIDE_1.19.0/STM32CubeIDE/plugins/com.st.stm32cube.ide.mcu.externaltools.gnu-tools-for-stm32.13.3.rel1.win32_1.0.0.202411081344/tools/bin/../lib/gcc/arm-none-eabi/13.3.1/../../../../arm-none-eabi/lib/thumb/v7-m/nofp\libnosys.a
END GROUP
LOAD C:/ST/STM32CubeIDE_1.19.0/STM32CubeIDE/plugins/com.st.stm32cube.ide.mcu.externaltools.gnu-tools-for-stm32.13.3.rel1.win32_1.0.0.202411081344/tools/bin/../lib/gcc/arm-none-eabi/13.3.1/thumb/v7-m/nofp/crtend.o
LOAD C:/ST/STM32CubeIDE_1.19.0/STM32CubeIDE/plugins/com.st.stm32cube.ide.mcu.externaltools.gnu-tools-for-stm32.13.3.rel1.win32_1.0.0.202411081344/tools/bin/../lib/gcc/arm-none-eabi/13.3.1/thumb/v7-m/nofp/crtn.o
                0x2000c000                        _estack = (ORIGIN (RAM) + LENGTH (RAM))
                0x00000200                        _Min_Heap_Size = 0x200
                0x00000400                        _Min_Stack_Size = 0x400

.isr_vector     0x08000000      0x1e4
                0x08000000                        . = ALIGN (0x4)
 *(.isr_vector)
 .isr_vector    0x08000000      0x1e4 ./Core/Startup/startup_stm32f103rctx.o
                0x08000000                g_pfnVectors
                0x080001e4                        . = ALIGN (0x4)

.text           0x080001e4     0x355c
                0x080001e4                        . = ALIGN (0x4)
 *(.text)
 .text          0x080001e4       0x40 C:/ST/STM32CubeIDE_1.19.0/STM32CubeIDE/plugins/com.st.stm32cube.ide.mcu.externaltools.gnu-tools-for-stm32.13.3.rel1.win32_1.0.0.202411081344/tools/bin/../lib/gcc/arm-none-eabi/13.3.1/thumb/v7-m/nofp/crtbegin.o
 .text          0x08000224      0x378 C:/ST/STM32CubeIDE_1.19.0/STM32CubeIDE/plugins/com.st.stm32cube.ide.mcu.externaltools.gnu-tools-for-stm32.13.3.rel1.win32_1.0.0.202411081344/tools/bin/../lib/gcc/arm-none-eabi/13.3.1/thumb/v7-m/nofp\libgcc.a(_arm_addsubdf3.o)
                0x08000224                __aeabi_drsub
                0x0800022c                __aeabi_dsub
                0x0800022c                __subdf3
                0x08000230                __aeabi_dadd
                0x08000230                __adddf3
                0x080004a8                __floatunsidf
                0x080004a8                __aeabi_ui2d
                0x080004c8                __floatsidf
                0x080004c8                __aeabi_i2d
                0x080004ec                __aeabi_f2d
                0x080004ec                __extendsfdf2
                0x08000530                __floatundidf
                0x08000530                __aeabi_ul2d
                0x08000540                __floatdidf
                0x08000540                __aeabi_l2d
 .text          0x0800059c      0x424 C:/ST/STM32CubeIDE_1.19.0/STM32CubeIDE/plugins/com.st.stm32cube.ide.mcu.externaltools.gnu-tools-for-stm32.13.3.rel1.win32_1.0.0.202411081344/tools/bin/../lib/gcc/arm-none-eabi/13.3.1/thumb/v7-m/nofp\libgcc.a(_arm_muldivdf3.o)
                0x0800059c                __aeabi_dmul
                0x0800059c                __muldf3
                0x080007f0                __divdf3
                0x080007f0                __aeabi_ddiv
 .text          0x080009c0       0xa0 C:/ST/STM32CubeIDE_1.19.0/STM32CubeIDE/plugins/com.st.stm32cube.ide.mcu.externaltools.gnu-tools-for-stm32.13.3.rel1.win32_1.0.0.202411081344/tools/bin/../lib/gcc/arm-none-eabi/13.3.1/thumb/v7-m/nofp\libgcc.a(_arm_truncdfsf2.o)
                0x080009c0                __truncdfsf2
                0x080009c0                __aeabi_d2f
 *(.text*)
 .text.ICM20948_WriteRegister
                0x08000a60       0x42 ./Core/Src/i2c.o
                0x08000a60                ICM20948_WriteRegister
 .text.SelectBank
                0x08000aa2       0x2a ./Core/Src/i2c.o
                0x08000aa2                SelectBank
 .text.ICM20948_Init
                0x08000acc       0xe4 ./Core/Src/i2c.o
                0x08000acc                ICM20948_Init
 .text.ICM20948_Read_Accel
                0x08000bb0       0xfc ./Core/Src/i2c.o
                0x08000bb0                ICM20948_Read_Accel
 .text.main     0x08000cac       0x4c ./Core/Src/main.o
                0x08000cac                main
 .text.SystemClock_Config
                0x08000cf8       0xba ./Core/Src/main.o
                0x08000cf8                SystemClock_Config
 *fill*         0x08000db2        0x2 
 .text.MX_ADC1_Init
                0x08000db4      0x114 ./Core/Src/main.o
 .text.MX_I2C2_Init
                0x08000ec8       0x5c ./Core/Src/main.o
 .text.MX_GPIO_Init
                0x08000f24       0x74 ./Core/Src/main.o
 .text.Error_Handler
                0x08000f98        0xc ./Core/Src/main.o
                0x08000f98                Error_Handler
 .text.HAL_MspInit
                0x08000fa4       0x64 ./Core/Src/stm32f1xx_hal_msp.o
                0x08000fa4                HAL_MspInit
 .text.HAL_ADC_MspInit
                0x08001008       0x78 ./Core/Src/stm32f1xx_hal_msp.o
                0x08001008                HAL_ADC_MspInit
 .text.HAL_I2C_MspInit
                0x08001080       0x80 ./Core/Src/stm32f1xx_hal_msp.o
                0x08001080                HAL_I2C_MspInit
 .text.NMI_Handler
                0x08001100        0x8 ./Core/Src/stm32f1xx_it.o
                0x08001100                NMI_Handler
 .text.HardFault_Handler
                0x08001108        0x8 ./Core/Src/stm32f1xx_it.o
                0x08001108                HardFault_Handler
 .text.MemManage_Handler
                0x08001110        0x8 ./Core/Src/stm32f1xx_it.o
                0x08001110                MemManage_Handler
 .text.BusFault_Handler
                0x08001118        0x8 ./Core/Src/stm32f1xx_it.o
                0x08001118                BusFault_Handler
 .text.UsageFault_Handler
                0x08001120        0x8 ./Core/Src/stm32f1xx_it.o
                0x08001120                UsageFault_Handler
 .text.SVC_Handler
                0x08001128        0xc ./Core/Src/stm32f1xx_it.o
                0x08001128                SVC_Handler
 .text.DebugMon_Handler
                0x08001134        0xc ./Core/Src/stm32f1xx_it.o
                0x08001134                DebugMon_Handler
 .text.PendSV_Handler
                0x08001140        0xc ./Core/Src/stm32f1xx_it.o
                0x08001140                PendSV_Handler
 .text.SysTick_Handler
                0x0800114c        0xc ./Core/Src/stm32f1xx_it.o
                0x0800114c                SysTick_Handler
 .text.SystemInit
                0x08001158        0xc ./Core/Src/system_stm32f1xx.o
                0x08001158                SystemInit
 .text.Reset_Handler
                0x08001164       0x48 ./Core/Startup/startup_stm32f103rctx.o
                0x08001164                Reset_Handler
 .text.Default_Handler
                0x080011ac        0x2 ./Core/Startup/startup_stm32f103rctx.o
                0x080011ac                RTC_Alarm_IRQHandler
                0x080011ac                EXTI2_IRQHandler
                0x080011ac                TIM8_TRG_COM_IRQHandler
                0x080011ac                TIM8_CC_IRQHandler
                0x080011ac                TIM1_CC_IRQHandler
                0x080011ac                TIM6_IRQHandler
                0x080011ac                PVD_IRQHandler
                0x080011ac                SDIO_IRQHandler
                0x080011ac                EXTI3_IRQHandler
                0x080011ac                EXTI0_IRQHandler
                0x080011ac                I2C2_EV_IRQHandler
                0x080011ac                ADC1_2_IRQHandler
                0x080011ac                SPI1_IRQHandler
                0x080011ac                TAMPER_IRQHandler
                0x080011ac                TIM8_UP_IRQHandler
                0x080011ac                DMA2_Channel2_IRQHandler
                0x080011ac                DMA1_Channel4_IRQHandler
                0x080011ac                USART3_IRQHandler
                0x080011ac                RTC_IRQHandler
                0x080011ac                DMA1_Channel7_IRQHandler
                0x080011ac                CAN1_RX1_IRQHandler
                0x080011ac                UART5_IRQHandler
                0x080011ac                ADC3_IRQHandler
                0x080011ac                TIM4_IRQHandler
                0x080011ac                DMA2_Channel1_IRQHandler
                0x080011ac                I2C1_EV_IRQHandler
                0x080011ac                DMA1_Channel6_IRQHandler
                0x080011ac                UART4_IRQHandler
                0x080011ac                TIM3_IRQHandler
                0x080011ac                RCC_IRQHandler
                0x080011ac                TIM1_TRG_COM_IRQHandler
                0x080011ac                DMA1_Channel1_IRQHandler
                0x080011ac                Default_Handler
                0x080011ac                EXTI15_10_IRQHandler
                0x080011ac                TIM7_IRQHandler
                0x080011ac                TIM5_IRQHandler
                0x080011ac                EXTI9_5_IRQHandler
                0x080011ac                SPI2_IRQHandler
                0x080011ac                DMA1_Channel5_IRQHandler
                0x080011ac                EXTI4_IRQHandler
                0x080011ac                USB_LP_CAN1_RX0_IRQHandler
                0x080011ac                USB_HP_CAN1_TX_IRQHandler
                0x080011ac                DMA1_Channel3_IRQHandler
                0x080011ac                FSMC_IRQHandler
                0x080011ac                TIM1_UP_IRQHandler
                0x080011ac                WWDG_IRQHandler
                0x080011ac                TIM2_IRQHandler
                0x080011ac                TIM1_BRK_IRQHandler
                0x080011ac                EXTI1_IRQHandler
                0x080011ac                DMA2_Channel4_5_IRQHandler
                0x080011ac                USART2_IRQHandler
                0x080011ac                I2C2_ER_IRQHandler
                0x080011ac                DMA1_Channel2_IRQHandler
                0x080011ac                TIM8_BRK_IRQHandler
                0x080011ac                CAN1_SCE_IRQHandler
                0x080011ac                FLASH_IRQHandler
                0x080011ac                USART1_IRQHandler
                0x080011ac                SPI3_IRQHandler
                0x080011ac                I2C1_ER_IRQHandler
                0x080011ac                USBWakeUp_IRQHandler
                0x080011ac                DMA2_Channel3_IRQHandler
 *fill*         0x080011ae        0x2 
 .text.HAL_Init
                0x080011b0       0x2c ./Drivers/STM32F1xx_HAL_Driver/Src/stm32f1xx_hal.o
                0x080011b0                HAL_Init
 .text.HAL_InitTick
                0x080011dc       0x60 ./Drivers/STM32F1xx_HAL_Driver/Src/stm32f1xx_hal.o
                0x080011dc                HAL_InitTick
 .text.HAL_IncTick
                0x0800123c       0x24 ./Drivers/STM32F1xx_HAL_Driver/Src/stm32f1xx_hal.o
                0x0800123c                HAL_IncTick
 .text.HAL_GetTick
                0x08001260       0x14 ./Drivers/STM32F1xx_HAL_Driver/Src/stm32f1xx_hal.o
                0x08001260                HAL_GetTick
 .text.HAL_Delay
                0x08001274       0x48 ./Drivers/STM32F1xx_HAL_Driver/Src/stm32f1xx_hal.o
                0x08001274                HAL_Delay
 .text.HAL_ADC_Init
                0x080012bc      0x1d4 ./Drivers/STM32F1xx_HAL_Driver/Src/stm32f1xx_hal_adc.o
                0x080012bc                HAL_ADC_Init
 .text.HAL_ADC_ConfigChannel
                0x08001490      0x1f0 ./Drivers/STM32F1xx_HAL_Driver/Src/stm32f1xx_hal_adc.o
                0x08001490                HAL_ADC_ConfigChannel
 .text.HAL_ADC_AnalogWDGConfig
                0x08001680       0xac ./Drivers/STM32F1xx_HAL_Driver/Src/stm32f1xx_hal_adc.o
                0x08001680                HAL_ADC_AnalogWDGConfig
 .text.ADC_ConversionStop_Disable
                0x0800172c       0x82 ./Drivers/STM32F1xx_HAL_Driver/Src/stm32f1xx_hal_adc.o
                0x0800172c                ADC_ConversionStop_Disable
 *fill*         0x080017ae        0x2 
 .text.__NVIC_SetPriorityGrouping
                0x080017b0       0x48 ./Drivers/STM32F1xx_HAL_Driver/Src/stm32f1xx_hal_cortex.o
 .text.__NVIC_GetPriorityGrouping
                0x080017f8       0x1c ./Drivers/STM32F1xx_HAL_Driver/Src/stm32f1xx_hal_cortex.o
 .text.__NVIC_SetPriority
                0x08001814       0x54 ./Drivers/STM32F1xx_HAL_Driver/Src/stm32f1xx_hal_cortex.o
 .text.NVIC_EncodePriority
                0x08001868       0x64 ./Drivers/STM32F1xx_HAL_Driver/Src/stm32f1xx_hal_cortex.o
 .text.SysTick_Config
                0x080018cc       0x44 ./Drivers/STM32F1xx_HAL_Driver/Src/stm32f1xx_hal_cortex.o
 .text.HAL_NVIC_SetPriorityGrouping
                0x08001910       0x16 ./Drivers/STM32F1xx_HAL_Driver/Src/stm32f1xx_hal_cortex.o
                0x08001910                HAL_NVIC_SetPriorityGrouping
 .text.HAL_NVIC_SetPriority
                0x08001926       0x38 ./Drivers/STM32F1xx_HAL_Driver/Src/stm32f1xx_hal_cortex.o
                0x08001926                HAL_NVIC_SetPriority
 .text.HAL_SYSTICK_Config
                0x0800195e       0x18 ./Drivers/STM32F1xx_HAL_Driver/Src/stm32f1xx_hal_cortex.o
                0x0800195e                HAL_SYSTICK_Config
 *fill*         0x08001976        0x2 
 .text.HAL_GPIO_Init
                0x08001978      0x328 ./Drivers/STM32F1xx_HAL_Driver/Src/stm32f1xx_hal_gpio.o
                0x08001978                HAL_GPIO_Init
 .text.HAL_I2C_Init
                0x08001ca0      0x288 ./Drivers/STM32F1xx_HAL_Driver/Src/stm32f1xx_hal_i2c.o
                0x08001ca0                HAL_I2C_Init
 .text.HAL_I2C_Mem_Write
                0x08001f28      0x1f4 ./Drivers/STM32F1xx_HAL_Driver/Src/stm32f1xx_hal_i2c.o
                0x08001f28                HAL_I2C_Mem_Write
 .text.HAL_I2C_Mem_Read
                0x0800211c      0x4e8 ./Drivers/STM32F1xx_HAL_Driver/Src/stm32f1xx_hal_i2c.o
                0x0800211c                HAL_I2C_Mem_Read
 .text.I2C_RequestMemoryWrite
                0x08002604      0x12c ./Drivers/STM32F1xx_HAL_Driver/Src/stm32f1xx_hal_i2c.o
 .text.I2C_RequestMemoryRead
                0x08002730      0x1d0 ./Drivers/STM32F1xx_HAL_Driver/Src/stm32f1xx_hal_i2c.o
 .text.I2C_WaitOnFlagUntilTimeout
                0x08002900       0xf4 ./Drivers/STM32F1xx_HAL_Driver/Src/stm32f1xx_hal_i2c.o
 .text.I2C_WaitOnMasterAddressFlagUntilTimeout
                0x080029f4      0x140 ./Drivers/STM32F1xx_HAL_Driver/Src/stm32f1xx_hal_i2c.o
 .text.I2C_WaitOnTXEFlagUntilTimeout
                0x08002b34       0x90 ./Drivers/STM32F1xx_HAL_Driver/Src/stm32f1xx_hal_i2c.o
 .text.I2C_WaitOnBTFFlagUntilTimeout
                0x08002bc4       0x90 ./Drivers/STM32F1xx_HAL_Driver/Src/stm32f1xx_hal_i2c.o
 .text.I2C_WaitOnRXNEFlagUntilTimeout
                0x08002c54       0xba ./Drivers/STM32F1xx_HAL_Driver/Src/stm32f1xx_hal_i2c.o
 .text.I2C_IsAcknowledgeFailed
                0x08002d0e       0x5c ./Drivers/STM32F1xx_HAL_Driver/Src/stm32f1xx_hal_i2c.o
 *fill*         0x08002d6a        0x2 
 .text.HAL_RCC_OscConfig
                0x08002d6c      0x504 ./Drivers/STM32F1xx_HAL_Driver/Src/stm32f1xx_hal_rcc.o
                0x08002d6c                HAL_RCC_OscConfig
 .text.HAL_RCC_ClockConfig
                0x08003270      0x1d4 ./Drivers/STM32F1xx_HAL_Driver/Src/stm32f1xx_hal_rcc.o
                0x08003270                HAL_RCC_ClockConfig
 .text.HAL_RCC_GetSysClockFreq
                0x08003444       0xa8 ./Drivers/STM32F1xx_HAL_Driver/Src/stm32f1xx_hal_rcc.o
                0x08003444                HAL_RCC_GetSysClockFreq
 .text.HAL_RCC_GetHCLKFreq
                0x080034ec       0x14 ./Drivers/STM32F1xx_HAL_Driver/Src/stm32f1xx_hal_rcc.o
                0x080034ec                HAL_RCC_GetHCLKFreq
 .text.HAL_RCC_GetPCLK1Freq
                0x08003500       0x28 ./Drivers/STM32F1xx_HAL_Driver/Src/stm32f1xx_hal_rcc.o
                0x08003500                HAL_RCC_GetPCLK1Freq
 .text.RCC_Delay
                0x08003528       0x3c ./Drivers/STM32F1xx_HAL_Driver/Src/stm32f1xx_hal_rcc.o
 .text.HAL_RCCEx_PeriphCLKConfig
                0x08003564      0x16c ./Drivers/STM32F1xx_HAL_Driver/Src/stm32f1xx_hal_rcc_ex.o
                0x08003564                HAL_RCCEx_PeriphCLKConfig
 .text.memset   0x080036d0       0x10 C:/ST/STM32CubeIDE_1.19.0/STM32CubeIDE/plugins/com.st.stm32cube.ide.mcu.externaltools.gnu-tools-for-stm32.13.3.rel1.win32_1.0.0.202411081344/tools/bin/../lib/gcc/arm-none-eabi/13.3.1/../../../../arm-none-eabi/lib/thumb/v7-m/nofp\libc_nano.a(libc_a-memset.o)
                0x080036d0                memset
 .text.__libc_init_array
                0x080036e0       0x48 C:/ST/STM32CubeIDE_1.19.0/STM32CubeIDE/plugins/com.st.stm32cube.ide.mcu.externaltools.gnu-tools-for-stm32.13.3.rel1.win32_1.0.0.202411081344/tools/bin/../lib/gcc/arm-none-eabi/13.3.1/../../../../arm-none-eabi/lib/thumb/v7-m/nofp\libc_nano.a(libc_a-init.o)
                0x080036e0                __libc_init_array
 *(.glue_7)
 .glue_7        0x08003728        0x0 linker stubs
 *(.glue_7t)
 .glue_7t       0x08003728        0x0 linker stubs
 *(.eh_frame)
 .eh_frame      0x08003728        0x0 C:/ST/STM32CubeIDE_1.19.0/STM32CubeIDE/plugins/com.st.stm32cube.ide.mcu.externaltools.gnu-tools-for-stm32.13.3.rel1.win32_1.0.0.202411081344/tools/bin/../lib/gcc/arm-none-eabi/13.3.1/thumb/v7-m/nofp/crtbegin.o
 *(.init)
 .init          0x08003728        0x4 C:/ST/STM32CubeIDE_1.19.0/STM32CubeIDE/plugins/com.st.stm32cube.ide.mcu.externaltools.gnu-tools-for-stm32.13.3.rel1.win32_1.0.0.202411081344/tools/bin/../lib/gcc/arm-none-eabi/13.3.1/thumb/v7-m/nofp/crti.o
                0x08003728                _init
 .init          0x0800372c        0x8 C:/ST/STM32CubeIDE_1.19.0/STM32CubeIDE/plugins/com.st.stm32cube.ide.mcu.externaltools.gnu-tools-for-stm32.13.3.rel1.win32_1.0.0.202411081344/tools/bin/../lib/gcc/arm-none-eabi/13.3.1/thumb/v7-m/nofp/crtn.o
 *(.fini)
 .fini          0x08003734        0x4 C:/ST/STM32CubeIDE_1.19.0/STM32CubeIDE/plugins/com.st.stm32cube.ide.mcu.externaltools.gnu-tools-for-stm32.13.3.rel1.win32_1.0.0.202411081344/tools/bin/../lib/gcc/arm-none-eabi/13.3.1/thumb/v7-m/nofp/crti.o
                0x08003734                _fini
 .fini          0x08003738        0x8 C:/ST/STM32CubeIDE_1.19.0/STM32CubeIDE/plugins/com.st.stm32cube.ide.mcu.externaltools.gnu-tools-for-stm32.13.3.rel1.win32_1.0.0.202411081344/tools/bin/../lib/gcc/arm-none-eabi/13.3.1/thumb/v7-m/nofp/crtn.o
                0x08003740                        . = ALIGN (0x4)
                0x08003740                        _etext = .

.vfp11_veneer   0x08003740        0x0
 .vfp11_veneer  0x08003740        0x0 linker stubs

.v4_bx          0x08003740        0x0
 .v4_bx         0x08003740        0x0 linker stubs

.iplt           0x08003740        0x0
 .iplt          0x08003740        0x0 C:/ST/STM32CubeIDE_1.19.0/STM32CubeIDE/plugins/com.st.stm32cube.ide.mcu.externaltools.gnu-tools-for-stm32.13.3.rel1.win32_1.0.0.202411081344/tools/bin/../lib/gcc/arm-none-eabi/13.3.1/thumb/v7-m/nofp/crtbegin.o

.rodata         0x08003740       0x2c
                0x08003740                        . = ALIGN (0x4)
 *(.rodata)
 *(.rodata*)
 .rodata.AHBPrescTable
                0x08003740       0x10 ./Core/Src/system_stm32f1xx.o
                0x08003740                AHBPrescTable
 .rodata.APBPrescTable
                0x08003750        0x8 ./Core/Src/system_stm32f1xx.o
                0x08003750                APBPrescTable
 .rodata.aPLLMULFactorTable.1
                0x08003758       0x10 ./Drivers/STM32F1xx_HAL_Driver/Src/stm32f1xx_hal_rcc.o
 .rodata.aPredivFactorTable.0
                0x08003768        0x2 ./Drivers/STM32F1xx_HAL_Driver/Src/stm32f1xx_hal_rcc.o
                0x0800376c                        . = ALIGN (0x4)
 *fill*         0x0800376a        0x2 

.ARM.extab      0x0800376c        0x0
                0x0800376c                        . = ALIGN (0x4)
 *(.ARM.extab* .gnu.linkonce.armextab.*)
                0x0800376c                        . = ALIGN (0x4)

.ARM            0x0800376c        0x0
                0x0800376c                        . = ALIGN (0x4)
                0x0800376c                        __exidx_start = .
 *(.ARM.exidx*)
                0x0800376c                        __exidx_end = .
                0x0800376c                        . = ALIGN (0x4)

.preinit_array  0x0800376c        0x0
                0x0800376c                        . = ALIGN (0x4)
                0x0800376c                        PROVIDE (__preinit_array_start = .)
 *(.preinit_array*)
                0x0800376c                        PROVIDE (__preinit_array_end = .)
                0x0800376c                        . = ALIGN (0x4)

.init_array     0x0800376c        0x4
                0x0800376c                        . = ALIGN (0x4)
                0x0800376c                        PROVIDE (__init_array_start = .)
 *(SORT_BY_NAME(.init_array.*))
 *(.init_array*)
 .init_array    0x0800376c        0x4 C:/ST/STM32CubeIDE_1.19.0/STM32CubeIDE/plugins/com.st.stm32cube.ide.mcu.externaltools.gnu-tools-for-stm32.13.3.rel1.win32_1.0.0.202411081344/tools/bin/../lib/gcc/arm-none-eabi/13.3.1/thumb/v7-m/nofp/crtbegin.o
                0x08003770                        PROVIDE (__init_array_end = .)
                0x08003770                        . = ALIGN (0x4)

.fini_array     0x08003770        0x4
                0x08003770                        . = ALIGN (0x4)
                [!provide]                        PROVIDE (__fini_array_start = .)
 *(SORT_BY_NAME(.fini_array.*))
 *(.fini_array*)
 .fini_array    0x08003770        0x4 C:/ST/STM32CubeIDE_1.19.0/STM32CubeIDE/plugins/com.st.stm32cube.ide.mcu.externaltools.gnu-tools-for-stm32.13.3.rel1.win32_1.0.0.202411081344/tools/bin/../lib/gcc/arm-none-eabi/13.3.1/thumb/v7-m/nofp/crtbegin.o
                [!provide]                        PROVIDE (__fini_array_end = .)
                0x08003774                        . = ALIGN (0x4)
                0x08003774                        _sidata = LOADADDR (.data)

.rel.dyn        0x08003774        0x0
 .rel.iplt      0x08003774        0x0 C:/ST/STM32CubeIDE_1.19.0/STM32CubeIDE/plugins/com.st.stm32cube.ide.mcu.externaltools.gnu-tools-for-stm32.13.3.rel1.win32_1.0.0.202411081344/tools/bin/../lib/gcc/arm-none-eabi/13.3.1/thumb/v7-m/nofp/crtbegin.o

.data           0x20000000        0xc load address 0x08003774
                0x20000000                        . = ALIGN (0x4)
                0x20000000                        _sdata = .
 *(.data)
 *(.data*)
 .data.SystemCoreClock
                0x20000000        0x4 ./Core/Src/system_stm32f1xx.o
                0x20000000                SystemCoreClock
 .data.uwTickPrio
                0x20000004        0x4 ./Drivers/STM32F1xx_HAL_Driver/Src/stm32f1xx_hal.o
                0x20000004                uwTickPrio
 .data.uwTickFreq
                0x20000008        0x1 ./Drivers/STM32F1xx_HAL_Driver/Src/stm32f1xx_hal.o
                0x20000008                uwTickFreq
 *(.RamFunc)
 *(.RamFunc*)
                0x2000000c                        . = ALIGN (0x4)
 *fill*         0x20000009        0x3 
                0x2000000c                        _edata = .

.igot.plt       0x2000000c        0x0 load address 0x08003780
 .igot.plt      0x2000000c        0x0 C:/ST/STM32CubeIDE_1.19.0/STM32CubeIDE/plugins/com.st.stm32cube.ide.mcu.externaltools.gnu-tools-for-stm32.13.3.rel1.win32_1.0.0.202411081344/tools/bin/../lib/gcc/arm-none-eabi/13.3.1/thumb/v7-m/nofp/crtbegin.o
                0x2000000c                        . = ALIGN (0x4)

.bss            0x20000010      0x138 load address 0x08003780
                0x20000010                        _sbss = .
                0x20000010                        __bss_start__ = _sbss
 *(.bss)
 .bss           0x20000010       0x1c C:/ST/STM32CubeIDE_1.19.0/STM32CubeIDE/plugins/com.st.stm32cube.ide.mcu.externaltools.gnu-tools-for-stm32.13.3.rel1.win32_1.0.0.202411081344/tools/bin/../lib/gcc/arm-none-eabi/13.3.1/thumb/v7-m/nofp/crtbegin.o
 *(.bss*)
 *fill*         0x2000002c        0x4 
 .bss.ICMDataL  0x20000030       0x48 ./Core/Src/i2c.o
                0x20000030                ICMDataL
 .bss.ICMDataR  0x20000078       0x48 ./Core/Src/i2c.o
                0x20000078                ICMDataR
 .bss.hadc1     0x200000c0       0x30 ./Core/Src/main.o
                0x200000c0                hadc1
 .bss.hi2c2     0x200000f0       0x54 ./Core/Src/main.o
                0x200000f0                hi2c2
 .bss.uwTick    0x20000144        0x4 ./Drivers/STM32F1xx_HAL_Driver/Src/stm32f1xx_hal.o
                0x20000144                uwTick
 *(COMMON)
                0x20000148                        . = ALIGN (0x4)
                0x20000148                        _ebss = .
                0x20000148                        __bss_end__ = _ebss

._user_heap_stack
                0x20000148      0x600 load address 0x08003780
                0x20000148                        . = ALIGN (0x8)
                [!provide]                        PROVIDE (end = .)
                0x20000148                        PROVIDE (_end = .)
                0x20000348                        . = (. + _Min_Heap_Size)
 *fill*         0x20000148      0x200 
                0x20000748                        . = (. + _Min_Stack_Size)
 *fill*         0x20000348      0x400 
                0x20000748                        . = ALIGN (0x8)

/DISCARD/
 libc.a(*)
 libm.a(*)
 libgcc.a(*)

.ARM.attributes
                0x00000000       0x29
 *(.ARM.attributes)
 .ARM.attributes
                0x00000000       0x1d C:/ST/STM32CubeIDE_1.19.0/STM32CubeIDE/plugins/com.st.stm32cube.ide.mcu.externaltools.gnu-tools-for-stm32.13.3.rel1.win32_1.0.0.202411081344/tools/bin/../lib/gcc/arm-none-eabi/13.3.1/thumb/v7-m/nofp/crti.o
 .ARM.attributes
                0x0000001d       0x2d C:/ST/STM32CubeIDE_1.19.0/STM32CubeIDE/plugins/com.st.stm32cube.ide.mcu.externaltools.gnu-tools-for-stm32.13.3.rel1.win32_1.0.0.202411081344/tools/bin/../lib/gcc/arm-none-eabi/13.3.1/thumb/v7-m/nofp/crtbegin.o
 .ARM.attributes
                0x0000004a       0x2d ./Core/Src/i2c.o
 .ARM.attributes
                0x00000077       0x2d ./Core/Src/main.o
 .ARM.attributes
                0x000000a4       0x2d ./Core/Src/stm32f1xx_hal_msp.o
 .ARM.attributes
                0x000000d1       0x2d ./Core/Src/stm32f1xx_it.o
 .ARM.attributes
                0x000000fe       0x2d ./Core/Src/system_stm32f1xx.o
 .ARM.attributes
                0x0000012b       0x21 ./Core/Startup/startup_stm32f103rctx.o
 .ARM.attributes
                0x0000014c       0x2d ./Drivers/STM32F1xx_HAL_Driver/Src/stm32f1xx_hal.o
 .ARM.attributes
                0x00000179       0x2d ./Drivers/STM32F1xx_HAL_Driver/Src/stm32f1xx_hal_adc.o
 .ARM.attributes
                0x000001a6       0x2d ./Drivers/STM32F1xx_HAL_Driver/Src/stm32f1xx_hal_cortex.o
 .ARM.attributes
                0x000001d3       0x2d ./Drivers/STM32F1xx_HAL_Driver/Src/stm32f1xx_hal_gpio.o
 .ARM.attributes
                0x00000200       0x2d ./Drivers/STM32F1xx_HAL_Driver/Src/stm32f1xx_hal_i2c.o
 .ARM.attributes
                0x0000022d       0x2d ./Drivers/STM32F1xx_HAL_Driver/Src/stm32f1xx_hal_rcc.o
 .ARM.attributes
                0x0000025a       0x2d ./Drivers/STM32F1xx_HAL_Driver/Src/stm32f1xx_hal_rcc_ex.o
 .ARM.attributes
                0x00000287       0x2d C:/ST/STM32CubeIDE_1.19.0/STM32CubeIDE/plugins/com.st.stm32cube.ide.mcu.externaltools.gnu-tools-for-stm32.13.3.rel1.win32_1.0.0.202411081344/tools/bin/../lib/gcc/arm-none-eabi/13.3.1/../../../../arm-none-eabi/lib/thumb/v7-m/nofp\libc_nano.a(libc_a-memset.o)
 .ARM.attributes
                0x000002b4       0x2d C:/ST/STM32CubeIDE_1.19.0/STM32CubeIDE/plugins/com.st.stm32cube.ide.mcu.externaltools.gnu-tools-for-stm32.13.3.rel1.win32_1.0.0.202411081344/tools/bin/../lib/gcc/arm-none-eabi/13.3.1/../../../../arm-none-eabi/lib/thumb/v7-m/nofp\libc_nano.a(libc_a-init.o)
 .ARM.attributes
                0x000002e1       0x1d C:/ST/STM32CubeIDE_1.19.0/STM32CubeIDE/plugins/com.st.stm32cube.ide.mcu.externaltools.gnu-tools-for-stm32.13.3.rel1.win32_1.0.0.202411081344/tools/bin/../lib/gcc/arm-none-eabi/13.3.1/thumb/v7-m/nofp\libgcc.a(_arm_addsubdf3.o)
 .ARM.attributes
                0x000002fe       0x1d C:/ST/STM32CubeIDE_1.19.0/STM32CubeIDE/plugins/com.st.stm32cube.ide.mcu.externaltools.gnu-tools-for-stm32.13.3.rel1.win32_1.0.0.202411081344/tools/bin/../lib/gcc/arm-none-eabi/13.3.1/thumb/v7-m/nofp\libgcc.a(_arm_muldivdf3.o)
 .ARM.attributes
                0x0000031b       0x1d C:/ST/STM32CubeIDE_1.19.0/STM32CubeIDE/plugins/com.st.stm32cube.ide.mcu.externaltools.gnu-tools-for-stm32.13.3.rel1.win32_1.0.0.202411081344/tools/bin/../lib/gcc/arm-none-eabi/13.3.1/thumb/v7-m/nofp\libgcc.a(_arm_truncdfsf2.o)
 .ARM.attributes
                0x00000338       0x1d C:/ST/STM32CubeIDE_1.19.0/STM32CubeIDE/plugins/com.st.stm32cube.ide.mcu.externaltools.gnu-tools-for-stm32.13.3.rel1.win32_1.0.0.202411081344/tools/bin/../lib/gcc/arm-none-eabi/13.3.1/thumb/v7-m/nofp/crtn.o
OUTPUT(Testing_PC.elf elf32-littlearm)
LOAD linker stubs
LOAD C:/ST/STM32CubeIDE_1.19.0/STM32CubeIDE/plugins/com.st.stm32cube.ide.mcu.externaltools.gnu-tools-for-stm32.13.3.rel1.win32_1.0.0.202411081344/tools/bin/../lib/gcc/arm-none-eabi/13.3.1/../../../../arm-none-eabi/lib/thumb/v7-m/nofp\libc.a
LOAD C:/ST/STM32CubeIDE_1.19.0/STM32CubeIDE/plugins/com.st.stm32cube.ide.mcu.externaltools.gnu-tools-for-stm32.13.3.rel1.win32_1.0.0.202411081344/tools/bin/../lib/gcc/arm-none-eabi/13.3.1/../../../../arm-none-eabi/lib/thumb/v7-m/nofp\libm.a
LOAD C:/ST/STM32CubeIDE_1.19.0/STM32CubeIDE/plugins/com.st.stm32cube.ide.mcu.externaltools.gnu-tools-for-stm32.13.3.rel1.win32_1.0.0.202411081344/tools/bin/../lib/gcc/arm-none-eabi/13.3.1/thumb/v7-m/nofp\libgcc.a

.debug_info     0x00000000     0x7b4a
 .debug_info    0x00000000      0x97b ./Core/Src/i2c.o
 .debug_info    0x0000097b      0xe4e ./Core/Src/main.o
 .debug_info    0x000017c9      0xae8 ./Core/Src/stm32f1xx_hal_msp.o
 .debug_info    0x000022b1      0x113 ./Core/Src/stm32f1xx_it.o
 .debug_info    0x000023c4      0x222 ./Core/Src/system_stm32f1xx.o
 .debug_info    0x000025e6       0x30 ./Core/Startup/startup_stm32f103rctx.o
 .debug_info    0x00002616      0x76a ./Drivers/STM32F1xx_HAL_Driver/Src/stm32f1xx_hal.o
 .debug_info    0x00002d80      0xc50 ./Drivers/STM32F1xx_HAL_Driver/Src/stm32f1xx_hal_adc.o
 .debug_info    0x000039d0      0xaed ./Drivers/STM32F1xx_HAL_Driver/Src/stm32f1xx_hal_cortex.o
 .debug_info    0x000044bd      0x5ab ./Drivers/STM32F1xx_HAL_Driver/Src/stm32f1xx_hal_gpio.o
 .debug_info    0x00004a68     0x2524 ./Drivers/STM32F1xx_HAL_Driver/Src/stm32f1xx_hal_i2c.o
 .debug_info    0x00006f8c      0x7d5 ./Drivers/STM32F1xx_HAL_Driver/Src/stm32f1xx_hal_rcc.o
 .debug_info    0x00007761      0x3e9 ./Drivers/STM32F1xx_HAL_Driver/Src/stm32f1xx_hal_rcc_ex.o

.debug_abbrev   0x00000000     0x17e1
 .debug_abbrev  0x00000000      0x20b ./Core/Src/i2c.o
 .debug_abbrev  0x0000020b      0x296 ./Core/Src/main.o
 .debug_abbrev  0x000004a1      0x1a4 ./Core/Src/stm32f1xx_hal_msp.o
 .debug_abbrev  0x00000645       0x73 ./Core/Src/stm32f1xx_it.o
 .debug_abbrev  0x000006b8      0x13f ./Core/Src/system_stm32f1xx.o
 .debug_abbrev  0x000007f7       0x24 ./Core/Startup/startup_stm32f103rctx.o
 .debug_abbrev  0x0000081b      0x201 ./Drivers/STM32F1xx_HAL_Driver/Src/stm32f1xx_hal.o
 .debug_abbrev  0x00000a1c      0x225 ./Drivers/STM32F1xx_HAL_Driver/Src/stm32f1xx_hal_adc.o
 .debug_abbrev  0x00000c41      0x2f8 ./Drivers/STM32F1xx_HAL_Driver/Src/stm32f1xx_hal_cortex.o
 .debug_abbrev  0x00000f39      0x1ca ./Drivers/STM32F1xx_HAL_Driver/Src/stm32f1xx_hal_gpio.o
 .debug_abbrev  0x00001103      0x2a3 ./Drivers/STM32F1xx_HAL_Driver/Src/stm32f1xx_hal_i2c.o
 .debug_abbrev  0x000013a6      0x2b3 ./Drivers/STM32F1xx_HAL_Driver/Src/stm32f1xx_hal_rcc.o
 .debug_abbrev  0x00001659      0x188 ./Drivers/STM32F1xx_HAL_Driver/Src/stm32f1xx_hal_rcc_ex.o

.debug_aranges  0x00000000      0x810
 .debug_aranges
                0x00000000       0x48 ./Core/Src/i2c.o
 .debug_aranges
                0x00000048       0x48 ./Core/Src/main.o
 .debug_aranges
                0x00000090       0x40 ./Core/Src/stm32f1xx_hal_msp.o
 .debug_aranges
                0x000000d0       0x60 ./Core/Src/stm32f1xx_it.o
 .debug_aranges
                0x00000130       0x28 ./Core/Src/system_stm32f1xx.o
 .debug_aranges
                0x00000158       0x28 ./Core/Startup/startup_stm32f103rctx.o
 .debug_aranges
                0x00000180       0xe0 ./Drivers/STM32F1xx_HAL_Driver/Src/stm32f1xx_hal.o
 .debug_aranges
                0x00000260       0xf0 ./Drivers/STM32F1xx_HAL_Driver/Src/stm32f1xx_hal_adc.o
 .debug_aranges
                0x00000350      0x100 ./Drivers/STM32F1xx_HAL_Driver/Src/stm32f1xx_hal_cortex.o
 .debug_aranges
                0x00000450       0x58 ./Drivers/STM32F1xx_HAL_Driver/Src/stm32f1xx_hal_gpio.o
 .debug_aranges
                0x000004a8      0x2a8 ./Drivers/STM32F1xx_HAL_Driver/Src/stm32f1xx_hal_i2c.o
 .debug_aranges
                0x00000750       0x90 ./Drivers/STM32F1xx_HAL_Driver/Src/stm32f1xx_hal_rcc.o
 .debug_aranges
                0x000007e0       0x30 ./Drivers/STM32F1xx_HAL_Driver/Src/stm32f1xx_hal_rcc_ex.o

.debug_rnglists
                0x00000000      0x62c
 .debug_rnglists
                0x00000000       0x34 ./Core/Src/i2c.o
 .debug_rnglists
                0x00000034       0x33 ./Core/Src/main.o
 .debug_rnglists
                0x00000067       0x2c ./Core/Src/stm32f1xx_hal_msp.o
 .debug_rnglists
                0x00000093       0x43 ./Core/Src/stm32f1xx_it.o
 .debug_rnglists
                0x000000d6       0x1a ./Core/Src/system_stm32f1xx.o
 .debug_rnglists
                0x000000f0       0x19 ./Core/Startup/startup_stm32f103rctx.o
 .debug_rnglists
                0x00000109       0xa3 ./Drivers/STM32F1xx_HAL_Driver/Src/stm32f1xx_hal.o
 .debug_rnglists
                0x000001ac       0xbc ./Drivers/STM32F1xx_HAL_Driver/Src/stm32f1xx_hal_adc.o
 .debug_rnglists
                0x00000268       0xbb ./Drivers/STM32F1xx_HAL_Driver/Src/stm32f1xx_hal_cortex.o
 .debug_rnglists
                0x00000323       0x3f ./Drivers/STM32F1xx_HAL_Driver/Src/stm32f1xx_hal_gpio.o
 .debug_rnglists
                0x00000362      0x23c ./Drivers/STM32F1xx_HAL_Driver/Src/stm32f1xx_hal_i2c.o
 .debug_rnglists
                0x0000059e       0x6c ./Drivers/STM32F1xx_HAL_Driver/Src/stm32f1xx_hal_rcc.o
 .debug_rnglists
                0x0000060a       0x22 ./Drivers/STM32F1xx_HAL_Driver/Src/stm32f1xx_hal_rcc_ex.o

.debug_macro    0x00000000    0x19722
 .debug_macro   0x00000000      0x256 ./Core/Src/i2c.o
 .debug_macro   0x00000256      0xacc ./Core/Src/i2c.o
 .debug_macro   0x00000d22       0x22 ./Core/Src/i2c.o
 .debug_macro   0x00000d44       0x5b ./Core/Src/i2c.o
 .debug_macro   0x00000d9f       0x24 ./Core/Src/i2c.o
 .debug_macro   0x00000dc3       0x94 ./Core/Src/i2c.o
 .debug_macro   0x00000e57       0x43 ./Core/Src/i2c.o
 .debug_macro   0x00000e9a       0x34 ./Core/Src/i2c.o
 .debug_macro   0x00000ece      0x190 ./Core/Src/i2c.o
 .debug_macro   0x0000105e       0x57 ./Core/Src/i2c.o
 .debug_macro   0x000010b5      0x370 ./Core/Src/i2c.o
 .debug_macro   0x00001425       0x16 ./Core/Src/i2c.o
 .debug_macro   0x0000143b       0x4a ./Core/Src/i2c.o
 .debug_macro   0x00001485       0x34 ./Core/Src/i2c.o
 .debug_macro   0x000014b9       0x10 ./Core/Src/i2c.o
 .debug_macro   0x000014c9       0x58 ./Core/Src/i2c.o
 .debug_macro   0x00001521       0x8e ./Core/Src/i2c.o
 .debug_macro   0x000015af       0x1c ./Core/Src/i2c.o
 .debug_macro   0x000015cb      0x185 ./Core/Src/i2c.o
 .debug_macro   0x00001750      0x19b ./Core/Src/i2c.o
 .debug_macro   0x000018eb      0x103 ./Core/Src/i2c.o
 .debug_macro   0x000019ee       0x6a ./Core/Src/i2c.o
 .debug_macro   0x00001a58      0x1df ./Core/Src/i2c.o
 .debug_macro   0x00001c37      0x21b ./Core/Src/i2c.o
 .debug_macro   0x00001e52       0x2e ./Core/Src/i2c.o
 .debug_macro   0x00001e80       0x22 ./Core/Src/i2c.o
 .debug_macro   0x00001ea2       0x1c ./Core/Src/i2c.o
 .debug_macro   0x00001ebe       0x22 ./Core/Src/i2c.o
 .debug_macro   0x00001ee0       0xbd ./Core/Src/i2c.o
 .debug_macro   0x00001f9d      0xd23 ./Core/Src/i2c.o
 .debug_macro   0x00002cc0     0xfd8c ./Core/Src/i2c.o
 .debug_macro   0x00012a4c       0x6d ./Core/Src/i2c.o
 .debug_macro   0x00012ab9     0x34a2 ./Core/Src/i2c.o
 .debug_macro   0x00015f5b       0x56 ./Core/Src/i2c.o
 .debug_macro   0x00015fb1      0x5bc ./Core/Src/i2c.o
 .debug_macro   0x0001656d      0x4d5 ./Core/Src/i2c.o
 .debug_macro   0x00016a42      0x1cb ./Core/Src/i2c.o
 .debug_macro   0x00016c0d      0x114 ./Core/Src/i2c.o
 .debug_macro   0x00016d21      0x1ea ./Core/Src/i2c.o
 .debug_macro   0x00016f0b       0x27 ./Core/Src/i2c.o
 .debug_macro   0x00016f32      0x144 ./Core/Src/i2c.o
 .debug_macro   0x00017076      0x1bc ./Core/Src/i2c.o
 .debug_macro   0x00017232       0x30 ./Core/Src/i2c.o
 .debug_macro   0x00017262       0x3c ./Core/Src/i2c.o
 .debug_macro   0x0001729e       0x57 ./Core/Src/i2c.o
 .debug_macro   0x000172f5      0x46a ./Core/Src/i2c.o
 .debug_macro   0x0001775f      0x25d ./Core/Src/i2c.o
 .debug_macro   0x000179bc       0x87 ./Core/Src/i2c.o
 .debug_macro   0x00017a43      0x24f ./Core/Src/i2c.o
 .debug_macro   0x00017c92      0x287 ./Core/Src/i2c.o
 .debug_macro   0x00017f19      0x140 ./Core/Src/i2c.o
 .debug_macro   0x00018059       0xb5 ./Core/Src/i2c.o
 .debug_macro   0x0001810e       0xd0 ./Core/Src/i2c.o
 .debug_macro   0x000181de      0x1b5 ./Core/Src/main.o
 .debug_macro   0x00018393       0x8e ./Core/Src/main.o
 .debug_macro   0x00018421       0x51 ./Core/Src/main.o
 .debug_macro   0x00018472       0x5c ./Core/Src/main.o
 .debug_macro   0x000184ce       0xd6 ./Core/Src/main.o
 .debug_macro   0x000185a4      0x1ac ./Core/Src/stm32f1xx_hal_msp.o
 .debug_macro   0x00018750      0x1b6 ./Core/Src/stm32f1xx_it.o
 .debug_macro   0x00018906      0x1a2 ./Core/Src/system_stm32f1xx.o
 .debug_macro   0x00018aa8      0x1c6 ./Drivers/STM32F1xx_HAL_Driver/Src/stm32f1xx_hal.o
 .debug_macro   0x00018c6e      0x1bf ./Drivers/STM32F1xx_HAL_Driver/Src/stm32f1xx_hal_adc.o
 .debug_macro   0x00018e2d      0x1a2 ./Drivers/STM32F1xx_HAL_Driver/Src/stm32f1xx_hal_cortex.o
 .debug_macro   0x00018fcf      0x20d ./Drivers/STM32F1xx_HAL_Driver/Src/stm32f1xx_hal_gpio.o
 .debug_macro   0x000191dc      0x1f0 ./Drivers/STM32F1xx_HAL_Driver/Src/stm32f1xx_hal_i2c.o
 .debug_macro   0x000193cc      0x1b4 ./Drivers/STM32F1xx_HAL_Driver/Src/stm32f1xx_hal_rcc.o
 .debug_macro   0x00019580      0x1a2 ./Drivers/STM32F1xx_HAL_Driver/Src/stm32f1xx_hal_rcc_ex.o

.debug_line     0x00000000     0xabab
 .debug_line    0x00000000      0x97a ./Core/Src/i2c.o
 .debug_line    0x0000097a      0x897 ./Core/Src/main.o
 .debug_line    0x00001211      0x78c ./Core/Src/stm32f1xx_hal_msp.o
 .debug_line    0x0000199d      0x7aa ./Core/Src/stm32f1xx_it.o
 .debug_line    0x00002147      0x77a ./Core/Src/system_stm32f1xx.o
 .debug_line    0x000028c1       0x79 ./Core/Startup/startup_stm32f103rctx.o
 .debug_line    0x0000293a      0x9ab ./Drivers/STM32F1xx_HAL_Driver/Src/stm32f1xx_hal.o
 .debug_line    0x000032e5      0xfe6 ./Drivers/STM32F1xx_HAL_Driver/Src/stm32f1xx_hal_adc.o
 .debug_line    0x000042cb      0xb75 ./Drivers/STM32F1xx_HAL_Driver/Src/stm32f1xx_hal_cortex.o
 .debug_line    0x00004e40      0xa30 ./Drivers/STM32F1xx_HAL_Driver/Src/stm32f1xx_hal_gpio.o
 .debug_line    0x00005870     0x3ba8 ./Drivers/STM32F1xx_HAL_Driver/Src/stm32f1xx_hal_i2c.o
 .debug_line    0x00009418      0xe64 ./Drivers/STM32F1xx_HAL_Driver/Src/stm32f1xx_hal_rcc.o
 .debug_line    0x0000a27c      0x92f ./Drivers/STM32F1xx_HAL_Driver/Src/stm32f1xx_hal_rcc_ex.o

.debug_str      0x00000000    0x95f3c
 .debug_str     0x00000000    0x95f3c ./Core/Src/i2c.o
                              0x93ee4 (size before relaxing)
 .debug_str     0x00095f3c    0x9097b ./Core/Src/main.o
 .debug_str     0x00095f3c    0x903b0 ./Core/Src/stm32f1xx_hal_msp.o
 .debug_str     0x00095f3c    0x8fd6d ./Core/Src/stm32f1xx_it.o
 .debug_str     0x00095f3c    0x8fd83 ./Core/Src/system_stm32f1xx.o
 .debug_str     0x00095f3c       0x97 ./Core/Startup/startup_stm32f103rctx.o
 .debug_str     0x00095f3c    0x9059a ./Drivers/STM32F1xx_HAL_Driver/Src/stm32f1xx_hal.o
 .debug_str     0x00095f3c    0x90467 ./Drivers/STM32F1xx_HAL_Driver/Src/stm32f1xx_hal_adc.o
 .debug_str     0x00095f3c    0x904e6 ./Drivers/STM32F1xx_HAL_Driver/Src/stm32f1xx_hal_cortex.o
 .debug_str     0x00095f3c    0x90109 ./Drivers/STM32F1xx_HAL_Driver/Src/stm32f1xx_hal_gpio.o
 .debug_str     0x00095f3c    0x90e4a ./Drivers/STM32F1xx_HAL_Driver/Src/stm32f1xx_hal_i2c.o
 .debug_str     0x00095f3c    0x901b2 ./Drivers/STM32F1xx_HAL_Driver/Src/stm32f1xx_hal_rcc.o
 .debug_str     0x00095f3c    0x8ff40 ./Drivers/STM32F1xx_HAL_Driver/Src/stm32f1xx_hal_rcc_ex.o

.comment        0x00000000       0x43
 .comment       0x00000000       0x43 ./Core/Src/i2c.o
                                 0x44 (size before relaxing)
 .comment       0x00000043       0x44 ./Core/Src/main.o
 .comment       0x00000043       0x44 ./Core/Src/stm32f1xx_hal_msp.o
 .comment       0x00000043       0x44 ./Core/Src/stm32f1xx_it.o
 .comment       0x00000043       0x44 ./Core/Src/system_stm32f1xx.o
 .comment       0x00000043       0x44 ./Drivers/STM32F1xx_HAL_Driver/Src/stm32f1xx_hal.o
 .comment       0x00000043       0x44 ./Drivers/STM32F1xx_HAL_Driver/Src/stm32f1xx_hal_adc.o
 .comment       0x00000043       0x44 ./Drivers/STM32F1xx_HAL_Driver/Src/stm32f1xx_hal_cortex.o
 .comment       0x00000043       0x44 ./Drivers/STM32F1xx_HAL_Driver/Src/stm32f1xx_hal_gpio.o
 .comment       0x00000043       0x44 ./Drivers/STM32F1xx_HAL_Driver/Src/stm32f1xx_hal_i2c.o
 .comment       0x00000043       0x44 ./Drivers/STM32F1xx_HAL_Driver/Src/stm32f1xx_hal_rcc.o
 .comment       0x00000043       0x44 ./Drivers/STM32F1xx_HAL_Driver/Src/stm32f1xx_hal_rcc_ex.o

.debug_frame    0x00000000     0x2124
 .debug_frame   0x00000000       0xf4 ./Core/Src/i2c.o
 .debug_frame   0x000000f4       0xd0 ./Core/Src/main.o
 .debug_frame   0x000001c4       0xc8 ./Core/Src/stm32f1xx_hal_msp.o
 .debug_frame   0x0000028c      0x104 ./Core/Src/stm32f1xx_it.o
 .debug_frame   0x00000390       0x58 ./Core/Src/system_stm32f1xx.o
 .debug_frame   0x000003e8      0x334 ./Drivers/STM32F1xx_HAL_Driver/Src/stm32f1xx_hal.o
 .debug_frame   0x0000071c      0x40c ./Drivers/STM32F1xx_HAL_Driver/Src/stm32f1xx_hal_adc.o
 .debug_frame   0x00000b28      0x428 ./Drivers/STM32F1xx_HAL_Driver/Src/stm32f1xx_hal_cortex.o
 .debug_frame   0x00000f50      0x14c ./Drivers/STM32F1xx_HAL_Driver/Src/stm32f1xx_hal_gpio.o
 .debug_frame   0x0000109c      0xc84 ./Drivers/STM32F1xx_HAL_Driver/Src/stm32f1xx_hal_i2c.o
 .debug_frame   0x00001d20      0x218 ./Drivers/STM32F1xx_HAL_Driver/Src/stm32f1xx_hal_rcc.o
 .debug_frame   0x00001f38       0x80 ./Drivers/STM32F1xx_HAL_Driver/Src/stm32f1xx_hal_rcc_ex.o
 .debug_frame   0x00001fb8       0x20 C:/ST/STM32CubeIDE_1.19.0/STM32CubeIDE/plugins/com.st.stm32cube.ide.mcu.externaltools.gnu-tools-for-stm32.13.3.rel1.win32_1.0.0.202411081344/tools/bin/../lib/gcc/arm-none-eabi/13.3.1/../../../../arm-none-eabi/lib/thumb/v7-m/nofp\libc_nano.a(libc_a-memset.o)
 .debug_frame   0x00001fd8       0x2c C:/ST/STM32CubeIDE_1.19.0/STM32CubeIDE/plugins/com.st.stm32cube.ide.mcu.externaltools.gnu-tools-for-stm32.13.3.rel1.win32_1.0.0.202411081344/tools/bin/../lib/gcc/arm-none-eabi/13.3.1/../../../../arm-none-eabi/lib/thumb/v7-m/nofp\libc_nano.a(libc_a-init.o)
 .debug_frame   0x00002004       0xac C:/ST/STM32CubeIDE_1.19.0/STM32CubeIDE/plugins/com.st.stm32cube.ide.mcu.externaltools.gnu-tools-for-stm32.13.3.rel1.win32_1.0.0.202411081344/tools/bin/../lib/gcc/arm-none-eabi/13.3.1/thumb/v7-m/nofp\libgcc.a(_arm_addsubdf3.o)
 .debug_frame   0x000020b0       0x50 C:/ST/STM32CubeIDE_1.19.0/STM32CubeIDE/plugins/com.st.stm32cube.ide.mcu.externaltools.gnu-tools-for-stm32.13.3.rel1.win32_1.0.0.202411081344/tools/bin/../lib/gcc/arm-none-eabi/13.3.1/thumb/v7-m/nofp\libgcc.a(_arm_muldivdf3.o)
 .debug_frame   0x00002100       0x24 C:/ST/STM32CubeIDE_1.19.0/STM32CubeIDE/plugins/com.st.stm32cube.ide.mcu.externaltools.gnu-tools-for-stm32.13.3.rel1.win32_1.0.0.202411081344/tools/bin/../lib/gcc/arm-none-eabi/13.3.1/thumb/v7-m/nofp\libgcc.a(_arm_truncdfsf2.o)

.debug_line_str
                0x00000000       0x7b
 .debug_line_str
                0x00000000       0x7b ./Core/Startup/startup_stm32f103rctx.o
