2025-11-12 10:46:29,543 [INFO] Activator:176 - 


2025-11-12 10:46:29,547 [INFO] Activator:177 - !SESSION log4j initialized
2025-11-12 10:46:34,974 [INFO] LogOutputStream:77 - [STDOUT_REDIRECT] 
2025-11-12 10:46:35,895 [INFO] ApplicationProperties:184 - Using Application install path: C:\ST\STM32CubeIDE_1.19.0\STM32CubeIDE\plugins\com.st.stm32cube.common.mx_6.15.0.202507011659
2025-11-12 10:46:35,912 [INFO] DbMcusXml:78 - Set database path to: C:\ST\STM32CubeIDE_1.19.0\STM32CubeIDE\plugins\com.st.stm32cube.common.mx_6.15.0.202507011659\\db\/mcu/
2025-11-12 10:46:35,912 [INFO] ApiDb:274 - Set plugin database path to: C:\ST\STM32CubeIDE_1.19.0\STM32CubeIDE\plugins\com.st.stm32cube.common.mx_6.15.0.202507011659\\db\/plugins/boardmanager/
2025-11-12 10:46:35,912 [WARN] ApiDb:259 - Overriding images path with different value:  => C:\ST\STM32CubeIDE_1.19.0\STM32CubeIDE\plugins\com.st.stm32cube.common.mx_6.15.0.202507011659\\db\/plugins/mcufinder/images/
2025-11-12 10:46:35,921 [INFO] ApiDb:250 - Set database path to: C:\Users\USER\.stmcufinder\plugins\mcufinder//mcu/
2025-11-12 10:46:35,922 [INFO] DbMcusAds:125 - Set database path to: C:\Users\USER\.stmcufinder\plugins\mcufinder//mcu/
2025-11-12 10:46:35,924 [INFO] CrossReferenceDbSqlite:203 - Set database path to: C:\Users\USER\.stmcufinder\plugins\mcufinder//mcu/cs/
2025-11-12 10:46:36,015 [INFO] RulesReader:64 - Compatibility file has been processed (317 Rules)
2025-11-12 10:46:36,086 [INFO] DbMcusXml:78 - Set database path to: C:\ST\STM32CubeIDE_1.19.0\STM32CubeIDE\plugins\com.st.stm32cube.common.mx_6.15.0.202507011659\\db\/mcu/
2025-11-12 10:46:36,086 [INFO] ApiDb:274 - Set plugin database path to: C:\ST\STM32CubeIDE_1.19.0\STM32CubeIDE\plugins\com.st.stm32cube.common.mx_6.15.0.202507011659\\db\/plugins/boardmanager/
2025-11-12 10:46:36,086 [INFO] ApiDb:261 - Set plugin images path to: C:\ST\STM32CubeIDE_1.19.0\STM32CubeIDE\plugins\com.st.stm32cube.common.mx_6.15.0.202507011659\\db\/plugins/mcufinder/images/
2025-11-12 10:46:36,086 [WARN] DbFile:41 - Overriding database path with different value: C:\Users\USER\.stmcufinder\plugins\mcufinder/ => C:\Users\USER\.stmcufinder\plugins\mcufinder
2025-11-12 10:46:36,086 [INFO] ApiDb:250 - Set database path to: C:\Users\USER\.stmcufinder\plugins\mcufinder//mcu/
2025-11-12 10:46:36,086 [WARN] DbFile:41 - Overriding database path with different value: C:\Users\USER\.stmcufinder\plugins\mcufinder/ => C:\Users\USER\.stmcufinder\plugins\mcufinder
2025-11-12 10:46:36,086 [INFO] DbMcusAds:125 - Set database path to: C:\Users\USER\.stmcufinder\plugins\mcufinder//mcu/
2025-11-12 10:46:36,086 [WARN] DbFile:41 - Overriding database path with different value: C:\Users\USER\.stmcufinder\plugins\mcufinder/ => C:\Users\USER\.stmcufinder\plugins\mcufinder
2025-11-12 10:46:36,086 [WARN] DbFile:41 - Overriding database path with different value: C:\Users\USER\.stmcufinder\plugins\mcufinder/ => C:\Users\USER\.stmcufinder\plugins\mcufinder
2025-11-12 10:46:36,086 [INFO] CrossReferenceDbSqlite:203 - Set database path to: C:\Users\USER\.stmcufinder\plugins\mcufinder//mcu/cs/
2025-11-12 10:46:36,155 [INFO] MainPanel:274 - HeapMemory: 268435456
2025-11-12 10:46:36,255 [INFO] DbMcusXml:78 - Set database path to: C:\ST\STM32CubeIDE_1.19.0\STM32CubeIDE\plugins\com.st.stm32cube.common.mx_6.15.0.202507011659\\db\/mcu/
2025-11-12 10:46:36,255 [INFO] ApiDb:274 - Set plugin database path to: C:\ST\STM32CubeIDE_1.19.0\STM32CubeIDE\plugins\com.st.stm32cube.common.mx_6.15.0.202507011659\\db\/plugins/boardmanager/
2025-11-12 10:46:36,255 [INFO] ApiDb:261 - Set plugin images path to: C:\ST\STM32CubeIDE_1.19.0\STM32CubeIDE\plugins\com.st.stm32cube.common.mx_6.15.0.202507011659\\db\/plugins/mcufinder/images/
2025-11-12 10:46:36,255 [WARN] DbFile:41 - Overriding database path with different value: C:\Users\USER\.stmcufinder\plugins\mcufinder/ => C:\Users\USER\.stmcufinder\plugins\mcufinder
2025-11-12 10:46:36,255 [INFO] ApiDb:250 - Set database path to: C:\Users\USER\.stmcufinder\plugins\mcufinder//mcu/
2025-11-12 10:46:36,255 [WARN] DbFile:41 - Overriding database path with different value: C:\Users\USER\.stmcufinder\plugins\mcufinder/ => C:\Users\USER\.stmcufinder\plugins\mcufinder
2025-11-12 10:46:36,256 [INFO] DbMcusAds:125 - Set database path to: C:\Users\USER\.stmcufinder\plugins\mcufinder//mcu/
2025-11-12 10:46:36,256 [WARN] DbFile:41 - Overriding database path with different value: C:\Users\USER\.stmcufinder\plugins\mcufinder/ => C:\Users\USER\.stmcufinder\plugins\mcufinder
2025-11-12 10:46:36,256 [WARN] DbFile:41 - Overriding database path with different value: C:\Users\USER\.stmcufinder\plugins\mcufinder/ => C:\Users\USER\.stmcufinder\plugins\mcufinder
2025-11-12 10:46:36,256 [INFO] CrossReferenceDbSqlite:203 - Set database path to: C:\Users\USER\.stmcufinder\plugins\mcufinder//mcu/cs/
2025-11-12 10:46:36,271 [INFO] ApplicationProperties:184 - Using Application install path: C:\ST\STM32CubeIDE_1.19.0\STM32CubeIDE\plugins\com.st.stm32cube.common.mx_6.15.0.202507011659
2025-11-12 10:46:36,272 [INFO] PluginManage:196 - Search for loadable plugins [exclusion list=, ]
2025-11-12 10:46:36,273 [INFO] PluginManage:310 - Check plugin analytics
2025-11-12 10:46:36,424 [INFO] AnalyticsPlugin:253 - Accepted Software Licenses: 
2025-11-12 10:46:36,424 [INFO] AnalyticsPlugin:255 - Accepted CMSIS Pack Licenses: 
2025-11-12 10:46:36,424 [INFO] AnalyticsPlugin:257 - Accepted Firmware Licenses: 
2025-11-12 10:46:36,427 [INFO] PluginManage:359 - Loaded plugin analytics (category:tool,tabindex:-1)
2025-11-12 10:46:36,427 [INFO] PluginManage:310 - Check plugin cadmodel
2025-11-12 10:46:36,433 [INFO] CADModel:105 - Init CAD model plugin
2025-11-12 10:46:36,433 [INFO] PluginManage:359 - Loaded plugin cadmodel (category:power,tabindex:5)
2025-11-12 10:46:36,433 [INFO] PluginManage:310 - Check plugin clock
2025-11-12 10:46:36,443 [INFO] PluginManage:359 - Loaded plugin clock (category:base,tabindex:2)
2025-11-12 10:46:36,443 [INFO] PluginManage:310 - Check plugin ddr
2025-11-12 10:46:36,444 [INFO] PluginManage:359 - Loaded plugin ddr (category:tool,tabindex:6)
2025-11-12 10:46:36,445 [INFO] PluginManage:310 - Check plugin filemanager
2025-11-12 10:46:36,575 [INFO] PluginManage:359 - Loaded plugin filemanager (category:base,tabindex:10)
2025-11-12 10:46:36,575 [INFO] PluginManage:310 - Check plugin ipmanager
2025-11-12 10:46:36,580 [INFO] PluginManage:359 - Loaded plugin ipmanager (category:base,tabindex:5)
2025-11-12 10:46:36,580 [INFO] PluginManage:310 - Check plugin lpbam
2025-11-12 10:46:36,587 [INFO] PluginManage:359 - Loaded plugin lpbam (category:base,tabindex:0)
2025-11-12 10:46:36,587 [INFO] PluginManage:310 - Check plugin memorymap
2025-11-12 10:46:36,599 [INFO] PluginManage:359 - Loaded plugin memorymap (category:base,tabindex:4)
2025-11-12 10:46:36,599 [INFO] PluginManage:310 - Check plugin pinoutandconfiguration
2025-11-12 10:46:36,607 [INFO] PluginManage:359 - Loaded plugin pinoutandconfiguration (category:base,tabindex:1)
2025-11-12 10:46:36,607 [INFO] PluginManage:310 - Check plugin pinoutconfig
2025-11-12 10:46:36,678 [WARN] SupportedApi:132 - Cannot load RTOS API schema: s4s-elt-must-match.1: The content of 'definitions' must match (annotation?, (simpleType | complexType)?, (unique | key | keyref)*)). A problem was found starting at: attribute.
2025-11-12 10:46:36,778 [INFO] PluginManage:359 - Loaded plugin pinoutconfig (category:base,tabindex:0)
2025-11-12 10:46:36,778 [INFO] PluginManage:310 - Check plugin power
2025-11-12 10:46:36,787 [INFO] PluginManage:359 - Loaded plugin power (category:power,tabindex:4)
2025-11-12 10:46:36,787 [INFO] PluginManage:310 - Check plugin projectmanager
2025-11-12 10:46:36,798 [INFO] PluginManage:359 - Loaded plugin projectmanager (category:projectmanager,tabindex:4)
2025-11-12 10:46:36,798 [INFO] PluginManage:310 - Check plugin rif
2025-11-12 10:46:36,806 [INFO] PluginManage:359 - Loaded plugin rif (category:base,tabindex:3)
2025-11-12 10:46:36,806 [INFO] PluginManage:310 - Check plugin thirdparty
2025-11-12 10:46:36,914 [INFO] PluginManage:359 - Loaded plugin thirdparty (category:base,tabindex:-1)
2025-11-12 10:46:36,914 [WARN] IntegrityCheckThread:84 - waiting for thirdparty lock release [integrity check]
2025-11-12 10:46:36,914 [INFO] PluginManage:310 - Check plugin tools
2025-11-12 10:46:36,914 [INFO] IntegrityCheckThread:86 - entering critical section [integrity check]
2025-11-12 10:46:36,914 [INFO] ThirdPartyUpdaterWithRetryManager:70 - Updater plugin not ready yet. [1/15]
2025-11-12 10:46:36,916 [INFO] PluginManage:359 - Loaded plugin tools (category:base,tabindex:7)
2025-11-12 10:46:36,916 [INFO] PluginManage:310 - Check plugin tutovideos
2025-11-12 10:46:37,094 [INFO] PluginManage:359 - Loaded plugin tutovideos (category:base,tabindex:-1)
2025-11-12 10:46:37,094 [INFO] PluginManage:310 - Check plugin updater
2025-11-12 10:46:37,111 [INFO] PluginManage:359 - Loaded plugin updater (category:base,tabindex:12)
2025-11-12 10:46:37,111 [INFO] PluginManage:310 - Check plugin userauth
2025-11-12 10:46:37,114 [INFO] UserAuth:118 - Init User Auth plugin
2025-11-12 10:46:37,115 [INFO] PluginManage:359 - Loaded plugin userauth (category:base,tabindex:14)
2025-11-12 10:46:37,115 [INFO] PluginManage:283 - PluginManage : Loaded plugins [18]
2025-11-12 10:46:37,297 [INFO] PinOutPanel:1589 - setPackage(No Configuration,No Configuration)
2025-11-12 10:46:37,362 [INFO] CADModel:165 - CPN selected for project level
2025-11-12 10:46:37,362 [INFO] CADModel:114 - Register for checkConnection events
2025-11-12 10:46:37,377 [INFO] IPUIPlugin:80 - create IPUIPlugin
2025-11-12 10:46:37,377 [INFO] PluginManager:220 - loadIPPluginJar : add adc
2025-11-12 10:46:37,379 [INFO] IPUIPlugin:80 - create IPUIPlugin
2025-11-12 10:46:37,379 [INFO] PluginManager:220 - loadIPPluginJar : add aes
2025-11-12 10:46:37,381 [INFO] IPUIPlugin:80 - create IPUIPlugin
2025-11-12 10:46:37,381 [INFO] PluginManager:220 - loadIPPluginJar : add can
2025-11-12 10:46:37,383 [INFO] IPUIPlugin:80 - create IPUIPlugin
2025-11-12 10:46:37,383 [INFO] PluginManager:220 - loadIPPluginJar : add comp
2025-11-12 10:46:37,385 [INFO] IPUIPlugin:80 - create IPUIPlugin
2025-11-12 10:46:37,385 [INFO] PluginManager:220 - loadIPPluginJar : add cryp
2025-11-12 10:46:37,388 [INFO] IPUIPlugin:80 - create IPUIPlugin
2025-11-12 10:46:37,388 [INFO] PluginManager:220 - loadIPPluginJar : add ddr_ctrl_phy
2025-11-12 10:46:37,390 [INFO] IPUIPlugin:80 - create IPUIPlugin
2025-11-12 10:46:37,390 [INFO] PluginManager:220 - loadIPPluginJar : add dfsdm
2025-11-12 10:46:37,394 [INFO] IPUIPlugin:80 - create IPUIPlugin
2025-11-12 10:46:37,395 [INFO] PluginManager:220 - loadIPPluginJar : add dma
2025-11-12 10:46:37,397 [INFO] IPUIPlugin:80 - create IPUIPlugin
2025-11-12 10:46:37,397 [INFO] PluginManager:220 - loadIPPluginJar : add dma3
2025-11-12 10:46:37,399 [INFO] IPUIPlugin:80 - create IPUIPlugin
2025-11-12 10:46:37,399 [INFO] PluginManager:220 - loadIPPluginJar : add extmemmanager
2025-11-12 10:46:37,401 [INFO] IPUIPlugin:80 - create IPUIPlugin
2025-11-12 10:46:37,401 [INFO] PluginManager:220 - loadIPPluginJar : add fatfs
2025-11-12 10:46:37,404 [INFO] IPUIPlugin:80 - create IPUIPlugin
2025-11-12 10:46:37,404 [INFO] PluginManager:220 - loadIPPluginJar : add fmc
2025-11-12 10:46:37,411 [INFO] IPUIPlugin:80 - create IPUIPlugin
2025-11-12 10:46:37,411 [INFO] PluginManager:220 - loadIPPluginJar : add freertos
2025-11-12 10:46:37,412 [INFO] IPUIPlugin:80 - create IPUIPlugin
2025-11-12 10:46:37,412 [INFO] PluginManager:220 - loadIPPluginJar : add genericplugin
2025-11-12 10:46:37,414 [INFO] IPUIPlugin:80 - create IPUIPlugin
2025-11-12 10:46:37,414 [INFO] PluginManager:220 - loadIPPluginJar : add gfxmmu
2025-11-12 10:46:37,418 [INFO] IPUIPlugin:80 - create IPUIPlugin
2025-11-12 10:46:37,419 [INFO] PluginManager:220 - loadIPPluginJar : add gic
2025-11-12 10:46:37,422 [INFO] IPUIPlugin:80 - create IPUIPlugin
2025-11-12 10:46:37,422 [INFO] PluginManager:220 - loadIPPluginJar : add gpio
2025-11-12 10:46:37,424 [INFO] IPUIPlugin:80 - create IPUIPlugin
2025-11-12 10:46:37,424 [INFO] PluginManager:220 - loadIPPluginJar : add gtzc
2025-11-12 10:46:37,426 [INFO] IPUIPlugin:80 - create IPUIPlugin
2025-11-12 10:46:37,426 [INFO] PluginManager:220 - loadIPPluginJar : add hash
2025-11-12 10:46:37,428 [INFO] IPUIPlugin:80 - create IPUIPlugin
2025-11-12 10:46:37,428 [INFO] PluginManager:220 - loadIPPluginJar : add i2c
2025-11-12 10:46:37,430 [INFO] IPUIPlugin:80 - create IPUIPlugin
2025-11-12 10:46:37,430 [INFO] PluginManager:220 - loadIPPluginJar : add i2s
2025-11-12 10:46:37,432 [INFO] IPUIPlugin:80 - create IPUIPlugin
2025-11-12 10:46:37,432 [INFO] PluginManager:220 - loadIPPluginJar : add i3c
2025-11-12 10:46:37,434 [INFO] IPUIPlugin:80 - create IPUIPlugin
2025-11-12 10:46:37,434 [INFO] PluginManager:220 - loadIPPluginJar : add ipddr
2025-11-12 10:46:37,439 [INFO] IPUIPlugin:80 - create IPUIPlugin
2025-11-12 10:46:37,440 [INFO] PluginManager:220 - loadIPPluginJar : add linkedlist
2025-11-12 10:46:37,442 [INFO] IPUIPlugin:80 - create IPUIPlugin
2025-11-12 10:46:37,442 [INFO] PluginManager:220 - loadIPPluginJar : add lorawan
2025-11-12 10:46:37,443 [INFO] IPUIPlugin:80 - create IPUIPlugin
2025-11-12 10:46:37,443 [INFO] PluginManager:220 - loadIPPluginJar : add ltdc
2025-11-12 10:46:37,447 [INFO] IPUIPlugin:80 - create IPUIPlugin
2025-11-12 10:46:37,447 [INFO] PluginManager:220 - loadIPPluginJar : add mdma
2025-11-12 10:46:37,450 [INFO] IPUIPlugin:80 - create IPUIPlugin
2025-11-12 10:46:37,450 [INFO] PluginManager:220 - loadIPPluginJar : add nvic
2025-11-12 10:46:37,452 [INFO] IPUIPlugin:80 - create IPUIPlugin
2025-11-12 10:46:37,452 [INFO] PluginManager:220 - loadIPPluginJar : add opamp
2025-11-12 10:46:37,454 [INFO] IPUIPlugin:80 - create IPUIPlugin
2025-11-12 10:46:37,454 [INFO] PluginManager:220 - loadIPPluginJar : add openamp
2025-11-12 10:46:37,456 [INFO] IPUIPlugin:80 - create IPUIPlugin
2025-11-12 10:46:37,456 [INFO] PluginManager:220 - loadIPPluginJar : add pdm2pcm
2025-11-12 10:46:37,461 [INFO] IPUIPlugin:80 - create IPUIPlugin
2025-11-12 10:46:37,462 [INFO] PluginManager:220 - loadIPPluginJar : add plateformsettings
2025-11-12 10:46:37,464 [INFO] IPUIPlugin:80 - create IPUIPlugin
2025-11-12 10:46:37,464 [INFO] PluginManager:220 - loadIPPluginJar : add quadspi
2025-11-12 10:46:37,465 [INFO] IPUIPlugin:80 - create IPUIPlugin
2025-11-12 10:46:37,465 [INFO] PluginManager:220 - loadIPPluginJar : add radio
2025-11-12 10:46:37,469 [INFO] IPUIPlugin:80 - create IPUIPlugin
2025-11-12 10:46:37,469 [INFO] PluginManager:220 - loadIPPluginJar : add resmgrutility
2025-11-12 10:46:37,471 [INFO] IPUIPlugin:80 - create IPUIPlugin
2025-11-12 10:46:37,471 [INFO] PluginManager:220 - loadIPPluginJar : add sai
2025-11-12 10:46:37,473 [INFO] IPUIPlugin:80 - create IPUIPlugin
2025-11-12 10:46:37,473 [INFO] PluginManager:220 - loadIPPluginJar : add spi
2025-11-12 10:46:37,478 [INFO] IPUIPlugin:80 - create IPUIPlugin
2025-11-12 10:46:37,478 [INFO] PluginManager:220 - loadIPPluginJar : add stm32_wpan
2025-11-12 10:46:37,480 [INFO] IPUIPlugin:80 - create IPUIPlugin
2025-11-12 10:46:37,480 [INFO] PluginManager:220 - loadIPPluginJar : add tim
2025-11-12 10:46:37,482 [INFO] IPUIPlugin:80 - create IPUIPlugin
2025-11-12 10:46:37,482 [INFO] PluginManager:220 - loadIPPluginJar : add touchsensing
2025-11-12 10:46:37,484 [INFO] IPUIPlugin:80 - create IPUIPlugin
2025-11-12 10:46:37,484 [INFO] PluginManager:220 - loadIPPluginJar : add tracer_emb
2025-11-12 10:46:37,485 [INFO] IPUIPlugin:80 - create IPUIPlugin
2025-11-12 10:46:37,485 [INFO] PluginManager:220 - loadIPPluginJar : add ts
2025-11-12 10:46:37,486 [INFO] IPUIPlugin:80 - create IPUIPlugin
2025-11-12 10:46:37,486 [INFO] PluginManager:220 - loadIPPluginJar : add tsc
2025-11-12 10:46:37,488 [INFO] IPUIPlugin:80 - create IPUIPlugin
2025-11-12 10:46:37,488 [INFO] PluginManager:220 - loadIPPluginJar : add ucpd
2025-11-12 10:46:37,490 [INFO] IPUIPlugin:80 - create IPUIPlugin
2025-11-12 10:46:37,490 [INFO] PluginManager:220 - loadIPPluginJar : add usart
2025-11-12 10:46:37,492 [INFO] IPUIPlugin:80 - create IPUIPlugin
2025-11-12 10:46:37,492 [INFO] PluginManager:220 - loadIPPluginJar : add usbx
2025-11-12 10:46:37,608 [FATAL] Updater:351 - Updater called before beeing initialized
2025-11-12 10:46:37,629 [INFO] RulesReader:64 - Compatibility file has been processed (317 Rules)
2025-11-12 10:46:37,637 [INFO] RulesReader:64 - Compatibility file has been processed (317 Rules)
2025-11-12 10:46:37,644 [INFO] CADModel:165 - CPN selected for project level
2025-11-12 10:46:37,644 [INFO] CADModel:114 - Register for checkConnection events
2025-11-12 10:46:37,644 [FATAL] Updater:351 - Updater called before beeing initialized
2025-11-12 10:46:37,644 [ERROR] CADModel:125 - Updater not yet initialized, retry later 
2025-11-12 10:46:37,781 [FATAL] Updater:351 - Updater called before beeing initialized
2025-11-12 10:46:37,782 [INFO] CADModel:165 - CPN selected for project level
2025-11-12 10:46:37,782 [INFO] CADModel:114 - Register for checkConnection events
2025-11-12 10:46:37,783 [FATAL] Updater:351 - Updater called before beeing initialized
2025-11-12 10:46:37,783 [ERROR] CADModel:125 - Updater not yet initialized, retry later 
2025-11-12 10:46:37,785 [FATAL] Updater:351 - Updater called before beeing initialized
2025-11-12 10:46:37,900 [FATAL] Updater:351 - Updater called before beeing initialized
2025-11-12 10:46:37,903 [INFO] DbMcusAds:53 - JSON generation date=Thu Oct 02 15:06:05 IST 2025 (1759397765645)
2025-11-12 10:46:37,903 [FATAL] Updater:351 - Updater called before beeing initialized
2025-11-12 10:46:37,936 [WARN] DetailPanel:346 - Failed to get advertising image, set to default
2025-11-12 10:46:38,004 [FATAL] Updater:351 - Updater called before beeing initialized
2025-11-12 10:46:38,005 [FATAL] Updater:351 - Updater called before beeing initialized
2025-11-12 10:46:38,005 [FATAL] Updater:351 - Updater called before beeing initialized
2025-11-12 10:46:38,005 [WARN] DetailPanel:346 - Failed to get advertising image, set to default
2025-11-12 10:46:38,006 [FATAL] Updater:351 - Updater called before beeing initialized
2025-11-12 10:46:38,041 [ERROR] Updater:1198 - MainUpdater not yet initialized. External WinMGr cannot be set.
2025-11-12 10:46:38,042 [INFO] Updater:1134 - Updater Version found : 6.15.0
2025-11-12 10:46:38,055 [INFO] ApplicationProperties:184 - Using Application install path: C:\ST\STM32CubeIDE_1.19.0\STM32CubeIDE\plugins\com.st.stm32cube.common.mx_6.15.0.202507011659
2025-11-12 10:46:39,622 [ERROR] LogOutputStream:75 - [STDERR_REDIRECT] Nov 12, 2025 10:46:39 AM java.util.prefs.WindowsPreferences <init>
2025-11-12 10:46:39,623 [ERROR] LogOutputStream:75 - [STDERR_REDIRECT] WARNING: Could not open/create prefs root node Software\JavaSoft\Prefs at root 0xffffffff80000002. Windows RegCreateKeyEx(...) returned error code 5.
2025-11-12 10:46:39,623 [ERROR] LogOutputStream:75 - [STDERR_REDIRECT] 
2025-11-12 10:46:39,819 [INFO] MainUpdater:2872 - connection check result : 10
2025-11-12 10:46:39,820 [INFO] MainUpdater:289 - Updater Check For Update Now.
2025-11-12 10:46:39,820 [INFO] MicroXplorer:498 - Change Database Version : DB.6.0.150
2025-11-12 10:46:39,825 [INFO] McuFinderGlobals:63 - Set McuFinder mode to 2 (CubeIDE integrated)
2025-11-12 10:46:39,825 [INFO] UserAuth:171 - activating auth plugin
2025-11-12 10:46:39,827 [INFO] UserAuth:487 - Internet connection configuration mode: 1
2025-11-12 10:46:39,848 [INFO] JxBrowserEngine:152 - Initiate JxBrowser Engine with user profile folder
2025-11-12 10:46:39,915 [WARN] MainUpdater:1193 - Updater busy. Cannot search thirdparties
2025-11-12 10:46:39,915 [INFO] ThirdPartyUpdaterWithRetryManager:96 - Updater plugin is busy. [1/15]
2025-11-12 10:46:39,987 [INFO] CheckServerUpdateThread:120 - End of CheckServer Thread
2025-11-12 10:46:42,270 [INFO] WebApp:169 - Instantiating new browser for Auth
2025-11-12 10:46:42,826 [INFO] WebApp:463 - Apply proxy settings
2025-11-12 10:46:42,827 [INFO] WebApp:548 - Chromium requires no authentication
2025-11-12 10:46:42,834 [INFO] WebApp:491 - Direct internet connection detected
2025-11-12 10:46:42,854 [INFO] WebApp:900 - Register for checkConnection events
2025-11-12 10:46:42,854 [INFO] WebApp:463 - Apply proxy settings
2025-11-12 10:46:42,855 [INFO] WebApp:548 - Chromium requires no authentication
2025-11-12 10:46:42,855 [INFO] WebApp:491 - Direct internet connection detected
2025-11-12 10:46:43,015 [INFO] WebApp:225 - Starting web application
2025-11-12 10:46:43,015 [INFO] WebApp:593 - Web application path used C:\ST\STM32CubeIDE_1.19.0\STM32CubeIDE\plugins\com.st.stm32cube.common.mx_6.15.0.202507011659\db\plugins\mcufinder\reactClient1\index.html
2025-11-12 10:46:43,119 [WARN] PackLoader:240 - Cannot read IP mode file for STMicroelectronics.FP-SNS-MOTENVWB1.1.4.0
2025-11-12 10:46:43,126 [WARN] PackLoader:240 - Cannot read IP mode file for STMicroelectronics.FP-ATR-ASTRA1.2.0.2
2025-11-12 10:46:43,132 [WARN] PackLoader:240 - Cannot read IP mode file for STMicroelectronics.X-CUBE-SMBUS.2.1.0
2025-11-12 10:46:43,158 [WARN] PackLoader:240 - Cannot read IP mode file for STMicroelectronics.X-CUBE-AZRTOS-F7.1.1.0
2025-11-12 10:46:43,166 [WARN] PackLoader:240 - Cannot read IP mode file for Cesanta.I-CUBE-Mongoose.7.19.0
2025-11-12 10:46:43,172 [WARN] PackLoader:240 - Cannot read IP mode file for STMicroelectronics.FP-SNS-MOTENV1.5.1.0
2025-11-12 10:46:43,185 [WARN] PackLoader:240 - Cannot read IP mode file for WES.I-CUBE-Cesium.1.4.0
2025-11-12 10:46:43,204 [WARN] PackLoader:240 - Cannot read IP mode file for Infineon.AIROC-Wi-Fi-Bluetooth-STM32.1.7.1
2025-11-12 10:46:43,226 [WARN] PackLoader:240 - Cannot read IP mode file for STMicroelectronics.X-CUBE-AZRTOS-H7.3.4.0
2025-11-12 10:46:43,237 [WARN] PackLoader:240 - Cannot read IP mode file for STMicroelectronics.X-CUBE-DISPLAY.3.0.0
2025-11-12 10:46:43,248 [WARN] PackLoader:240 - Cannot read IP mode file for STMicroelectronics.X-CUBE-NFC10.1.0.0
2025-11-12 10:46:43,254 [WARN] PackLoader:240 - Cannot read IP mode file for STMicroelectronics.X-CUBE-ST60.1.1.0
2025-11-12 10:46:43,260 [WARN] PackLoader:240 - Cannot read IP mode file for emotas.I-CUBE-CANOPEN.1.3.0
2025-11-12 10:46:43,265 [WARN] PackLoader:240 - Cannot read IP mode file for STMicroelectronics.X-CUBE-GNSS1.7.1.0
2025-11-12 10:46:43,273 [WARN] PackLoader:240 - Cannot read IP mode file for STMicroelectronics.FP-SNS-STBOX1.2.1.0
2025-11-12 10:46:43,279 [WARN] PackLoader:240 - Cannot read IP mode file for STMicroelectronics.FP-SNS-SMARTAG2.1.2.0
2025-11-12 10:46:43,283 [WARN] PackLoader:240 - Cannot read IP mode file for STMicroelectronics.FP-SNS-FLIGHT1.5.1.0
2025-11-12 10:46:43,291 [INFO] LogOutputStream:77 - [STDOUT_REDIRECT] 1 : Invalid condition id : UX_CORESTACK_Condition cause : null
2025-11-12 10:46:43,291 [INFO] LogOutputStream:77 - [STDOUT_REDIRECT] 1 : Invalid condition id : UX_CORESTACK_Condition cause : null
2025-11-12 10:46:43,292 [INFO] LogOutputStream:77 - [STDOUT_REDIRECT] 1 : Invalid condition id : UX_CORESTACK_Condition cause : null
2025-11-12 10:46:43,292 [INFO] LogOutputStream:77 - [STDOUT_REDIRECT] 1 : Invalid condition id : UX_CORESTACK_Condition cause : null
2025-11-12 10:46:43,293 [INFO] LogOutputStream:77 - [STDOUT_REDIRECT] 1 : Invalid condition id : UX_CORESTACK_Condition cause : null
2025-11-12 10:46:43,295 [WARN] PackLoader:240 - Cannot read IP mode file for STMicroelectronics.X-CUBE-AZRTOS-WL.2.0.0
2025-11-12 10:46:43,302 [WARN] PackLoader:240 - Cannot read IP mode file for STMicroelectronics.X-CUBE-BLE2.3.3.0
2025-11-12 10:46:43,321 [WARN] PackLoader:240 - Cannot read IP mode file for STMicroelectronics.X-CUBE-NFC9.1.0.0
2025-11-12 10:46:43,338 [WARN] PackLoader:240 - Cannot read IP mode file for wolfSSL.I-CUBE-wolfSSL.5.8.2
2025-11-12 10:46:43,342 [WARN] PackLoader:240 - Cannot read IP mode file for STMicroelectronics.X-CUBE-BLE1.7.1.0
2025-11-12 10:46:43,346 [WARN] PackLoader:240 - Cannot read IP mode file for wolfSSL.I-CUBE-wolfMQTT.1.19.2
2025-11-12 10:46:43,352 [WARN] PackLoader:240 - Cannot read IP mode file for STMicroelectronics.X-CUBE-EEPRMA1.5.2.0
2025-11-12 10:46:43,359 [WARN] PackLoader:240 - Cannot read IP mode file for STMicroelectronics.X-CUBE-ST67W61.1.1.0
2025-11-12 10:46:43,370 [WARN] PackLoader:240 - Cannot read IP mode file for STMicroelectronics.X-CUBE-AZRTOS-G0.1.1.0
2025-11-12 10:46:43,378 [WARN] PackLoader:240 - Cannot read IP mode file for STMicroelectronics.X-CUBE-SAFEA1.1.2.2
2025-11-12 10:46:43,383 [WARN] PackLoader:240 - Cannot read IP mode file for STMicroelectronics.X-CUBE-NFC4.3.0.0
2025-11-12 10:46:43,391 [WARN] PackLoader:240 - Cannot read IP mode file for EmbeddedOffice.I-CUBE-FS-RTOS.1.0.1
2025-11-12 10:46:43,397 [WARN] PackLoader:240 - Cannot read IP mode file for STMicroelectronics.X-CUBE-WB05N.2.0.0
2025-11-12 10:46:43,401 [WARN] PackLoader:240 - Cannot read IP mode file for wolfSSL.I-CUBE-wolfTPM.3.8.0
2025-11-12 10:46:43,406 [WARN] PackLoader:240 - Cannot read IP mode file for STMicroelectronics.X-CUBE-TCPP.4.2.0
2025-11-12 10:46:43,413 [WARN] PackLoader:240 - Cannot read IP mode file for RealThread.X-CUBE-RT-Thread_Nano.4.1.1
2025-11-12 10:46:43,419 [WARN] PackLoader:240 - Cannot read IP mode file for STMicroelectronics.FP-ATR-SIGFOX1.3.2.0
2025-11-12 10:46:43,426 [WARN] PackLoader:240 - Cannot read IP mode file for ITTIA_DB.I-CUBE-ITTIADB.8.9.0
2025-11-12 10:46:43,431 [WARN] PackLoader:240 - Cannot read IP mode file for STMicroelectronics.X-CUBE-AI.10.2.0
2025-11-12 10:46:43,453 [WARN] PackLoader:240 - Cannot read IP mode file for SEGGER.I-CUBE-embOS.1.3.1
2025-11-12 10:46:43,486 [WARN] PackLoader:240 - Cannot read IP mode file for STMicroelectronics.X-CUBE-ALGOBUILD.1.4.0
2025-11-12 10:46:43,546 [WARN] PackLoader:240 - Cannot read IP mode file for STMicroelectronics.X-CUBE-MEMS1.11.3.0
2025-11-12 10:46:43,654 [INFO] WebApp:191 - Connection restablished
2025-11-12 10:46:43,712 [WARN] PackLoader:240 - Cannot read IP mode file for STMicroelectronics.X-CUBE-PM33A1.1.0.0
2025-11-12 10:46:43,727 [WARN] PackLoader:240 - Cannot read IP mode file for STMicroelectronics.X-CUBE-AZRTOS-F4.1.1.0
2025-11-12 10:46:43,734 [WARN] PackLoader:240 - Cannot read IP mode file for STMicroelectronics.X-CUBE-ISPU.2.1.0
2025-11-12 10:46:43,753 [WARN] PackLoader:240 - Cannot read IP mode file for STMicroelectronics.X-CUBE-IPS.3.2.0
2025-11-12 10:46:43,767 [WARN] PackLoader:240 - Cannot read IP mode file for STMicroelectronics.X-CUBE-NFC12.1.0.0
2025-11-12 10:46:43,781 [WARN] PackLoader:240 - Cannot read IP mode file for STMicroelectronics.X-CUBE-AZRTOS-L5.2.0.0
2025-11-12 10:46:43,792 [WARN] PackLoader:240 - Cannot read IP mode file for STMicroelectronics.X-CUBE-NFC6.3.1.0
2025-11-12 10:46:43,800 [WARN] PackLoader:240 - Cannot read IP mode file for STMicroelectronics.X-CUBE-FREERTOS.1.3.1
2025-11-12 10:46:43,808 [WARN] PackLoader:240 - Cannot read IP mode file for STMicroelectronics.X-CUBE-TOUCHGFX.4.26.0
2025-11-12 10:46:43,815 [WARN] PackLoader:240 - Cannot read IP mode file for STMicroelectronics.FP-SNS-STAIOTCFT.1.0.0
2025-11-12 10:46:43,822 [WARN] PackLoader:240 - Cannot read IP mode file for STMicroelectronics.X-CUBE-DPower.1.3.0
2025-11-12 10:46:43,839 [WARN] ConditionMgr:438 - getConditionDescription Invalid condition id : LAN8742 Phy interface Condition cause : null
2025-11-12 10:46:43,840 [WARN] PackLoader:240 - Cannot read IP mode file for STMicroelectronics.X-CUBE-AZRTOS-L4.2.0.0
2025-11-12 10:46:43,842 [WARN] ConditionMgr:1044 - genDependencies : Invalid condition id : LAN8742 Phy interface Condition cause : null
2025-11-12 10:46:43,842 [WARN] ConditionMgr:1044 - genDependencies : Invalid condition id : LAN8742 Phy interface Condition cause : null
2025-11-12 10:46:43,842 [WARN] ConditionMgr:1044 - genDependencies : Invalid condition id : LAN8742 Phy interface Condition cause : null
2025-11-12 10:46:43,849 [WARN] PackLoader:240 - Cannot read IP mode file for STMicroelectronics.X-CUBE-SFXS2LP1.4.0.0
2025-11-12 10:46:43,859 [WARN] PackLoader:240 - Cannot read IP mode file for STMicroelectronics.X-CUBE-BLEMGR.4.1.0
2025-11-12 10:46:43,871 [WARN] ConditionMgr:438 - getConditionDescription Invalid condition id : UX DEVICE CLASS RTOS Condition cause : null
2025-11-12 10:46:43,871 [WARN] ConditionMgr:438 - getConditionDescription Invalid condition id : UX DEVICE CLASS RTOS Condition cause : null
2025-11-12 10:46:43,873 [WARN] PackLoader:240 - Cannot read IP mode file for STMicroelectronics.X-CUBE-AZRTOS-WB.2.0.0
2025-11-12 10:46:43,873 [WARN] ConditionMgr:1044 - genDependencies : Invalid condition id : UX DEVICE CLASS RTOS Condition cause : null
2025-11-12 10:46:43,873 [WARN] ConditionMgr:1044 - genDependencies : Invalid condition id : UX DEVICE CLASS RTOS Condition cause : null
2025-11-12 10:46:43,874 [WARN] ConditionMgr:1044 - genDependencies : Invalid condition id : UX DEVICE CLASS RTOS Condition cause : null
2025-11-12 10:46:43,874 [WARN] ConditionMgr:1044 - genDependencies : Invalid condition id : UX DEVICE CLASS RTOS Condition cause : null
2025-11-12 10:46:43,874 [WARN] ConditionMgr:1044 - genDependencies : Invalid condition id : UX DEVICE CLASS RTOS Condition cause : null
2025-11-12 10:46:43,881 [WARN] ConditionMgr:438 - getConditionDescription Invalid condition id : Cortex-A Device cause : null
2025-11-12 10:46:43,895 [WARN] ConditionMgr:1044 - genDependencies : Invalid condition id : Cortex-A Device cause : null
2025-11-12 10:46:43,895 [WARN] ConditionMgr:1044 - genDependencies : Invalid condition id : Cortex-A Device cause : null
2025-11-12 10:46:43,895 [WARN] ConditionMgr:1044 - genDependencies : Invalid condition id : Cortex-A Device cause : null
2025-11-12 10:46:43,905 [WARN] PackLoader:240 - Cannot read IP mode file for STMicroelectronics.X-CUBE-SUBG2.5.0.0
2025-11-12 10:46:43,930 [WARN] PackLoader:240 - Cannot read IP mode file for STMicroelectronics.X-CUBE-AZRTOS-H7RS.1.1.0
2025-11-12 10:46:43,947 [WARN] PackLoader:240 - Cannot read IP mode file for STMicroelectronics.X-CUBE-AZRTOS-G4.2.0.0
2025-11-12 10:46:43,953 [WARN] PackLoader:240 - Cannot read IP mode file for wolfSSL.I-CUBE-wolfSSH.1.4.20
2025-11-12 10:46:43,959 [WARN] PackLoader:240 - Cannot read IP mode file for STMicroelectronics.X-CUBE-NFC7.2.0.0
2025-11-12 10:46:43,965 [WARN] PackLoader:240 - Cannot read IP mode file for STMicroelectronics.X-CUBE-ALS.1.0.2
2025-11-12 10:46:43,973 [WARN] PackLoader:240 - Cannot read IP mode file for STMicroelectronics.X-CUBE-STSE01.1.0.0
2025-11-12 10:46:43,985 [WARN] PackLoader:240 - Cannot read IP mode file for STMicroelectronics.X-CUBE-TOF1.3.4.3
2025-11-12 10:46:43,998 [INFO] ThirdParty:978 - Integrity check success = true
2025-11-12 10:46:43,998 [INFO] IntegrityCheckThread:100 - exiting critical section [integrity check]
2025-11-12 10:46:43,999 [INFO] IntegrityCheckThread:103 - End integrity checks thread
2025-11-12 10:47:32,448 [INFO] WebApp:194 - Connection lost
2025-11-12 10:47:32,623 [INFO] WebApp:191 - Connection restablished
2025-11-12 10:48:03,670 [INFO] WebApp:403 - JxBrowser engine has been closed 
2025-11-12 10:52:50,754 [INFO] Activator:176 - 


2025-11-12 10:52:50,756 [INFO] Activator:177 - !SESSION log4j initialized
2025-11-12 10:52:55,779 [INFO] LogOutputStream:77 - [STDOUT_REDIRECT] 
2025-11-12 10:52:56,909 [INFO] ApplicationProperties:184 - Using Application install path: C:\ST\STM32CubeIDE_1.19.0\STM32CubeIDE\plugins\com.st.stm32cube.common.mx_6.15.0.202507011659
2025-11-12 10:52:56,924 [INFO] DbMcusXml:78 - Set database path to: C:\ST\STM32CubeIDE_1.19.0\STM32CubeIDE\plugins\com.st.stm32cube.common.mx_6.15.0.202507011659\\db\/mcu/
2025-11-12 10:52:56,924 [INFO] ApiDb:274 - Set plugin database path to: C:\ST\STM32CubeIDE_1.19.0\STM32CubeIDE\plugins\com.st.stm32cube.common.mx_6.15.0.202507011659\\db\/plugins/boardmanager/
2025-11-12 10:52:56,924 [WARN] ApiDb:259 - Overriding images path with different value:  => C:\ST\STM32CubeIDE_1.19.0\STM32CubeIDE\plugins\com.st.stm32cube.common.mx_6.15.0.202507011659\\db\/plugins/mcufinder/images/
2025-11-12 10:52:56,932 [INFO] ApiDb:250 - Set database path to: C:\Users\USER\.stmcufinder\plugins\mcufinder//mcu/
2025-11-12 10:52:56,933 [INFO] DbMcusAds:125 - Set database path to: C:\Users\USER\.stmcufinder\plugins\mcufinder//mcu/
2025-11-12 10:52:56,935 [INFO] CrossReferenceDbSqlite:203 - Set database path to: C:\Users\USER\.stmcufinder\plugins\mcufinder//mcu/cs/
2025-11-12 10:52:57,028 [INFO] RulesReader:64 - Compatibility file has been processed (317 Rules)
2025-11-12 10:52:57,107 [INFO] DbMcusXml:78 - Set database path to: C:\ST\STM32CubeIDE_1.19.0\STM32CubeIDE\plugins\com.st.stm32cube.common.mx_6.15.0.202507011659\\db\/mcu/
2025-11-12 10:52:57,107 [INFO] ApiDb:274 - Set plugin database path to: C:\ST\STM32CubeIDE_1.19.0\STM32CubeIDE\plugins\com.st.stm32cube.common.mx_6.15.0.202507011659\\db\/plugins/boardmanager/
2025-11-12 10:52:57,107 [INFO] ApiDb:261 - Set plugin images path to: C:\ST\STM32CubeIDE_1.19.0\STM32CubeIDE\plugins\com.st.stm32cube.common.mx_6.15.0.202507011659\\db\/plugins/mcufinder/images/
2025-11-12 10:52:57,107 [WARN] DbFile:41 - Overriding database path with different value: C:\Users\USER\.stmcufinder\plugins\mcufinder/ => C:\Users\USER\.stmcufinder\plugins\mcufinder
2025-11-12 10:52:57,107 [INFO] ApiDb:250 - Set database path to: C:\Users\USER\.stmcufinder\plugins\mcufinder//mcu/
2025-11-12 10:52:57,107 [WARN] DbFile:41 - Overriding database path with different value: C:\Users\USER\.stmcufinder\plugins\mcufinder/ => C:\Users\USER\.stmcufinder\plugins\mcufinder
2025-11-12 10:52:57,107 [INFO] DbMcusAds:125 - Set database path to: C:\Users\USER\.stmcufinder\plugins\mcufinder//mcu/
2025-11-12 10:52:57,107 [WARN] DbFile:41 - Overriding database path with different value: C:\Users\USER\.stmcufinder\plugins\mcufinder/ => C:\Users\USER\.stmcufinder\plugins\mcufinder
2025-11-12 10:52:57,107 [WARN] DbFile:41 - Overriding database path with different value: C:\Users\USER\.stmcufinder\plugins\mcufinder/ => C:\Users\USER\.stmcufinder\plugins\mcufinder
2025-11-12 10:52:57,107 [INFO] CrossReferenceDbSqlite:203 - Set database path to: C:\Users\USER\.stmcufinder\plugins\mcufinder//mcu/cs/
2025-11-12 10:52:57,176 [INFO] MainPanel:274 - HeapMemory: 268435456
2025-11-12 10:52:57,272 [INFO] DbMcusXml:78 - Set database path to: C:\ST\STM32CubeIDE_1.19.0\STM32CubeIDE\plugins\com.st.stm32cube.common.mx_6.15.0.202507011659\\db\/mcu/
2025-11-12 10:52:57,272 [INFO] ApiDb:274 - Set plugin database path to: C:\ST\STM32CubeIDE_1.19.0\STM32CubeIDE\plugins\com.st.stm32cube.common.mx_6.15.0.202507011659\\db\/plugins/boardmanager/
2025-11-12 10:52:57,272 [INFO] ApiDb:261 - Set plugin images path to: C:\ST\STM32CubeIDE_1.19.0\STM32CubeIDE\plugins\com.st.stm32cube.common.mx_6.15.0.202507011659\\db\/plugins/mcufinder/images/
2025-11-12 10:52:57,272 [WARN] DbFile:41 - Overriding database path with different value: C:\Users\USER\.stmcufinder\plugins\mcufinder/ => C:\Users\USER\.stmcufinder\plugins\mcufinder
2025-11-12 10:52:57,272 [INFO] ApiDb:250 - Set database path to: C:\Users\USER\.stmcufinder\plugins\mcufinder//mcu/
2025-11-12 10:52:57,272 [WARN] DbFile:41 - Overriding database path with different value: C:\Users\USER\.stmcufinder\plugins\mcufinder/ => C:\Users\USER\.stmcufinder\plugins\mcufinder
2025-11-12 10:52:57,272 [INFO] DbMcusAds:125 - Set database path to: C:\Users\USER\.stmcufinder\plugins\mcufinder//mcu/
2025-11-12 10:52:57,272 [WARN] DbFile:41 - Overriding database path with different value: C:\Users\USER\.stmcufinder\plugins\mcufinder/ => C:\Users\USER\.stmcufinder\plugins\mcufinder
2025-11-12 10:52:57,272 [WARN] DbFile:41 - Overriding database path with different value: C:\Users\USER\.stmcufinder\plugins\mcufinder/ => C:\Users\USER\.stmcufinder\plugins\mcufinder
2025-11-12 10:52:57,272 [INFO] CrossReferenceDbSqlite:203 - Set database path to: C:\Users\USER\.stmcufinder\plugins\mcufinder//mcu/cs/
2025-11-12 10:52:57,287 [INFO] ApplicationProperties:184 - Using Application install path: C:\ST\STM32CubeIDE_1.19.0\STM32CubeIDE\plugins\com.st.stm32cube.common.mx_6.15.0.202507011659
2025-11-12 10:52:57,288 [INFO] PluginManage:196 - Search for loadable plugins [exclusion list=, ]
2025-11-12 10:52:57,289 [INFO] PluginManage:310 - Check plugin analytics
2025-11-12 10:52:57,433 [INFO] AnalyticsPlugin:253 - Accepted Software Licenses: 
2025-11-12 10:52:57,433 [INFO] AnalyticsPlugin:255 - Accepted CMSIS Pack Licenses: 
2025-11-12 10:52:57,433 [INFO] AnalyticsPlugin:257 - Accepted Firmware Licenses: 
2025-11-12 10:52:57,435 [INFO] PluginManage:359 - Loaded plugin analytics (category:tool,tabindex:-1)
2025-11-12 10:52:57,436 [INFO] PluginManage:310 - Check plugin cadmodel
2025-11-12 10:52:57,443 [INFO] CADModel:105 - Init CAD model plugin
2025-11-12 10:52:57,443 [INFO] PluginManage:359 - Loaded plugin cadmodel (category:power,tabindex:5)
2025-11-12 10:52:57,443 [INFO] PluginManage:310 - Check plugin clock
2025-11-12 10:52:57,452 [INFO] PluginManage:359 - Loaded plugin clock (category:base,tabindex:2)
2025-11-12 10:52:57,453 [INFO] PluginManage:310 - Check plugin ddr
2025-11-12 10:52:57,455 [INFO] PluginManage:359 - Loaded plugin ddr (category:tool,tabindex:6)
2025-11-12 10:52:57,456 [INFO] PluginManage:310 - Check plugin filemanager
2025-11-12 10:52:57,603 [INFO] PluginManage:359 - Loaded plugin filemanager (category:base,tabindex:10)
2025-11-12 10:52:57,603 [INFO] PluginManage:310 - Check plugin ipmanager
2025-11-12 10:52:57,609 [INFO] PluginManage:359 - Loaded plugin ipmanager (category:base,tabindex:5)
2025-11-12 10:52:57,609 [INFO] PluginManage:310 - Check plugin lpbam
2025-11-12 10:52:57,616 [INFO] PluginManage:359 - Loaded plugin lpbam (category:base,tabindex:0)
2025-11-12 10:52:57,616 [INFO] PluginManage:310 - Check plugin memorymap
2025-11-12 10:52:57,628 [INFO] PluginManage:359 - Loaded plugin memorymap (category:base,tabindex:4)
2025-11-12 10:52:57,628 [INFO] PluginManage:310 - Check plugin pinoutandconfiguration
2025-11-12 10:52:57,636 [INFO] PluginManage:359 - Loaded plugin pinoutandconfiguration (category:base,tabindex:1)
2025-11-12 10:52:57,636 [INFO] PluginManage:310 - Check plugin pinoutconfig
2025-11-12 10:52:57,705 [WARN] SupportedApi:132 - Cannot load RTOS API schema: s4s-elt-must-match.1: The content of 'definitions' must match (annotation?, (simpleType | complexType)?, (unique | key | keyref)*)). A problem was found starting at: attribute.
2025-11-12 10:52:57,802 [INFO] PluginManage:359 - Loaded plugin pinoutconfig (category:base,tabindex:0)
2025-11-12 10:52:57,802 [INFO] PluginManage:310 - Check plugin power
2025-11-12 10:52:57,810 [INFO] PluginManage:359 - Loaded plugin power (category:power,tabindex:4)
2025-11-12 10:52:57,810 [INFO] PluginManage:310 - Check plugin projectmanager
2025-11-12 10:52:57,821 [INFO] PluginManage:359 - Loaded plugin projectmanager (category:projectmanager,tabindex:4)
2025-11-12 10:52:57,821 [INFO] PluginManage:310 - Check plugin rif
2025-11-12 10:52:57,830 [INFO] PluginManage:359 - Loaded plugin rif (category:base,tabindex:3)
2025-11-12 10:52:57,830 [INFO] PluginManage:310 - Check plugin thirdparty
2025-11-12 10:52:57,936 [INFO] PluginManage:359 - Loaded plugin thirdparty (category:base,tabindex:-1)
2025-11-12 10:52:57,936 [INFO] PluginManage:310 - Check plugin tools
2025-11-12 10:52:57,936 [WARN] IntegrityCheckThread:84 - waiting for thirdparty lock release [integrity check]
2025-11-12 10:52:57,936 [INFO] IntegrityCheckThread:86 - entering critical section [integrity check]
2025-11-12 10:52:57,936 [INFO] ThirdPartyUpdaterWithRetryManager:70 - Updater plugin not ready yet. [1/15]
2025-11-12 10:52:57,938 [INFO] PluginManage:359 - Loaded plugin tools (category:base,tabindex:7)
2025-11-12 10:52:57,938 [INFO] PluginManage:310 - Check plugin tutovideos
2025-11-12 10:52:58,101 [INFO] PluginManage:359 - Loaded plugin tutovideos (category:base,tabindex:-1)
2025-11-12 10:52:58,101 [INFO] PluginManage:310 - Check plugin updater
2025-11-12 10:52:58,118 [INFO] PluginManage:359 - Loaded plugin updater (category:base,tabindex:12)
2025-11-12 10:52:58,118 [INFO] PluginManage:310 - Check plugin userauth
2025-11-12 10:52:58,121 [INFO] UserAuth:118 - Init User Auth plugin
2025-11-12 10:52:58,122 [INFO] PluginManage:359 - Loaded plugin userauth (category:base,tabindex:14)
2025-11-12 10:52:58,122 [INFO] PluginManage:283 - PluginManage : Loaded plugins [18]
2025-11-12 10:52:58,288 [INFO] PinOutPanel:1589 - setPackage(No Configuration,No Configuration)
2025-11-12 10:52:58,358 [INFO] CADModel:165 - CPN selected for project level
2025-11-12 10:52:58,358 [INFO] CADModel:114 - Register for checkConnection events
2025-11-12 10:52:58,374 [INFO] IPUIPlugin:80 - create IPUIPlugin
2025-11-12 10:52:58,374 [INFO] PluginManager:220 - loadIPPluginJar : add adc
2025-11-12 10:52:58,377 [INFO] IPUIPlugin:80 - create IPUIPlugin
2025-11-12 10:52:58,377 [INFO] PluginManager:220 - loadIPPluginJar : add aes
2025-11-12 10:52:58,379 [INFO] IPUIPlugin:80 - create IPUIPlugin
2025-11-12 10:52:58,379 [INFO] PluginManager:220 - loadIPPluginJar : add can
2025-11-12 10:52:58,381 [INFO] IPUIPlugin:80 - create IPUIPlugin
2025-11-12 10:52:58,381 [INFO] PluginManager:220 - loadIPPluginJar : add comp
2025-11-12 10:52:58,383 [INFO] IPUIPlugin:80 - create IPUIPlugin
2025-11-12 10:52:58,383 [INFO] PluginManager:220 - loadIPPluginJar : add cryp
2025-11-12 10:52:58,386 [INFO] IPUIPlugin:80 - create IPUIPlugin
2025-11-12 10:52:58,386 [INFO] PluginManager:220 - loadIPPluginJar : add ddr_ctrl_phy
2025-11-12 10:52:58,388 [INFO] IPUIPlugin:80 - create IPUIPlugin
2025-11-12 10:52:58,388 [INFO] PluginManager:220 - loadIPPluginJar : add dfsdm
2025-11-12 10:52:58,393 [INFO] IPUIPlugin:80 - create IPUIPlugin
2025-11-12 10:52:58,394 [INFO] PluginManager:220 - loadIPPluginJar : add dma
2025-11-12 10:52:58,396 [INFO] IPUIPlugin:80 - create IPUIPlugin
2025-11-12 10:52:58,396 [INFO] PluginManager:220 - loadIPPluginJar : add dma3
2025-11-12 10:52:58,399 [INFO] IPUIPlugin:80 - create IPUIPlugin
2025-11-12 10:52:58,399 [INFO] PluginManager:220 - loadIPPluginJar : add extmemmanager
2025-11-12 10:52:58,401 [INFO] IPUIPlugin:80 - create IPUIPlugin
2025-11-12 10:52:58,401 [INFO] PluginManager:220 - loadIPPluginJar : add fatfs
2025-11-12 10:52:58,404 [INFO] IPUIPlugin:80 - create IPUIPlugin
2025-11-12 10:52:58,405 [INFO] PluginManager:220 - loadIPPluginJar : add fmc
2025-11-12 10:52:58,411 [INFO] IPUIPlugin:80 - create IPUIPlugin
2025-11-12 10:52:58,411 [INFO] PluginManager:220 - loadIPPluginJar : add freertos
2025-11-12 10:52:58,413 [INFO] IPUIPlugin:80 - create IPUIPlugin
2025-11-12 10:52:58,413 [INFO] PluginManager:220 - loadIPPluginJar : add genericplugin
2025-11-12 10:52:58,415 [INFO] IPUIPlugin:80 - create IPUIPlugin
2025-11-12 10:52:58,415 [INFO] PluginManager:220 - loadIPPluginJar : add gfxmmu
2025-11-12 10:52:58,419 [INFO] IPUIPlugin:80 - create IPUIPlugin
2025-11-12 10:52:58,419 [INFO] PluginManager:220 - loadIPPluginJar : add gic
2025-11-12 10:52:58,422 [INFO] IPUIPlugin:80 - create IPUIPlugin
2025-11-12 10:52:58,423 [INFO] PluginManager:220 - loadIPPluginJar : add gpio
2025-11-12 10:52:58,424 [INFO] IPUIPlugin:80 - create IPUIPlugin
2025-11-12 10:52:58,425 [INFO] PluginManager:220 - loadIPPluginJar : add gtzc
2025-11-12 10:52:58,427 [INFO] IPUIPlugin:80 - create IPUIPlugin
2025-11-12 10:52:58,427 [INFO] PluginManager:220 - loadIPPluginJar : add hash
2025-11-12 10:52:58,429 [INFO] IPUIPlugin:80 - create IPUIPlugin
2025-11-12 10:52:58,429 [INFO] PluginManager:220 - loadIPPluginJar : add i2c
2025-11-12 10:52:58,431 [INFO] IPUIPlugin:80 - create IPUIPlugin
2025-11-12 10:52:58,431 [INFO] PluginManager:220 - loadIPPluginJar : add i2s
2025-11-12 10:52:58,433 [INFO] IPUIPlugin:80 - create IPUIPlugin
2025-11-12 10:52:58,433 [INFO] PluginManager:220 - loadIPPluginJar : add i3c
2025-11-12 10:52:58,436 [INFO] IPUIPlugin:80 - create IPUIPlugin
2025-11-12 10:52:58,436 [INFO] PluginManager:220 - loadIPPluginJar : add ipddr
2025-11-12 10:52:58,441 [INFO] IPUIPlugin:80 - create IPUIPlugin
2025-11-12 10:52:58,441 [INFO] PluginManager:220 - loadIPPluginJar : add linkedlist
2025-11-12 10:52:58,444 [INFO] IPUIPlugin:80 - create IPUIPlugin
2025-11-12 10:52:58,444 [INFO] PluginManager:220 - loadIPPluginJar : add lorawan
2025-11-12 10:52:58,445 [INFO] IPUIPlugin:80 - create IPUIPlugin
2025-11-12 10:52:58,445 [INFO] PluginManager:220 - loadIPPluginJar : add ltdc
2025-11-12 10:52:58,450 [INFO] IPUIPlugin:80 - create IPUIPlugin
2025-11-12 10:52:58,450 [INFO] PluginManager:220 - loadIPPluginJar : add mdma
2025-11-12 10:52:58,453 [INFO] IPUIPlugin:80 - create IPUIPlugin
2025-11-12 10:52:58,453 [INFO] PluginManager:220 - loadIPPluginJar : add nvic
2025-11-12 10:52:58,455 [INFO] IPUIPlugin:80 - create IPUIPlugin
2025-11-12 10:52:58,455 [INFO] PluginManager:220 - loadIPPluginJar : add opamp
2025-11-12 10:52:58,457 [INFO] IPUIPlugin:80 - create IPUIPlugin
2025-11-12 10:52:58,458 [INFO] PluginManager:220 - loadIPPluginJar : add openamp
2025-11-12 10:52:58,461 [INFO] IPUIPlugin:80 - create IPUIPlugin
2025-11-12 10:52:58,461 [INFO] PluginManager:220 - loadIPPluginJar : add pdm2pcm
2025-11-12 10:52:58,466 [INFO] IPUIPlugin:80 - create IPUIPlugin
2025-11-12 10:52:58,467 [INFO] PluginManager:220 - loadIPPluginJar : add plateformsettings
2025-11-12 10:52:58,469 [INFO] IPUIPlugin:80 - create IPUIPlugin
2025-11-12 10:52:58,469 [INFO] PluginManager:220 - loadIPPluginJar : add quadspi
2025-11-12 10:52:58,471 [INFO] IPUIPlugin:80 - create IPUIPlugin
2025-11-12 10:52:58,471 [INFO] PluginManager:220 - loadIPPluginJar : add radio
2025-11-12 10:52:58,475 [INFO] IPUIPlugin:80 - create IPUIPlugin
2025-11-12 10:52:58,475 [INFO] PluginManager:220 - loadIPPluginJar : add resmgrutility
2025-11-12 10:52:58,477 [INFO] IPUIPlugin:80 - create IPUIPlugin
2025-11-12 10:52:58,477 [INFO] PluginManager:220 - loadIPPluginJar : add sai
2025-11-12 10:52:58,480 [INFO] IPUIPlugin:80 - create IPUIPlugin
2025-11-12 10:52:58,480 [INFO] PluginManager:220 - loadIPPluginJar : add spi
2025-11-12 10:52:58,485 [INFO] IPUIPlugin:80 - create IPUIPlugin
2025-11-12 10:52:58,485 [INFO] PluginManager:220 - loadIPPluginJar : add stm32_wpan
2025-11-12 10:52:58,487 [INFO] IPUIPlugin:80 - create IPUIPlugin
2025-11-12 10:52:58,487 [INFO] PluginManager:220 - loadIPPluginJar : add tim
2025-11-12 10:52:58,489 [INFO] IPUIPlugin:80 - create IPUIPlugin
2025-11-12 10:52:58,489 [INFO] PluginManager:220 - loadIPPluginJar : add touchsensing
2025-11-12 10:52:58,490 [INFO] IPUIPlugin:80 - create IPUIPlugin
2025-11-12 10:52:58,490 [INFO] PluginManager:220 - loadIPPluginJar : add tracer_emb
2025-11-12 10:52:58,493 [INFO] IPUIPlugin:80 - create IPUIPlugin
2025-11-12 10:52:58,493 [INFO] PluginManager:220 - loadIPPluginJar : add ts
2025-11-12 10:52:58,494 [INFO] IPUIPlugin:80 - create IPUIPlugin
2025-11-12 10:52:58,494 [INFO] PluginManager:220 - loadIPPluginJar : add tsc
2025-11-12 10:52:58,496 [INFO] IPUIPlugin:80 - create IPUIPlugin
2025-11-12 10:52:58,496 [INFO] PluginManager:220 - loadIPPluginJar : add ucpd
2025-11-12 10:52:58,498 [INFO] IPUIPlugin:80 - create IPUIPlugin
2025-11-12 10:52:58,498 [INFO] PluginManager:220 - loadIPPluginJar : add usart
2025-11-12 10:52:58,501 [INFO] IPUIPlugin:80 - create IPUIPlugin
2025-11-12 10:52:58,501 [INFO] PluginManager:220 - loadIPPluginJar : add usbx
2025-11-12 10:52:58,621 [FATAL] Updater:351 - Updater called before beeing initialized
2025-11-12 10:52:58,641 [INFO] RulesReader:64 - Compatibility file has been processed (317 Rules)
2025-11-12 10:52:58,651 [INFO] RulesReader:64 - Compatibility file has been processed (317 Rules)
2025-11-12 10:52:58,659 [INFO] CADModel:165 - CPN selected for project level
2025-11-12 10:52:58,659 [INFO] CADModel:114 - Register for checkConnection events
2025-11-12 10:52:58,659 [FATAL] Updater:351 - Updater called before beeing initialized
2025-11-12 10:52:58,659 [ERROR] CADModel:125 - Updater not yet initialized, retry later 
2025-11-12 10:52:58,788 [FATAL] Updater:351 - Updater called before beeing initialized
2025-11-12 10:52:58,790 [INFO] CADModel:165 - CPN selected for project level
2025-11-12 10:52:58,790 [INFO] CADModel:114 - Register for checkConnection events
2025-11-12 10:52:58,790 [FATAL] Updater:351 - Updater called before beeing initialized
2025-11-12 10:52:58,790 [ERROR] CADModel:125 - Updater not yet initialized, retry later 
2025-11-12 10:52:58,793 [FATAL] Updater:351 - Updater called before beeing initialized
2025-11-12 10:52:58,894 [FATAL] Updater:351 - Updater called before beeing initialized
2025-11-12 10:52:58,898 [INFO] DbMcusAds:53 - JSON generation date=Thu Oct 02 15:06:05 IST 2025 (1759397765645)
2025-11-12 10:52:58,898 [FATAL] Updater:351 - Updater called before beeing initialized
2025-11-12 10:52:58,931 [WARN] DetailPanel:346 - Failed to get advertising image, set to default
2025-11-12 10:52:58,998 [FATAL] Updater:351 - Updater called before beeing initialized
2025-11-12 10:52:58,999 [FATAL] Updater:351 - Updater called before beeing initialized
2025-11-12 10:52:59,000 [FATAL] Updater:351 - Updater called before beeing initialized
2025-11-12 10:52:59,000 [WARN] DetailPanel:346 - Failed to get advertising image, set to default
2025-11-12 10:52:59,000 [FATAL] Updater:351 - Updater called before beeing initialized
2025-11-12 10:52:59,036 [ERROR] Updater:1198 - MainUpdater not yet initialized. External WinMGr cannot be set.
2025-11-12 10:52:59,038 [INFO] Updater:1134 - Updater Version found : 6.15.0
2025-11-12 10:52:59,053 [INFO] ApplicationProperties:184 - Using Application install path: C:\ST\STM32CubeIDE_1.19.0\STM32CubeIDE\plugins\com.st.stm32cube.common.mx_6.15.0.202507011659
2025-11-12 10:53:00,625 [ERROR] LogOutputStream:75 - [STDERR_REDIRECT] Nov 12, 2025 10:53:00 AM java.util.prefs.WindowsPreferences <init>
2025-11-12 10:53:00,626 [ERROR] LogOutputStream:75 - [STDERR_REDIRECT] WARNING: Could not open/create prefs root node Software\JavaSoft\Prefs at root 0xffffffff80000002. Windows RegCreateKeyEx(...) returned error code 5.
2025-11-12 10:53:00,626 [ERROR] LogOutputStream:75 - [STDERR_REDIRECT] 
2025-11-12 10:53:00,834 [INFO] MainUpdater:2872 - connection check result : 10
2025-11-12 10:53:00,834 [INFO] MainUpdater:289 - Updater Check For Update Now.
2025-11-12 10:53:00,834 [INFO] MicroXplorer:498 - Change Database Version : DB.6.0.150
2025-11-12 10:53:00,840 [INFO] McuFinderGlobals:63 - Set McuFinder mode to 2 (CubeIDE integrated)
2025-11-12 10:53:00,840 [INFO] UserAuth:171 - activating auth plugin
2025-11-12 10:53:00,842 [INFO] UserAuth:487 - Internet connection configuration mode: 1
2025-11-12 10:53:00,862 [INFO] JxBrowserEngine:152 - Initiate JxBrowser Engine with user profile folder
2025-11-12 10:53:00,937 [WARN] MainUpdater:1193 - Updater busy. Cannot search thirdparties
2025-11-12 10:53:00,937 [INFO] ThirdPartyUpdaterWithRetryManager:96 - Updater plugin is busy. [1/15]
2025-11-12 10:53:01,001 [INFO] CheckServerUpdateThread:120 - End of CheckServer Thread
2025-11-12 10:53:02,186 [INFO] WebApp:169 - Instantiating new browser for Auth
2025-11-12 10:53:02,750 [INFO] WebApp:463 - Apply proxy settings
2025-11-12 10:53:02,750 [INFO] WebApp:548 - Chromium requires no authentication
2025-11-12 10:53:02,758 [INFO] WebApp:491 - Direct internet connection detected
2025-11-12 10:53:02,778 [INFO] WebApp:900 - Register for checkConnection events
2025-11-12 10:53:02,779 [INFO] WebApp:463 - Apply proxy settings
2025-11-12 10:53:02,779 [INFO] WebApp:548 - Chromium requires no authentication
2025-11-12 10:53:02,779 [INFO] WebApp:491 - Direct internet connection detected
2025-11-12 10:53:02,920 [INFO] WebApp:225 - Starting web application
2025-11-12 10:53:02,920 [INFO] WebApp:593 - Web application path used C:\ST\STM32CubeIDE_1.19.0\STM32CubeIDE\plugins\com.st.stm32cube.common.mx_6.15.0.202507011659\db\plugins\mcufinder\reactClient1\index.html
2025-11-12 10:53:03,145 [INFO] WebApp:191 - Connection restablished
2025-11-12 10:53:04,131 [WARN] PackLoader:240 - Cannot read IP mode file for STMicroelectronics.FP-SNS-MOTENVWB1.1.4.0
2025-11-12 10:53:04,137 [WARN] PackLoader:240 - Cannot read IP mode file for STMicroelectronics.FP-ATR-ASTRA1.2.0.2
2025-11-12 10:53:04,142 [WARN] PackLoader:240 - Cannot read IP mode file for STMicroelectronics.X-CUBE-SMBUS.2.1.0
2025-11-12 10:53:04,162 [WARN] PackLoader:240 - Cannot read IP mode file for STMicroelectronics.X-CUBE-AZRTOS-F7.1.1.0
2025-11-12 10:53:04,169 [WARN] PackLoader:240 - Cannot read IP mode file for Cesanta.I-CUBE-Mongoose.7.19.0
2025-11-12 10:53:04,173 [WARN] PackLoader:240 - Cannot read IP mode file for STMicroelectronics.FP-SNS-MOTENV1.5.1.0
2025-11-12 10:53:04,182 [WARN] PackLoader:240 - Cannot read IP mode file for WES.I-CUBE-Cesium.1.4.0
2025-11-12 10:53:04,201 [WARN] PackLoader:240 - Cannot read IP mode file for Infineon.AIROC-Wi-Fi-Bluetooth-STM32.1.7.1
2025-11-12 10:53:04,222 [WARN] PackLoader:240 - Cannot read IP mode file for STMicroelectronics.X-CUBE-AZRTOS-H7.3.4.0
2025-11-12 10:53:04,232 [WARN] PackLoader:240 - Cannot read IP mode file for STMicroelectronics.X-CUBE-DISPLAY.3.0.0
2025-11-12 10:53:04,265 [WARN] PackLoader:240 - Cannot read IP mode file for STMicroelectronics.X-CUBE-NFC10.1.0.0
2025-11-12 10:53:04,272 [WARN] PackLoader:240 - Cannot read IP mode file for STMicroelectronics.X-CUBE-ST60.1.1.0
2025-11-12 10:53:04,278 [WARN] PackLoader:240 - Cannot read IP mode file for emotas.I-CUBE-CANOPEN.1.3.0
2025-11-12 10:53:04,285 [WARN] PackLoader:240 - Cannot read IP mode file for STMicroelectronics.X-CUBE-GNSS1.7.1.0
2025-11-12 10:53:04,293 [WARN] PackLoader:240 - Cannot read IP mode file for STMicroelectronics.FP-SNS-STBOX1.2.1.0
2025-11-12 10:53:04,300 [WARN] PackLoader:240 - Cannot read IP mode file for STMicroelectronics.FP-SNS-SMARTAG2.1.2.0
2025-11-12 10:53:04,304 [WARN] PackLoader:240 - Cannot read IP mode file for STMicroelectronics.FP-SNS-FLIGHT1.5.1.0
2025-11-12 10:53:04,312 [INFO] LogOutputStream:77 - [STDOUT_REDIRECT] 1 : Invalid condition id : UX_CORESTACK_Condition cause : null
2025-11-12 10:53:04,312 [INFO] LogOutputStream:77 - [STDOUT_REDIRECT] 1 : Invalid condition id : UX_CORESTACK_Condition cause : null
2025-11-12 10:53:04,313 [INFO] LogOutputStream:77 - [STDOUT_REDIRECT] 1 : Invalid condition id : UX_CORESTACK_Condition cause : null
2025-11-12 10:53:04,313 [INFO] LogOutputStream:77 - [STDOUT_REDIRECT] 1 : Invalid condition id : UX_CORESTACK_Condition cause : null
2025-11-12 10:53:04,314 [INFO] LogOutputStream:77 - [STDOUT_REDIRECT] 1 : Invalid condition id : UX_CORESTACK_Condition cause : null
2025-11-12 10:53:04,317 [WARN] PackLoader:240 - Cannot read IP mode file for STMicroelectronics.X-CUBE-AZRTOS-WL.2.0.0
2025-11-12 10:53:04,323 [WARN] PackLoader:240 - Cannot read IP mode file for STMicroelectronics.X-CUBE-BLE2.3.3.0
2025-11-12 10:53:04,340 [WARN] PackLoader:240 - Cannot read IP mode file for STMicroelectronics.X-CUBE-NFC9.1.0.0
2025-11-12 10:53:04,346 [WARN] PackLoader:240 - Cannot read IP mode file for wolfSSL.I-CUBE-wolfSSL.5.8.2
2025-11-12 10:53:04,351 [WARN] PackLoader:240 - Cannot read IP mode file for STMicroelectronics.X-CUBE-BLE1.7.1.0
2025-11-12 10:53:04,355 [WARN] PackLoader:240 - Cannot read IP mode file for wolfSSL.I-CUBE-wolfMQTT.1.19.2
2025-11-12 10:53:04,360 [WARN] PackLoader:240 - Cannot read IP mode file for STMicroelectronics.X-CUBE-EEPRMA1.5.2.0
2025-11-12 10:53:04,367 [WARN] PackLoader:240 - Cannot read IP mode file for STMicroelectronics.X-CUBE-ST67W61.1.1.0
2025-11-12 10:53:04,377 [WARN] PackLoader:240 - Cannot read IP mode file for STMicroelectronics.X-CUBE-AZRTOS-G0.1.1.0
2025-11-12 10:53:04,384 [WARN] PackLoader:240 - Cannot read IP mode file for STMicroelectronics.X-CUBE-SAFEA1.1.2.2
2025-11-12 10:53:04,389 [WARN] PackLoader:240 - Cannot read IP mode file for STMicroelectronics.X-CUBE-NFC4.3.0.0
2025-11-12 10:53:04,395 [WARN] PackLoader:240 - Cannot read IP mode file for EmbeddedOffice.I-CUBE-FS-RTOS.1.0.1
2025-11-12 10:53:04,401 [WARN] PackLoader:240 - Cannot read IP mode file for STMicroelectronics.X-CUBE-WB05N.2.0.0
2025-11-12 10:53:04,406 [WARN] PackLoader:240 - Cannot read IP mode file for wolfSSL.I-CUBE-wolfTPM.3.8.0
2025-11-12 10:53:04,411 [WARN] PackLoader:240 - Cannot read IP mode file for STMicroelectronics.X-CUBE-TCPP.4.2.0
2025-11-12 10:53:04,418 [WARN] PackLoader:240 - Cannot read IP mode file for RealThread.X-CUBE-RT-Thread_Nano.4.1.1
2025-11-12 10:53:04,421 [WARN] PackLoader:240 - Cannot read IP mode file for STMicroelectronics.FP-ATR-SIGFOX1.3.2.0
2025-11-12 10:53:04,426 [WARN] PackLoader:240 - Cannot read IP mode file for ITTIA_DB.I-CUBE-ITTIADB.8.9.0
2025-11-12 10:53:04,430 [WARN] PackLoader:240 - Cannot read IP mode file for STMicroelectronics.X-CUBE-AI.10.2.0
2025-11-12 10:53:04,450 [WARN] PackLoader:240 - Cannot read IP mode file for SEGGER.I-CUBE-embOS.1.3.1
2025-11-12 10:53:04,493 [WARN] PackLoader:240 - Cannot read IP mode file for STMicroelectronics.X-CUBE-ALGOBUILD.1.4.0
2025-11-12 10:53:04,539 [WARN] PackLoader:240 - Cannot read IP mode file for STMicroelectronics.X-CUBE-MEMS1.11.3.0
2025-11-12 10:53:04,680 [WARN] PackLoader:240 - Cannot read IP mode file for STMicroelectronics.X-CUBE-PM33A1.1.0.0
2025-11-12 10:53:04,694 [WARN] PackLoader:240 - Cannot read IP mode file for STMicroelectronics.X-CUBE-AZRTOS-F4.1.1.0
2025-11-12 10:53:04,702 [WARN] PackLoader:240 - Cannot read IP mode file for STMicroelectronics.X-CUBE-ISPU.2.1.0
2025-11-12 10:53:04,720 [WARN] PackLoader:240 - Cannot read IP mode file for STMicroelectronics.X-CUBE-IPS.3.2.0
2025-11-12 10:53:04,736 [WARN] PackLoader:240 - Cannot read IP mode file for STMicroelectronics.X-CUBE-NFC12.1.0.0
2025-11-12 10:53:04,752 [WARN] PackLoader:240 - Cannot read IP mode file for STMicroelectronics.X-CUBE-AZRTOS-L5.2.0.0
2025-11-12 10:53:04,763 [WARN] PackLoader:240 - Cannot read IP mode file for STMicroelectronics.X-CUBE-NFC6.3.1.0
2025-11-12 10:53:04,771 [WARN] PackLoader:240 - Cannot read IP mode file for STMicroelectronics.X-CUBE-FREERTOS.1.3.1
2025-11-12 10:53:04,778 [WARN] PackLoader:240 - Cannot read IP mode file for STMicroelectronics.X-CUBE-TOUCHGFX.4.26.0
2025-11-12 10:53:04,786 [WARN] PackLoader:240 - Cannot read IP mode file for STMicroelectronics.FP-SNS-STAIOTCFT.1.0.0
2025-11-12 10:53:04,797 [WARN] PackLoader:240 - Cannot read IP mode file for STMicroelectronics.X-CUBE-DPower.1.3.0
2025-11-12 10:53:04,813 [WARN] ConditionMgr:438 - getConditionDescription Invalid condition id : LAN8742 Phy interface Condition cause : null
2025-11-12 10:53:04,814 [WARN] PackLoader:240 - Cannot read IP mode file for STMicroelectronics.X-CUBE-AZRTOS-L4.2.0.0
2025-11-12 10:53:04,816 [WARN] ConditionMgr:1044 - genDependencies : Invalid condition id : LAN8742 Phy interface Condition cause : null
2025-11-12 10:53:04,817 [WARN] ConditionMgr:1044 - genDependencies : Invalid condition id : LAN8742 Phy interface Condition cause : null
2025-11-12 10:53:04,817 [WARN] ConditionMgr:1044 - genDependencies : Invalid condition id : LAN8742 Phy interface Condition cause : null
2025-11-12 10:53:04,823 [WARN] PackLoader:240 - Cannot read IP mode file for STMicroelectronics.X-CUBE-SFXS2LP1.4.0.0
2025-11-12 10:53:04,833 [WARN] PackLoader:240 - Cannot read IP mode file for STMicroelectronics.X-CUBE-BLEMGR.4.1.0
2025-11-12 10:53:04,845 [WARN] ConditionMgr:438 - getConditionDescription Invalid condition id : UX DEVICE CLASS RTOS Condition cause : null
2025-11-12 10:53:04,845 [WARN] ConditionMgr:438 - getConditionDescription Invalid condition id : UX DEVICE CLASS RTOS Condition cause : null
2025-11-12 10:53:04,847 [WARN] PackLoader:240 - Cannot read IP mode file for STMicroelectronics.X-CUBE-AZRTOS-WB.2.0.0
2025-11-12 10:53:04,848 [WARN] ConditionMgr:1044 - genDependencies : Invalid condition id : UX DEVICE CLASS RTOS Condition cause : null
2025-11-12 10:53:04,848 [WARN] ConditionMgr:1044 - genDependencies : Invalid condition id : UX DEVICE CLASS RTOS Condition cause : null
2025-11-12 10:53:04,848 [WARN] ConditionMgr:1044 - genDependencies : Invalid condition id : UX DEVICE CLASS RTOS Condition cause : null
2025-11-12 10:53:04,849 [WARN] ConditionMgr:1044 - genDependencies : Invalid condition id : UX DEVICE CLASS RTOS Condition cause : null
2025-11-12 10:53:04,849 [WARN] ConditionMgr:1044 - genDependencies : Invalid condition id : UX DEVICE CLASS RTOS Condition cause : null
2025-11-12 10:53:04,854 [WARN] ConditionMgr:438 - getConditionDescription Invalid condition id : Cortex-A Device cause : null
2025-11-12 10:53:04,862 [WARN] ConditionMgr:1044 - genDependencies : Invalid condition id : Cortex-A Device cause : null
2025-11-12 10:53:04,862 [WARN] ConditionMgr:1044 - genDependencies : Invalid condition id : Cortex-A Device cause : null
2025-11-12 10:53:04,862 [WARN] ConditionMgr:1044 - genDependencies : Invalid condition id : Cortex-A Device cause : null
2025-11-12 10:53:04,873 [WARN] PackLoader:240 - Cannot read IP mode file for STMicroelectronics.X-CUBE-SUBG2.5.0.0
2025-11-12 10:53:04,893 [WARN] PackLoader:240 - Cannot read IP mode file for STMicroelectronics.X-CUBE-AZRTOS-H7RS.1.1.0
2025-11-12 10:53:04,908 [WARN] PackLoader:240 - Cannot read IP mode file for STMicroelectronics.X-CUBE-AZRTOS-G4.2.0.0
2025-11-12 10:53:04,915 [WARN] PackLoader:240 - Cannot read IP mode file for wolfSSL.I-CUBE-wolfSSH.1.4.20
2025-11-12 10:53:04,921 [WARN] PackLoader:240 - Cannot read IP mode file for STMicroelectronics.X-CUBE-NFC7.2.0.0
2025-11-12 10:53:04,926 [WARN] PackLoader:240 - Cannot read IP mode file for STMicroelectronics.X-CUBE-ALS.1.0.2
2025-11-12 10:53:04,936 [WARN] PackLoader:240 - Cannot read IP mode file for STMicroelectronics.X-CUBE-STSE01.1.0.0
2025-11-12 10:53:04,957 [WARN] PackLoader:240 - Cannot read IP mode file for STMicroelectronics.X-CUBE-TOF1.3.4.3
2025-11-12 10:53:04,967 [INFO] ThirdParty:978 - Integrity check success = true
2025-11-12 10:53:04,967 [INFO] IntegrityCheckThread:100 - exiting critical section [integrity check]
2025-11-12 10:53:04,967 [INFO] IntegrityCheckThread:103 - End integrity checks thread
2025-11-12 12:58:34,795 [INFO] WebApp:194 - Connection lost
2025-11-12 12:58:41,658 [INFO] WebApp:191 - Connection restablished
2025-11-12 12:58:50,137 [INFO] WebApp:194 - Connection lost
2025-11-12 12:58:50,399 [INFO] WebApp:191 - Connection restablished
2025-11-12 13:00:33,449 [INFO] WebApp:194 - Connection lost
2025-11-12 13:00:33,668 [INFO] WebApp:191 - Connection restablished
2025-11-12 15:57:05,202 [ERROR] ConfigurationRetriever:142 - IOException on connection: Connect timed out
2025-11-12 15:57:07,205 [ERROR] ConfigurationRetriever:142 - IOException on connection: Connect timed out
2025-11-12 15:57:09,206 [ERROR] ConfigurationRetriever:142 - IOException on connection: Connect timed out
2025-11-12 19:45:38,183 [ERROR] LogOutputStream:75 - [STDERR_REDIRECT] 
