2025-11-18 10:48:56,975 [INFO] Activator:176 - 


2025-11-18 10:48:56,980 [INFO] Activator:177 - !SESSION log4j initialized
2025-11-18 10:49:02,223 [INFO] LogOutputStream:77 - [STDOUT_REDIRECT] 
2025-11-18 10:49:03,338 [INFO] ApplicationProperties:184 - Using Application install path: C:\ST\STM32CubeIDE_1.19.0\STM32CubeIDE\plugins\com.st.stm32cube.common.mx_6.15.0.202507011659
2025-11-18 10:49:03,356 [INFO] DbMcusXml:78 - Set database path to: C:\ST\STM32CubeIDE_1.19.0\STM32CubeIDE\plugins\com.st.stm32cube.common.mx_6.15.0.202507011659\\db\/mcu/
2025-11-18 10:49:03,357 [INFO] ApiDb:274 - Set plugin database path to: C:\ST\STM32CubeIDE_1.19.0\STM32CubeIDE\plugins\com.st.stm32cube.common.mx_6.15.0.202507011659\\db\/plugins/boardmanager/
2025-11-18 10:49:03,358 [WARN] ApiDb:259 - Overriding images path with different value:  => C:\ST\STM32CubeIDE_1.19.0\STM32CubeIDE\plugins\com.st.stm32cube.common.mx_6.15.0.202507011659\\db\/plugins/mcufinder/images/
2025-11-18 10:49:03,366 [INFO] ApiDb:250 - Set database path to: C:\Users\USER\.stmcufinder\plugins\mcufinder//mcu/
2025-11-18 10:49:03,367 [INFO] DbMcusAds:125 - Set database path to: C:\Users\USER\.stmcufinder\plugins\mcufinder//mcu/
2025-11-18 10:49:03,369 [INFO] CrossReferenceDbSqlite:203 - Set database path to: C:\Users\USER\.stmcufinder\plugins\mcufinder//mcu/cs/
2025-11-18 10:49:03,454 [INFO] RulesReader:64 - Compatibility file has been processed (317 Rules)
2025-11-18 10:49:03,522 [INFO] DbMcusXml:78 - Set database path to: C:\ST\STM32CubeIDE_1.19.0\STM32CubeIDE\plugins\com.st.stm32cube.common.mx_6.15.0.202507011659\\db\/mcu/
2025-11-18 10:49:03,522 [INFO] ApiDb:274 - Set plugin database path to: C:\ST\STM32CubeIDE_1.19.0\STM32CubeIDE\plugins\com.st.stm32cube.common.mx_6.15.0.202507011659\\db\/plugins/boardmanager/
2025-11-18 10:49:03,523 [INFO] ApiDb:261 - Set plugin images path to: C:\ST\STM32CubeIDE_1.19.0\STM32CubeIDE\plugins\com.st.stm32cube.common.mx_6.15.0.202507011659\\db\/plugins/mcufinder/images/
2025-11-18 10:49:03,523 [WARN] DbFile:41 - Overriding database path with different value: C:\Users\USER\.stmcufinder\plugins\mcufinder/ => C:\Users\USER\.stmcufinder\plugins\mcufinder
2025-11-18 10:49:03,523 [INFO] ApiDb:250 - Set database path to: C:\Users\USER\.stmcufinder\plugins\mcufinder//mcu/
2025-11-18 10:49:03,523 [WARN] DbFile:41 - Overriding database path with different value: C:\Users\USER\.stmcufinder\plugins\mcufinder/ => C:\Users\USER\.stmcufinder\plugins\mcufinder
2025-11-18 10:49:03,523 [INFO] DbMcusAds:125 - Set database path to: C:\Users\USER\.stmcufinder\plugins\mcufinder//mcu/
2025-11-18 10:49:03,523 [WARN] DbFile:41 - Overriding database path with different value: C:\Users\USER\.stmcufinder\plugins\mcufinder/ => C:\Users\USER\.stmcufinder\plugins\mcufinder
2025-11-18 10:49:03,523 [WARN] DbFile:41 - Overriding database path with different value: C:\Users\USER\.stmcufinder\plugins\mcufinder/ => C:\Users\USER\.stmcufinder\plugins\mcufinder
2025-11-18 10:49:03,523 [INFO] CrossReferenceDbSqlite:203 - Set database path to: C:\Users\USER\.stmcufinder\plugins\mcufinder//mcu/cs/
2025-11-18 10:49:03,583 [INFO] MainPanel:274 - HeapMemory: 268435456
2025-11-18 10:49:03,678 [INFO] DbMcusXml:78 - Set database path to: C:\ST\STM32CubeIDE_1.19.0\STM32CubeIDE\plugins\com.st.stm32cube.common.mx_6.15.0.202507011659\\db\/mcu/
2025-11-18 10:49:03,678 [INFO] ApiDb:274 - Set plugin database path to: C:\ST\STM32CubeIDE_1.19.0\STM32CubeIDE\plugins\com.st.stm32cube.common.mx_6.15.0.202507011659\\db\/plugins/boardmanager/
2025-11-18 10:49:03,678 [INFO] ApiDb:261 - Set plugin images path to: C:\ST\STM32CubeIDE_1.19.0\STM32CubeIDE\plugins\com.st.stm32cube.common.mx_6.15.0.202507011659\\db\/plugins/mcufinder/images/
2025-11-18 10:49:03,678 [WARN] DbFile:41 - Overriding database path with different value: C:\Users\USER\.stmcufinder\plugins\mcufinder/ => C:\Users\USER\.stmcufinder\plugins\mcufinder
2025-11-18 10:49:03,678 [INFO] ApiDb:250 - Set database path to: C:\Users\USER\.stmcufinder\plugins\mcufinder//mcu/
2025-11-18 10:49:03,678 [WARN] DbFile:41 - Overriding database path with different value: C:\Users\USER\.stmcufinder\plugins\mcufinder/ => C:\Users\USER\.stmcufinder\plugins\mcufinder
2025-11-18 10:49:03,679 [INFO] DbMcusAds:125 - Set database path to: C:\Users\USER\.stmcufinder\plugins\mcufinder//mcu/
2025-11-18 10:49:03,679 [WARN] DbFile:41 - Overriding database path with different value: C:\Users\USER\.stmcufinder\plugins\mcufinder/ => C:\Users\USER\.stmcufinder\plugins\mcufinder
2025-11-18 10:49:03,679 [WARN] DbFile:41 - Overriding database path with different value: C:\Users\USER\.stmcufinder\plugins\mcufinder/ => C:\Users\USER\.stmcufinder\plugins\mcufinder
2025-11-18 10:49:03,679 [INFO] CrossReferenceDbSqlite:203 - Set database path to: C:\Users\USER\.stmcufinder\plugins\mcufinder//mcu/cs/
2025-11-18 10:49:03,693 [INFO] ApplicationProperties:184 - Using Application install path: C:\ST\STM32CubeIDE_1.19.0\STM32CubeIDE\plugins\com.st.stm32cube.common.mx_6.15.0.202507011659
2025-11-18 10:49:03,694 [INFO] PluginManage:196 - Search for loadable plugins [exclusion list=, ]
2025-11-18 10:49:03,695 [INFO] PluginManage:310 - Check plugin analytics
2025-11-18 10:49:03,838 [INFO] AnalyticsPlugin:253 - Accepted Software Licenses: 
2025-11-18 10:49:03,839 [INFO] AnalyticsPlugin:255 - Accepted CMSIS Pack Licenses: 
2025-11-18 10:49:03,839 [INFO] AnalyticsPlugin:257 - Accepted Firmware Licenses: 
2025-11-18 10:49:03,841 [INFO] PluginManage:359 - Loaded plugin analytics (category:tool,tabindex:-1)
2025-11-18 10:49:03,841 [INFO] PluginManage:310 - Check plugin cadmodel
2025-11-18 10:49:03,848 [INFO] CADModel:105 - Init CAD model plugin
2025-11-18 10:49:03,848 [INFO] PluginManage:359 - Loaded plugin cadmodel (category:power,tabindex:5)
2025-11-18 10:49:03,848 [INFO] PluginManage:310 - Check plugin clock
2025-11-18 10:49:03,857 [INFO] PluginManage:359 - Loaded plugin clock (category:base,tabindex:2)
2025-11-18 10:49:03,857 [INFO] PluginManage:310 - Check plugin ddr
2025-11-18 10:49:03,859 [INFO] PluginManage:359 - Loaded plugin ddr (category:tool,tabindex:6)
2025-11-18 10:49:03,859 [INFO] PluginManage:310 - Check plugin filemanager
2025-11-18 10:49:03,997 [INFO] PluginManage:359 - Loaded plugin filemanager (category:base,tabindex:10)
2025-11-18 10:49:03,997 [INFO] PluginManage:310 - Check plugin ipmanager
2025-11-18 10:49:04,002 [INFO] PluginManage:359 - Loaded plugin ipmanager (category:base,tabindex:5)
2025-11-18 10:49:04,002 [INFO] PluginManage:310 - Check plugin lpbam
2025-11-18 10:49:04,010 [INFO] PluginManage:359 - Loaded plugin lpbam (category:base,tabindex:0)
2025-11-18 10:49:04,010 [INFO] PluginManage:310 - Check plugin memorymap
2025-11-18 10:49:04,023 [INFO] PluginManage:359 - Loaded plugin memorymap (category:base,tabindex:4)
2025-11-18 10:49:04,023 [INFO] PluginManage:310 - Check plugin pinoutandconfiguration
2025-11-18 10:49:04,031 [INFO] PluginManage:359 - Loaded plugin pinoutandconfiguration (category:base,tabindex:1)
2025-11-18 10:49:04,031 [INFO] PluginManage:310 - Check plugin pinoutconfig
2025-11-18 10:49:04,100 [WARN] SupportedApi:132 - Cannot load RTOS API schema: s4s-elt-must-match.1: The content of 'definitions' must match (annotation?, (simpleType | complexType)?, (unique | key | keyref)*)). A problem was found starting at: attribute.
2025-11-18 10:49:04,197 [INFO] PluginManage:359 - Loaded plugin pinoutconfig (category:base,tabindex:0)
2025-11-18 10:49:04,198 [INFO] PluginManage:310 - Check plugin power
2025-11-18 10:49:04,206 [INFO] PluginManage:359 - Loaded plugin power (category:power,tabindex:4)
2025-11-18 10:49:04,206 [INFO] PluginManage:310 - Check plugin projectmanager
2025-11-18 10:49:04,218 [INFO] PluginManage:359 - Loaded plugin projectmanager (category:projectmanager,tabindex:4)
2025-11-18 10:49:04,218 [INFO] PluginManage:310 - Check plugin rif
2025-11-18 10:49:04,228 [INFO] PluginManage:359 - Loaded plugin rif (category:base,tabindex:3)
2025-11-18 10:49:04,228 [INFO] PluginManage:310 - Check plugin thirdparty
2025-11-18 10:49:04,352 [INFO] PluginManage:359 - Loaded plugin thirdparty (category:base,tabindex:-1)
2025-11-18 10:49:04,353 [WARN] IntegrityCheckThread:84 - waiting for thirdparty lock release [integrity check]
2025-11-18 10:49:04,353 [INFO] IntegrityCheckThread:86 - entering critical section [integrity check]
2025-11-18 10:49:04,353 [INFO] PluginManage:310 - Check plugin tools
2025-11-18 10:49:04,353 [INFO] ThirdPartyUpdaterWithRetryManager:70 - Updater plugin not ready yet. [1/15]
2025-11-18 10:49:04,356 [INFO] PluginManage:359 - Loaded plugin tools (category:base,tabindex:7)
2025-11-18 10:49:04,356 [INFO] PluginManage:310 - Check plugin tutovideos
2025-11-18 10:49:04,529 [INFO] PluginManage:359 - Loaded plugin tutovideos (category:base,tabindex:-1)
2025-11-18 10:49:04,529 [INFO] PluginManage:310 - Check plugin updater
2025-11-18 10:49:04,546 [INFO] PluginManage:359 - Loaded plugin updater (category:base,tabindex:12)
2025-11-18 10:49:04,546 [INFO] PluginManage:310 - Check plugin userauth
2025-11-18 10:49:04,549 [INFO] UserAuth:118 - Init User Auth plugin
2025-11-18 10:49:04,549 [INFO] PluginManage:359 - Loaded plugin userauth (category:base,tabindex:14)
2025-11-18 10:49:04,550 [INFO] PluginManage:283 - PluginManage : Loaded plugins [18]
2025-11-18 10:49:04,716 [INFO] PinOutPanel:1589 - setPackage(No Configuration,No Configuration)
2025-11-18 10:49:04,781 [INFO] CADModel:165 - CPN selected for project level
2025-11-18 10:49:04,781 [INFO] CADModel:114 - Register for checkConnection events
2025-11-18 10:49:04,797 [INFO] IPUIPlugin:80 - create IPUIPlugin
2025-11-18 10:49:04,797 [INFO] PluginManager:220 - loadIPPluginJar : add adc
2025-11-18 10:49:04,799 [INFO] IPUIPlugin:80 - create IPUIPlugin
2025-11-18 10:49:04,800 [INFO] PluginManager:220 - loadIPPluginJar : add aes
2025-11-18 10:49:04,802 [INFO] IPUIPlugin:80 - create IPUIPlugin
2025-11-18 10:49:04,802 [INFO] PluginManager:220 - loadIPPluginJar : add can
2025-11-18 10:49:04,803 [INFO] IPUIPlugin:80 - create IPUIPlugin
2025-11-18 10:49:04,804 [INFO] PluginManager:220 - loadIPPluginJar : add comp
2025-11-18 10:49:04,806 [INFO] IPUIPlugin:80 - create IPUIPlugin
2025-11-18 10:49:04,806 [INFO] PluginManager:220 - loadIPPluginJar : add cryp
2025-11-18 10:49:04,808 [INFO] IPUIPlugin:80 - create IPUIPlugin
2025-11-18 10:49:04,809 [INFO] PluginManager:220 - loadIPPluginJar : add ddr_ctrl_phy
2025-11-18 10:49:04,810 [INFO] IPUIPlugin:80 - create IPUIPlugin
2025-11-18 10:49:04,810 [INFO] PluginManager:220 - loadIPPluginJar : add dfsdm
2025-11-18 10:49:04,815 [INFO] IPUIPlugin:80 - create IPUIPlugin
2025-11-18 10:49:04,815 [INFO] PluginManager:220 - loadIPPluginJar : add dma
2025-11-18 10:49:04,818 [INFO] IPUIPlugin:80 - create IPUIPlugin
2025-11-18 10:49:04,818 [INFO] PluginManager:220 - loadIPPluginJar : add dma3
2025-11-18 10:49:04,820 [INFO] IPUIPlugin:80 - create IPUIPlugin
2025-11-18 10:49:04,820 [INFO] PluginManager:220 - loadIPPluginJar : add extmemmanager
2025-11-18 10:49:04,822 [INFO] IPUIPlugin:80 - create IPUIPlugin
2025-11-18 10:49:04,822 [INFO] PluginManager:220 - loadIPPluginJar : add fatfs
2025-11-18 10:49:04,825 [INFO] IPUIPlugin:80 - create IPUIPlugin
2025-11-18 10:49:04,825 [INFO] PluginManager:220 - loadIPPluginJar : add fmc
2025-11-18 10:49:04,833 [INFO] IPUIPlugin:80 - create IPUIPlugin
2025-11-18 10:49:04,833 [INFO] PluginManager:220 - loadIPPluginJar : add freertos
2025-11-18 10:49:04,834 [INFO] IPUIPlugin:80 - create IPUIPlugin
2025-11-18 10:49:04,834 [INFO] PluginManager:220 - loadIPPluginJar : add genericplugin
2025-11-18 10:49:04,836 [INFO] IPUIPlugin:80 - create IPUIPlugin
2025-11-18 10:49:04,836 [INFO] PluginManager:220 - loadIPPluginJar : add gfxmmu
2025-11-18 10:49:04,840 [INFO] IPUIPlugin:80 - create IPUIPlugin
2025-11-18 10:49:04,840 [INFO] PluginManager:220 - loadIPPluginJar : add gic
2025-11-18 10:49:04,844 [INFO] IPUIPlugin:80 - create IPUIPlugin
2025-11-18 10:49:04,844 [INFO] PluginManager:220 - loadIPPluginJar : add gpio
2025-11-18 10:49:04,846 [INFO] IPUIPlugin:80 - create IPUIPlugin
2025-11-18 10:49:04,846 [INFO] PluginManager:220 - loadIPPluginJar : add gtzc
2025-11-18 10:49:04,847 [INFO] IPUIPlugin:80 - create IPUIPlugin
2025-11-18 10:49:04,848 [INFO] PluginManager:220 - loadIPPluginJar : add hash
2025-11-18 10:49:04,849 [INFO] IPUIPlugin:80 - create IPUIPlugin
2025-11-18 10:49:04,849 [INFO] PluginManager:220 - loadIPPluginJar : add i2c
2025-11-18 10:49:04,851 [INFO] IPUIPlugin:80 - create IPUIPlugin
2025-11-18 10:49:04,851 [INFO] PluginManager:220 - loadIPPluginJar : add i2s
2025-11-18 10:49:04,853 [INFO] IPUIPlugin:80 - create IPUIPlugin
2025-11-18 10:49:04,853 [INFO] PluginManager:220 - loadIPPluginJar : add i3c
2025-11-18 10:49:04,856 [INFO] IPUIPlugin:80 - create IPUIPlugin
2025-11-18 10:49:04,856 [INFO] PluginManager:220 - loadIPPluginJar : add ipddr
2025-11-18 10:49:04,862 [INFO] IPUIPlugin:80 - create IPUIPlugin
2025-11-18 10:49:04,862 [INFO] PluginManager:220 - loadIPPluginJar : add linkedlist
2025-11-18 10:49:04,864 [INFO] IPUIPlugin:80 - create IPUIPlugin
2025-11-18 10:49:04,864 [INFO] PluginManager:220 - loadIPPluginJar : add lorawan
2025-11-18 10:49:04,865 [INFO] IPUIPlugin:80 - create IPUIPlugin
2025-11-18 10:49:04,866 [INFO] PluginManager:220 - loadIPPluginJar : add ltdc
2025-11-18 10:49:04,870 [INFO] IPUIPlugin:80 - create IPUIPlugin
2025-11-18 10:49:04,870 [INFO] PluginManager:220 - loadIPPluginJar : add mdma
2025-11-18 10:49:04,873 [INFO] IPUIPlugin:80 - create IPUIPlugin
2025-11-18 10:49:04,873 [INFO] PluginManager:220 - loadIPPluginJar : add nvic
2025-11-18 10:49:04,875 [INFO] IPUIPlugin:80 - create IPUIPlugin
2025-11-18 10:49:04,876 [INFO] PluginManager:220 - loadIPPluginJar : add opamp
2025-11-18 10:49:04,878 [INFO] IPUIPlugin:80 - create IPUIPlugin
2025-11-18 10:49:04,878 [INFO] PluginManager:220 - loadIPPluginJar : add openamp
2025-11-18 10:49:04,880 [INFO] IPUIPlugin:80 - create IPUIPlugin
2025-11-18 10:49:04,881 [INFO] PluginManager:220 - loadIPPluginJar : add pdm2pcm
2025-11-18 10:49:04,886 [INFO] IPUIPlugin:80 - create IPUIPlugin
2025-11-18 10:49:04,888 [INFO] PluginManager:220 - loadIPPluginJar : add plateformsettings
2025-11-18 10:49:04,890 [INFO] IPUIPlugin:80 - create IPUIPlugin
2025-11-18 10:49:04,890 [INFO] PluginManager:220 - loadIPPluginJar : add quadspi
2025-11-18 10:49:04,891 [INFO] IPUIPlugin:80 - create IPUIPlugin
2025-11-18 10:49:04,892 [INFO] PluginManager:220 - loadIPPluginJar : add radio
2025-11-18 10:49:04,895 [INFO] IPUIPlugin:80 - create IPUIPlugin
2025-11-18 10:49:04,895 [INFO] PluginManager:220 - loadIPPluginJar : add resmgrutility
2025-11-18 10:49:04,898 [INFO] IPUIPlugin:80 - create IPUIPlugin
2025-11-18 10:49:04,898 [INFO] PluginManager:220 - loadIPPluginJar : add sai
2025-11-18 10:49:04,900 [INFO] IPUIPlugin:80 - create IPUIPlugin
2025-11-18 10:49:04,900 [INFO] PluginManager:220 - loadIPPluginJar : add spi
2025-11-18 10:49:04,906 [INFO] IPUIPlugin:80 - create IPUIPlugin
2025-11-18 10:49:04,906 [INFO] PluginManager:220 - loadIPPluginJar : add stm32_wpan
2025-11-18 10:49:04,908 [INFO] IPUIPlugin:80 - create IPUIPlugin
2025-11-18 10:49:04,908 [INFO] PluginManager:220 - loadIPPluginJar : add tim
2025-11-18 10:49:04,911 [INFO] IPUIPlugin:80 - create IPUIPlugin
2025-11-18 10:49:04,911 [INFO] PluginManager:220 - loadIPPluginJar : add touchsensing
2025-11-18 10:49:04,913 [INFO] IPUIPlugin:80 - create IPUIPlugin
2025-11-18 10:49:04,913 [INFO] PluginManager:220 - loadIPPluginJar : add tracer_emb
2025-11-18 10:49:04,914 [INFO] IPUIPlugin:80 - create IPUIPlugin
2025-11-18 10:49:04,914 [INFO] PluginManager:220 - loadIPPluginJar : add ts
2025-11-18 10:49:04,916 [INFO] IPUIPlugin:80 - create IPUIPlugin
2025-11-18 10:49:04,916 [INFO] PluginManager:220 - loadIPPluginJar : add tsc
2025-11-18 10:49:04,918 [INFO] IPUIPlugin:80 - create IPUIPlugin
2025-11-18 10:49:04,918 [INFO] PluginManager:220 - loadIPPluginJar : add ucpd
2025-11-18 10:49:04,921 [INFO] IPUIPlugin:80 - create IPUIPlugin
2025-11-18 10:49:04,921 [INFO] PluginManager:220 - loadIPPluginJar : add usart
2025-11-18 10:49:04,924 [INFO] IPUIPlugin:80 - create IPUIPlugin
2025-11-18 10:49:04,924 [INFO] PluginManager:220 - loadIPPluginJar : add usbx
2025-11-18 10:49:05,040 [FATAL] Updater:351 - Updater called before beeing initialized
2025-11-18 10:49:05,069 [INFO] RulesReader:64 - Compatibility file has been processed (317 Rules)
2025-11-18 10:49:05,078 [INFO] RulesReader:64 - Compatibility file has been processed (317 Rules)
2025-11-18 10:49:05,087 [INFO] CADModel:165 - CPN selected for project level
2025-11-18 10:49:05,087 [INFO] CADModel:114 - Register for checkConnection events
2025-11-18 10:49:05,087 [FATAL] Updater:351 - Updater called before beeing initialized
2025-11-18 10:49:05,087 [ERROR] CADModel:125 - Updater not yet initialized, retry later 
2025-11-18 10:49:05,236 [FATAL] Updater:351 - Updater called before beeing initialized
2025-11-18 10:49:05,237 [INFO] CADModel:165 - CPN selected for project level
2025-11-18 10:49:05,238 [INFO] CADModel:114 - Register for checkConnection events
2025-11-18 10:49:05,238 [FATAL] Updater:351 - Updater called before beeing initialized
2025-11-18 10:49:05,238 [ERROR] CADModel:125 - Updater not yet initialized, retry later 
2025-11-18 10:49:05,241 [FATAL] Updater:351 - Updater called before beeing initialized
2025-11-18 10:49:05,374 [FATAL] Updater:351 - Updater called before beeing initialized
2025-11-18 10:49:05,377 [INFO] DbMcusAds:53 - JSON generation date=Thu Oct 02 15:06:05 IST 2025 (1759397765645)
2025-11-18 10:49:05,378 [FATAL] Updater:351 - Updater called before beeing initialized
2025-11-18 10:49:05,413 [WARN] DetailPanel:346 - Failed to get advertising image, set to default
2025-11-18 10:49:05,484 [FATAL] Updater:351 - Updater called before beeing initialized
2025-11-18 10:49:05,485 [FATAL] Updater:351 - Updater called before beeing initialized
2025-11-18 10:49:05,485 [FATAL] Updater:351 - Updater called before beeing initialized
2025-11-18 10:49:05,485 [WARN] DetailPanel:346 - Failed to get advertising image, set to default
2025-11-18 10:49:05,486 [FATAL] Updater:351 - Updater called before beeing initialized
2025-11-18 10:49:05,529 [ERROR] Updater:1198 - MainUpdater not yet initialized. External WinMGr cannot be set.
2025-11-18 10:49:05,531 [INFO] Updater:1134 - Updater Version found : 6.15.0
2025-11-18 10:49:05,545 [INFO] ApplicationProperties:184 - Using Application install path: C:\ST\STM32CubeIDE_1.19.0\STM32CubeIDE\plugins\com.st.stm32cube.common.mx_6.15.0.202507011659
2025-11-18 10:49:07,111 [ERROR] LogOutputStream:75 - [STDERR_REDIRECT] Nov 18, 2025 10:49:07 AM java.util.prefs.WindowsPreferences <init>
2025-11-18 10:49:07,112 [ERROR] LogOutputStream:75 - [STDERR_REDIRECT] WARNING: Could not open/create prefs root node Software\JavaSoft\Prefs at root 0xffffffff80000002. Windows RegCreateKeyEx(...) returned error code 5.
2025-11-18 10:49:07,112 [ERROR] LogOutputStream:75 - [STDERR_REDIRECT] 
2025-11-18 10:49:07,354 [INFO] ThirdPartyUpdaterWithRetryManager:70 - Updater plugin not ready yet. [2/15]
2025-11-18 10:49:07,357 [INFO] MainUpdater:2872 - connection check result : 10
2025-11-18 10:49:07,357 [INFO] MainUpdater:289 - Updater Check For Update Now.
2025-11-18 10:49:07,357 [INFO] MicroXplorer:498 - Change Database Version : DB.6.0.150
2025-11-18 10:49:07,362 [INFO] McuFinderGlobals:63 - Set McuFinder mode to 2 (CubeIDE integrated)
2025-11-18 10:49:07,362 [INFO] UserAuth:171 - activating auth plugin
2025-11-18 10:49:07,364 [INFO] UserAuth:487 - Internet connection configuration mode: 1
2025-11-18 10:49:07,385 [INFO] JxBrowserEngine:152 - Initiate JxBrowser Engine with user profile folder
2025-11-18 10:49:07,531 [INFO] CheckServerUpdateThread:120 - End of CheckServer Thread
2025-11-18 10:49:08,911 [INFO] WebApp:169 - Instantiating new browser for Auth
2025-11-18 10:49:09,465 [INFO] WebApp:463 - Apply proxy settings
2025-11-18 10:49:09,465 [INFO] WebApp:548 - Chromium requires no authentication
2025-11-18 10:49:09,473 [INFO] WebApp:491 - Direct internet connection detected
2025-11-18 10:49:09,490 [INFO] WebApp:900 - Register for checkConnection events
2025-11-18 10:49:09,490 [INFO] WebApp:463 - Apply proxy settings
2025-11-18 10:49:09,490 [INFO] WebApp:548 - Chromium requires no authentication
2025-11-18 10:49:09,490 [INFO] WebApp:491 - Direct internet connection detected
2025-11-18 10:49:09,628 [INFO] WebApp:225 - Starting web application
2025-11-18 10:49:09,628 [INFO] WebApp:593 - Web application path used C:\ST\STM32CubeIDE_1.19.0\STM32CubeIDE\plugins\com.st.stm32cube.common.mx_6.15.0.202507011659\db\plugins\mcufinder\reactClient1\index.html
2025-11-18 10:49:09,808 [INFO] WebApp:191 - Connection restablished
2025-11-18 10:49:10,559 [WARN] PackLoader:240 - Cannot read IP mode file for STMicroelectronics.FP-SNS-MOTENVWB1.1.4.0
2025-11-18 10:49:10,566 [WARN] PackLoader:240 - Cannot read IP mode file for STMicroelectronics.FP-ATR-ASTRA1.2.0.2
2025-11-18 10:49:10,572 [WARN] PackLoader:240 - Cannot read IP mode file for STMicroelectronics.X-CUBE-SMBUS.2.1.0
2025-11-18 10:49:10,598 [WARN] PackLoader:240 - Cannot read IP mode file for STMicroelectronics.X-CUBE-AZRTOS-F7.1.1.0
2025-11-18 10:49:10,609 [WARN] PackLoader:240 - Cannot read IP mode file for Cesanta.I-CUBE-Mongoose.7.19.0
2025-11-18 10:49:10,615 [WARN] PackLoader:240 - Cannot read IP mode file for STMicroelectronics.FP-SNS-MOTENV1.5.1.0
2025-11-18 10:49:10,626 [WARN] PackLoader:240 - Cannot read IP mode file for WES.I-CUBE-Cesium.1.4.0
2025-11-18 10:49:10,650 [WARN] PackLoader:240 - Cannot read IP mode file for Infineon.AIROC-Wi-Fi-Bluetooth-STM32.1.7.1
2025-11-18 10:49:10,673 [WARN] PackLoader:240 - Cannot read IP mode file for STMicroelectronics.X-CUBE-AZRTOS-H7.3.4.0
2025-11-18 10:49:10,685 [WARN] PackLoader:240 - Cannot read IP mode file for STMicroelectronics.X-CUBE-DISPLAY.3.0.0
2025-11-18 10:49:10,712 [WARN] PackLoader:240 - Cannot read IP mode file for STMicroelectronics.X-CUBE-NFC10.1.0.0
2025-11-18 10:49:10,717 [WARN] PackLoader:240 - Cannot read IP mode file for STMicroelectronics.X-CUBE-ST60.1.1.0
2025-11-18 10:49:10,722 [WARN] PackLoader:240 - Cannot read IP mode file for emotas.I-CUBE-CANOPEN.1.3.0
2025-11-18 10:49:10,728 [WARN] PackLoader:240 - Cannot read IP mode file for STMicroelectronics.X-CUBE-GNSS1.7.1.0
2025-11-18 10:49:10,735 [WARN] PackLoader:240 - Cannot read IP mode file for STMicroelectronics.FP-SNS-STBOX1.2.1.0
2025-11-18 10:49:10,740 [WARN] PackLoader:240 - Cannot read IP mode file for STMicroelectronics.FP-SNS-SMARTAG2.1.2.0
2025-11-18 10:49:10,745 [WARN] PackLoader:240 - Cannot read IP mode file for STMicroelectronics.FP-SNS-FLIGHT1.5.1.0
2025-11-18 10:49:10,753 [INFO] LogOutputStream:77 - [STDOUT_REDIRECT] 1 : Invalid condition id : UX_CORESTACK_Condition cause : null
2025-11-18 10:49:10,754 [INFO] LogOutputStream:77 - [STDOUT_REDIRECT] 1 : Invalid condition id : UX_CORESTACK_Condition cause : null
2025-11-18 10:49:10,754 [INFO] LogOutputStream:77 - [STDOUT_REDIRECT] 1 : Invalid condition id : UX_CORESTACK_Condition cause : null
2025-11-18 10:49:10,755 [INFO] LogOutputStream:77 - [STDOUT_REDIRECT] 1 : Invalid condition id : UX_CORESTACK_Condition cause : null
2025-11-18 10:49:10,756 [INFO] LogOutputStream:77 - [STDOUT_REDIRECT] 1 : Invalid condition id : UX_CORESTACK_Condition cause : null
2025-11-18 10:49:10,758 [WARN] PackLoader:240 - Cannot read IP mode file for STMicroelectronics.X-CUBE-AZRTOS-WL.2.0.0
2025-11-18 10:49:10,765 [WARN] PackLoader:240 - Cannot read IP mode file for STMicroelectronics.X-CUBE-BLE2.3.3.0
2025-11-18 10:49:10,783 [WARN] PackLoader:240 - Cannot read IP mode file for STMicroelectronics.X-CUBE-NFC9.1.0.0
2025-11-18 10:49:10,787 [WARN] PackLoader:240 - Cannot read IP mode file for wolfSSL.I-CUBE-wolfSSL.5.8.2
2025-11-18 10:49:10,790 [WARN] PackLoader:240 - Cannot read IP mode file for STMicroelectronics.X-CUBE-BLE1.7.1.0
2025-11-18 10:49:10,795 [WARN] PackLoader:240 - Cannot read IP mode file for wolfSSL.I-CUBE-wolfMQTT.1.19.2
2025-11-18 10:49:10,799 [WARN] PackLoader:240 - Cannot read IP mode file for STMicroelectronics.X-CUBE-EEPRMA1.5.2.0
2025-11-18 10:49:10,806 [WARN] PackLoader:240 - Cannot read IP mode file for STMicroelectronics.X-CUBE-ST67W61.1.1.0
2025-11-18 10:49:10,816 [WARN] PackLoader:240 - Cannot read IP mode file for STMicroelectronics.X-CUBE-AZRTOS-G0.1.1.0
2025-11-18 10:49:10,822 [WARN] PackLoader:240 - Cannot read IP mode file for STMicroelectronics.X-CUBE-SAFEA1.1.2.2
2025-11-18 10:49:10,828 [WARN] PackLoader:240 - Cannot read IP mode file for STMicroelectronics.X-CUBE-NFC4.3.0.0
2025-11-18 10:49:10,835 [WARN] PackLoader:240 - Cannot read IP mode file for EmbeddedOffice.I-CUBE-FS-RTOS.1.0.1
2025-11-18 10:49:10,840 [WARN] PackLoader:240 - Cannot read IP mode file for STMicroelectronics.X-CUBE-WB05N.2.0.0
2025-11-18 10:49:10,845 [WARN] PackLoader:240 - Cannot read IP mode file for wolfSSL.I-CUBE-wolfTPM.3.8.0
2025-11-18 10:49:10,850 [WARN] PackLoader:240 - Cannot read IP mode file for STMicroelectronics.X-CUBE-TCPP.4.2.0
2025-11-18 10:49:10,855 [WARN] PackLoader:240 - Cannot read IP mode file for RealThread.X-CUBE-RT-Thread_Nano.4.1.1
2025-11-18 10:49:10,861 [WARN] PackLoader:240 - Cannot read IP mode file for STMicroelectronics.FP-ATR-SIGFOX1.3.2.0
2025-11-18 10:49:10,866 [WARN] PackLoader:240 - Cannot read IP mode file for ITTIA_DB.I-CUBE-ITTIADB.8.9.0
2025-11-18 10:49:10,871 [WARN] PackLoader:240 - Cannot read IP mode file for STMicroelectronics.X-CUBE-AI.10.2.0
2025-11-18 10:49:10,888 [WARN] PackLoader:240 - Cannot read IP mode file for SEGGER.I-CUBE-embOS.1.3.1
2025-11-18 10:49:10,931 [WARN] PackLoader:240 - Cannot read IP mode file for STMicroelectronics.X-CUBE-ALGOBUILD.1.4.0
2025-11-18 10:49:10,969 [WARN] PackLoader:240 - Cannot read IP mode file for STMicroelectronics.X-CUBE-MEMS1.11.3.0
2025-11-18 10:49:11,101 [WARN] PackLoader:240 - Cannot read IP mode file for STMicroelectronics.X-CUBE-PM33A1.1.0.0
2025-11-18 10:49:11,114 [WARN] PackLoader:240 - Cannot read IP mode file for STMicroelectronics.X-CUBE-AZRTOS-F4.1.1.0
2025-11-18 10:49:11,120 [WARN] PackLoader:240 - Cannot read IP mode file for STMicroelectronics.X-CUBE-ISPU.2.1.0
2025-11-18 10:49:11,133 [WARN] PackLoader:240 - Cannot read IP mode file for STMicroelectronics.X-CUBE-IPS.3.2.0
2025-11-18 10:49:11,143 [WARN] PackLoader:240 - Cannot read IP mode file for STMicroelectronics.X-CUBE-NFC12.1.0.0
2025-11-18 10:49:11,158 [WARN] PackLoader:240 - Cannot read IP mode file for STMicroelectronics.X-CUBE-AZRTOS-L5.2.0.0
2025-11-18 10:49:11,166 [WARN] PackLoader:240 - Cannot read IP mode file for STMicroelectronics.X-CUBE-NFC6.3.1.0
2025-11-18 10:49:11,173 [WARN] PackLoader:240 - Cannot read IP mode file for STMicroelectronics.X-CUBE-FREERTOS.1.3.1
2025-11-18 10:49:11,179 [WARN] PackLoader:240 - Cannot read IP mode file for STMicroelectronics.X-CUBE-TOUCHGFX.4.26.0
2025-11-18 10:49:11,184 [WARN] PackLoader:240 - Cannot read IP mode file for STMicroelectronics.FP-SNS-STAIOTCFT.1.0.0
2025-11-18 10:49:11,190 [WARN] PackLoader:240 - Cannot read IP mode file for STMicroelectronics.X-CUBE-DPower.1.3.0
2025-11-18 10:49:11,209 [WARN] ConditionMgr:438 - getConditionDescription Invalid condition id : LAN8742 Phy interface Condition cause : null
2025-11-18 10:49:11,212 [WARN] PackLoader:240 - Cannot read IP mode file for STMicroelectronics.X-CUBE-AZRTOS-L4.2.0.0
2025-11-18 10:49:11,214 [WARN] ConditionMgr:1044 - genDependencies : Invalid condition id : LAN8742 Phy interface Condition cause : null
2025-11-18 10:49:11,214 [WARN] ConditionMgr:1044 - genDependencies : Invalid condition id : LAN8742 Phy interface Condition cause : null
2025-11-18 10:49:11,215 [WARN] ConditionMgr:1044 - genDependencies : Invalid condition id : LAN8742 Phy interface Condition cause : null
2025-11-18 10:49:11,226 [WARN] PackLoader:240 - Cannot read IP mode file for STMicroelectronics.X-CUBE-SFXS2LP1.4.0.0
2025-11-18 10:49:11,235 [WARN] PackLoader:240 - Cannot read IP mode file for STMicroelectronics.X-CUBE-BLEMGR.4.1.0
2025-11-18 10:49:11,248 [WARN] ConditionMgr:438 - getConditionDescription Invalid condition id : UX DEVICE CLASS RTOS Condition cause : null
2025-11-18 10:49:11,248 [WARN] ConditionMgr:438 - getConditionDescription Invalid condition id : UX DEVICE CLASS RTOS Condition cause : null
2025-11-18 10:49:11,249 [WARN] PackLoader:240 - Cannot read IP mode file for STMicroelectronics.X-CUBE-AZRTOS-WB.2.0.0
2025-11-18 10:49:11,249 [WARN] ConditionMgr:1044 - genDependencies : Invalid condition id : UX DEVICE CLASS RTOS Condition cause : null
2025-11-18 10:49:11,250 [WARN] ConditionMgr:1044 - genDependencies : Invalid condition id : UX DEVICE CLASS RTOS Condition cause : null
2025-11-18 10:49:11,250 [WARN] ConditionMgr:1044 - genDependencies : Invalid condition id : UX DEVICE CLASS RTOS Condition cause : null
2025-11-18 10:49:11,250 [WARN] ConditionMgr:1044 - genDependencies : Invalid condition id : UX DEVICE CLASS RTOS Condition cause : null
2025-11-18 10:49:11,250 [WARN] ConditionMgr:1044 - genDependencies : Invalid condition id : UX DEVICE CLASS RTOS Condition cause : null
2025-11-18 10:49:11,255 [WARN] ConditionMgr:438 - getConditionDescription Invalid condition id : Cortex-A Device cause : null
2025-11-18 10:49:11,264 [WARN] ConditionMgr:1044 - genDependencies : Invalid condition id : Cortex-A Device cause : null
2025-11-18 10:49:11,264 [WARN] ConditionMgr:1044 - genDependencies : Invalid condition id : Cortex-A Device cause : null
2025-11-18 10:49:11,264 [WARN] ConditionMgr:1044 - genDependencies : Invalid condition id : Cortex-A Device cause : null
2025-11-18 10:49:11,272 [WARN] PackLoader:240 - Cannot read IP mode file for STMicroelectronics.X-CUBE-SUBG2.5.0.0
2025-11-18 10:49:11,288 [WARN] PackLoader:240 - Cannot read IP mode file for STMicroelectronics.X-CUBE-AZRTOS-H7RS.1.1.0
2025-11-18 10:49:11,302 [WARN] PackLoader:240 - Cannot read IP mode file for STMicroelectronics.X-CUBE-AZRTOS-G4.2.0.0
2025-11-18 10:49:11,307 [WARN] PackLoader:240 - Cannot read IP mode file for wolfSSL.I-CUBE-wolfSSH.1.4.20
2025-11-18 10:49:11,313 [WARN] PackLoader:240 - Cannot read IP mode file for STMicroelectronics.X-CUBE-NFC7.2.0.0
2025-11-18 10:49:11,318 [WARN] PackLoader:240 - Cannot read IP mode file for STMicroelectronics.X-CUBE-ALS.1.0.2
2025-11-18 10:49:11,325 [WARN] PackLoader:240 - Cannot read IP mode file for STMicroelectronics.X-CUBE-STSE01.1.0.0
2025-11-18 10:49:11,333 [WARN] PackLoader:240 - Cannot read IP mode file for STMicroelectronics.X-CUBE-TOF1.3.4.3
2025-11-18 10:49:11,341 [INFO] ThirdParty:978 - Integrity check success = true
2025-11-18 10:49:11,341 [INFO] IntegrityCheckThread:100 - exiting critical section [integrity check]
2025-11-18 10:49:11,341 [INFO] IntegrityCheckThread:103 - End integrity checks thread
2025-11-18 11:40:41,512 [INFO] WebApp:194 - Connection lost
2025-11-18 11:40:41,801 [INFO] WebApp:191 - Connection restablished
2025-11-18 17:04:40,202 [INFO] WebApp:194 - Connection lost
2025-11-18 17:05:06,298 [INFO] WebApp:191 - Connection restablished
2025-11-18 17:07:47,478 [INFO] WebApp:194 - Connection lost
2025-11-18 17:10:11,704 [ERROR] LogOutputStream:75 - [STDERR_REDIRECT] 17:10:11.698 ERROR Chromium process exit code: -1,073,741,819
2025-11-18 17:10:11,705 [ERROR] LogOutputStream:75 - [STDERR_REDIRECT] 
2025-11-18 17:10:11,708 [ERROR] LogOutputStream:75 - [STDERR_REDIRECT] 17:10:11.706 ERROR Crash dump dir: C:\Users\USER\AppData\Local\JxBrowser\7.41.4\CrashReports
2025-11-18 17:10:11,708 [ERROR] LogOutputStream:75 - [STDERR_REDIRECT] 
2025-11-18 17:10:11,714 [ERROR] WebApp:412 - JxBrowser engine crashed! Exit code: -1073741819
2025-11-18 21:29:05,094 [ERROR] LogOutputStream:75 - [STDERR_REDIRECT] 
