12:11:56 **** Incremental Build of configuration Debug for project HardwareV1.2 ****
make -j16 all 
arm-none-eabi-size  HardwareV1.2.elf 
   text	   data	    bss	    dec	    hex	filename
  54620	    148	   6912	  61680	   f0f0	HardwareV1.2.elf
Finished building: default.size.stdout
 
14:59:39 **** Incremental Build of configuration Debug for project HardwareV1.2 ****
make -j16 all 
arm-none-eabi-size  HardwareV1.2.elf 
   text	   data	    bss	    dec	    hex	filename
  54620	    148	   6912	  61680	   f0f0	HardwareV1.2.elf
Finished building: default.size.stdout
 
15:03:41 **** Incremental Build of configuration Debug for project HardwareV1.2 ****
make -j16 all 
arm-none-eabi-gcc "../Core/Src/function.c" -mcpu=cortex-m3 -std=gnu11 -g3 -DDEBUG -DUSE_HAL_DRIVER -DSTM32F103xE -c -I../Core/Inc -I../Drivers/STM32F1xx_HAL_Driver/Inc -I../Drivers/STM32F1xx_HAL_Driver/Inc/Legacy -I../Drivers/CMSIS/Device/ST/STM32F1xx/Include -I../Drivers/CMSIS/Include -I../Middlewares/Third_Party/FreeRTOS/Source/include -I../Middlewares/Third_Party/FreeRTOS/Source/CMSIS_RTOS -I../Middlewares/Third_Party/FreeRTOS/Source/portable/GCC/ARM_CM3 -O0 -ffunction-sections -fdata-sections -Wall -fstack-usage -fcyclomatic-complexity -MMD -MP -MF"Core/Src/function.d" -MT"Core/Src/function.o" --specs=nano.specs -mfloat-abi=soft -mthumb -o "Core/Src/function.o"
In file included from ../Core/Src/function.c:7:
../Core/Inc/function.h:12:15: warning: extra tokens at end of #include directive
   12 | #include"BT.h";
      |               ^
../Core/Src/function.c: In function 'checkPosture':
../Core/Src/function.c:84:26: warning: unused variable 'acc_diff_RL' [-Wunused-variable]
   84 |                  int16_t acc_diff_RL = accR1 - accL1;
      |                          ^~~~~~~~~~~
../Core/Src/function.c:83:26: warning: unused variable 'acc_diff_LR' [-Wunused-variable]
   83 |                  int16_t acc_diff_LR = accL1 - accR1;
      |                          ^~~~~~~~~~~
../Core/Src/function.c: In function 'commandFunc':
../Core/Src/function.c:415:36: warning: pointer targets in passing argument 2 of 'sendString' differ in signedness [-Wpointer-sign]
  415 |                 sendString(&huart1,(uint8_t*)"X", 1);
      |                                    ^~~~~~~~~~~~~
      |                                    |
      |                                    uint8_t * {aka unsigned char *}
In file included from ../Core/Inc/function.h:12:
../Core/Inc/BT.h:16:53: note: expected 'int8_t *' {aka 'signed char *'} but argument is of type 'uint8_t *' {aka 'unsigned char *'}
   16 | void sendString(UART_HandleTypeDef *huartx, int8_t *data, uint16_t size);
      |                                             ~~~~~~~~^~~~
../Core/Src/function.c: In function 'handlePostureChange':
../Core/Src/function.c:541:9: warning: implicit declaration of function 'INFLATION' [-Wimplicit-function-declaration]
  541 |     if (INFLATION() != HAL_OK)  Error_Handler();
      |         ^~~~~~~~~
../Core/Src/function.c:547:9: warning: implicit declaration of function 'DEFLATION' [-Wimplicit-function-declaration]
  547 |     if (DEFLATION() != HAL_OK)  Error_Handler();
      |         ^~~~~~~~~
In file included from ../Core/Inc/function.h:10:
../Core/Inc/var.h:14:13: warning: unsigned conversion from 'int' to 'unsigned char:1' changes value from '2' to '0' [-Woverflow]
   14 | #define SIT 2
      |             ^
../Core/Src/function.c:550:23: note: in expansion of macro 'SIT'
  550 |     MP_flag.MSTATUS = SIT;
      |                       ^~~
../Core/Src/function.c: In function 'sendLivedata':
../Core/Src/function.c:886:31: warning: pointer targets in passing argument 2 of 'send12Floats' differ in signedness [-Wpointer-sign]
  886 |         send12Floats(&huart1, imuData);
      |                               ^~~~~~~
      |                               |
      |                               int8_t * {aka signed char *}
../Core/Inc/BT.h:30:55: note: expected 'uint8_t *' {aka 'unsigned char *'} but argument is of type 'int8_t *' {aka 'signed char *'}
   30 | void send12Floats(UART_HandleTypeDef *huartx, uint8_t data[30]);
      |                                               ~~~~~~~~^~~~~~~~
../Core/Src/function.c: In function 'readmemory':
../Core/Src/function.c:939:15: warning: implicit declaration of function 'W25Q_GetFlashSize' [-Wimplicit-function-declaration]
  939 |     FlashSize=W25Q_GetFlashSize()/1000000;
      |               ^~~~~~~~~~~~~~~~~
../Core/Src/function.c: In function 'sendLivedata':
../Core/Src/function.c:886:9: warning: 'send12Floats' accessing 30 bytes in a region of size 27 [-Wstringop-overflow=]
  886 |         send12Floats(&huart1, imuData);
      |         ^~~~~~~~~~~~~~~~~~~~~~~~~~~~~~
../Core/Src/function.c:886:9: note: referencing argument 2 of type 'uint8_t[30]' {aka 'unsigned char[30]'}
../Core/Inc/BT.h:30:6: note: in a call to function 'send12Floats'
   30 | void send12Floats(UART_HandleTypeDef *huartx, uint8_t data[30]);
      |      ^~~~~~~~~~~~
../Core/Src/function.c: In function 'cal_data':
../Core/Src/function.c:901:9: warning: 'caldata' accessing 12 bytes in a region of size 10 [-Wstringop-overflow=]
  901 |         caldata(&huart1, calData);
      |         ^~~~~~~~~~~~~~~~~~~~~~~~~
../Core/Src/function.c:901:9: note: referencing argument 2 of type 'uint8_t[12]' {aka 'unsigned char[12]'}
../Core/Inc/BT.h:31:6: note: in a call to function 'caldata'
   31 | void caldata(UART_HandleTypeDef *huartx, uint8_t data[12]);
      |      ^~~~~~~
arm-none-eabi-gcc -o "HardwareV1.2.elf" @"objects.list"   -mcpu=cortex-m3 -T"C:\Users\USER\STM32CubeIDE\workspace_1.19.0\Hip-Pro_Hardware_V1.2\HardwareV1.2\STM32F103RCTX_FLASH.ld" --specs=nosys.specs -Wl,-Map="HardwareV1.2.map" -Wl,--gc-sections -static --specs=nano.specs -mfloat-abi=soft -mthumb -Wl,--start-group -lc -lm -Wl,--end-group
Finished building target: HardwareV1.2.elf
 
arm-none-eabi-size  HardwareV1.2.elf 
arm-none-eabi-objdump -h -S HardwareV1.2.elf  > "HardwareV1.2.list"
   text	   data	    bss	    dec	    hex	filename
  54620	    148	   6912	  61680	   f0f0	HardwareV1.2.elf
Finished building: default.size.stdout
 
Finished building: HardwareV1.2.list
 
15:04:07 **** Incremental Build of configuration Debug for project HardwareV1.2 ****
make -j16 all 
arm-none-eabi-gcc "../Core/Src/function.c" -mcpu=cortex-m3 -std=gnu11 -g3 -DDEBUG -DUSE_HAL_DRIVER -DSTM32F103xE -c -I../Core/Inc -I../Drivers/STM32F1xx_HAL_Driver/Inc -I../Drivers/STM32F1xx_HAL_Driver/Inc/Legacy -I../Drivers/CMSIS/Device/ST/STM32F1xx/Include -I../Drivers/CMSIS/Include -I../Middlewares/Third_Party/FreeRTOS/Source/include -I../Middlewares/Third_Party/FreeRTOS/Source/CMSIS_RTOS -I../Middlewares/Third_Party/FreeRTOS/Source/portable/GCC/ARM_CM3 -O0 -ffunction-sections -fdata-sections -Wall -fstack-usage -fcyclomatic-complexity -MMD -MP -MF"Core/Src/function.d" -MT"Core/Src/function.o" --specs=nano.specs -mfloat-abi=soft -mthumb -o "Core/Src/function.o"
In file included from ../Core/Src/function.c:7:
../Core/Inc/function.h:12:15: warning: extra tokens at end of #include directive
   12 | #include"BT.h";
      |               ^
../Core/Src/function.c: In function 'checkPosture':
../Core/Src/function.c:84:26: warning: unused variable 'acc_diff_RL' [-Wunused-variable]
   84 |                  int16_t acc_diff_RL = accR1 - accL1;
      |                          ^~~~~~~~~~~
../Core/Src/function.c:83:26: warning: unused variable 'acc_diff_LR' [-Wunused-variable]
   83 |                  int16_t acc_diff_LR = accL1 - accR1;
      |                          ^~~~~~~~~~~
../Core/Src/function.c: In function 'commandFunc':
../Core/Src/function.c:415:36: warning: pointer targets in passing argument 2 of 'sendString' differ in signedness [-Wpointer-sign]
  415 |                 sendString(&huart1,(uint8_t*)"X", 1);
      |                                    ^~~~~~~~~~~~~
      |                                    |
      |                                    uint8_t * {aka unsigned char *}
In file included from ../Core/Inc/function.h:12:
../Core/Inc/BT.h:16:53: note: expected 'int8_t *' {aka 'signed char *'} but argument is of type 'uint8_t *' {aka 'unsigned char *'}
   16 | void sendString(UART_HandleTypeDef *huartx, int8_t *data, uint16_t size);
      |                                             ~~~~~~~~^~~~
../Core/Src/function.c: In function 'handlePostureChange':
../Core/Src/function.c:541:9: warning: implicit declaration of function 'INFLATION' [-Wimplicit-function-declaration]
  541 |     if (INFLATION() != HAL_OK)  Error_Handler();
      |         ^~~~~~~~~
../Core/Src/function.c:547:9: warning: implicit declaration of function 'DEFLATION' [-Wimplicit-function-declaration]
  547 |     if (DEFLATION() != HAL_OK)  Error_Handler();
      |         ^~~~~~~~~
In file included from ../Core/Inc/function.h:10:
../Core/Inc/var.h:14:13: warning: unsigned conversion from 'int' to 'unsigned char:1' changes value from '2' to '0' [-Woverflow]
   14 | #define SIT 2
      |             ^
../Core/Src/function.c:550:23: note: in expansion of macro 'SIT'
  550 |     MP_flag.MSTATUS = SIT;
      |                       ^~~
../Core/Src/function.c: In function 'sendLivedata':
../Core/Src/function.c:887:31: warning: pointer targets in passing argument 2 of 'send12Floats' differ in signedness [-Wpointer-sign]
  887 |         send12Floats(&huart1, imuData);
      |                               ^~~~~~~
      |                               |
      |                               int8_t * {aka signed char *}
../Core/Inc/BT.h:30:55: note: expected 'uint8_t *' {aka 'unsigned char *'} but argument is of type 'int8_t *' {aka 'signed char *'}
   30 | void send12Floats(UART_HandleTypeDef *huartx, uint8_t data[30]);
      |                                               ~~~~~~~~^~~~~~~~
../Core/Src/function.c: In function 'readmemory':
../Core/Src/function.c:940:15: warning: implicit declaration of function 'W25Q_GetFlashSize' [-Wimplicit-function-declaration]
  940 |     FlashSize=W25Q_GetFlashSize()/1000000;
      |               ^~~~~~~~~~~~~~~~~
../Core/Src/function.c: In function 'sendLivedata':
../Core/Src/function.c:887:9: warning: 'send12Floats' accessing 30 bytes in a region of size 27 [-Wstringop-overflow=]
  887 |         send12Floats(&huart1, imuData);
      |         ^~~~~~~~~~~~~~~~~~~~~~~~~~~~~~
../Core/Src/function.c:887:9: note: referencing argument 2 of type 'uint8_t[30]' {aka 'unsigned char[30]'}
../Core/Inc/BT.h:30:6: note: in a call to function 'send12Floats'
   30 | void send12Floats(UART_HandleTypeDef *huartx, uint8_t data[30]);
      |      ^~~~~~~~~~~~
../Core/Src/function.c: In function 'cal_data':
../Core/Src/function.c:902:9: warning: 'caldata' accessing 12 bytes in a region of size 10 [-Wstringop-overflow=]
  902 |         caldata(&huart1, calData);
      |         ^~~~~~~~~~~~~~~~~~~~~~~~~
../Core/Src/function.c:902:9: note: referencing argument 2 of type 'uint8_t[12]' {aka 'unsigned char[12]'}
../Core/Inc/BT.h:31:6: note: in a call to function 'caldata'
   31 | void caldata(UART_HandleTypeDef *huartx, uint8_t data[12]);
      |      ^~~~~~~
arm-none-eabi-gcc -o "HardwareV1.2.elf" @"objects.list"   -mcpu=cortex-m3 -T"C:\Users\USER\STM32CubeIDE\workspace_1.19.0\Hip-Pro_Hardware_V1.2\HardwareV1.2\STM32F103RCTX_FLASH.ld" --specs=nosys.specs -Wl,-Map="HardwareV1.2.map" -Wl,--gc-sections -static --specs=nano.specs -mfloat-abi=soft -mthumb -Wl,--start-group -lc -lm -Wl,--end-group
Finished building target: HardwareV1.2.elf
 
arm-none-eabi-size  HardwareV1.2.elf 
arm-none-eabi-objdump -h -S HardwareV1.2.elf  > "HardwareV1.2.list"
   text	   data	    bss	    dec	    hex	filename
  54620	    148	   6912	  61680	   f0f0	HardwareV1.2.elf
Finished building: default.size.stdout
 
Finished building: HardwareV1.2.list
 
15:09:36 **** Incremental Build of configuration Debug for project HardwareV1.2 ****
make -j16 all 
arm-none-eabi-gcc "../Core/Src/function.c" -mcpu=cortex-m3 -std=gnu11 -g3 -DDEBUG -DUSE_HAL_DRIVER -DSTM32F103xE -c -I../Core/Inc -I../Drivers/STM32F1xx_HAL_Driver/Inc -I../Drivers/STM32F1xx_HAL_Driver/Inc/Legacy -I../Drivers/CMSIS/Device/ST/STM32F1xx/Include -I../Drivers/CMSIS/Include -I../Middlewares/Third_Party/FreeRTOS/Source/include -I../Middlewares/Third_Party/FreeRTOS/Source/CMSIS_RTOS -I../Middlewares/Third_Party/FreeRTOS/Source/portable/GCC/ARM_CM3 -O0 -ffunction-sections -fdata-sections -Wall -fstack-usage -fcyclomatic-complexity -MMD -MP -MF"Core/Src/function.d" -MT"Core/Src/function.o" --specs=nano.specs -mfloat-abi=soft -mthumb -o "Core/Src/function.o"
arm-none-eabi-gcc "../Core/Src/main.c" -mcpu=cortex-m3 -std=gnu11 -g3 -DDEBUG -DUSE_HAL_DRIVER -DSTM32F103xE -c -I../Core/Inc -I../Drivers/STM32F1xx_HAL_Driver/Inc -I../Drivers/STM32F1xx_HAL_Driver/Inc/Legacy -I../Drivers/CMSIS/Device/ST/STM32F1xx/Include -I../Drivers/CMSIS/Include -I../Middlewares/Third_Party/FreeRTOS/Source/include -I../Middlewares/Third_Party/FreeRTOS/Source/CMSIS_RTOS -I../Middlewares/Third_Party/FreeRTOS/Source/portable/GCC/ARM_CM3 -O0 -ffunction-sections -fdata-sections -Wall -fstack-usage -fcyclomatic-complexity -MMD -MP -MF"Core/Src/main.d" -MT"Core/Src/main.o" --specs=nano.specs -mfloat-abi=soft -mthumb -o "Core/Src/main.o"
In file included from ../Core/Src/function.c:7:
../Core/Inc/function.h:12:15: warning: extra tokens at end of #include directive
   12 | #include"BT.h";
      |               ^
../Core/Src/function.c: In function 'checkPosture':
../Core/Src/function.c:84:26: warning: unused variable 'acc_diff_RL' [-Wunused-variable]
   84 |                  int16_t acc_diff_RL = accR1 - accL1;
      |                          ^~~~~~~~~~~
../Core/Src/function.c:83:26: warning: unused variable 'acc_diff_LR' [-Wunused-variable]
   83 |                  int16_t acc_diff_LR = accL1 - accR1;
      |                          ^~~~~~~~~~~
../Core/Src/function.c: In function 'commandFunc':
../Core/Src/function.c:415:36: warning: pointer targets in passing argument 2 of 'sendString' differ in signedness [-Wpointer-sign]
  415 |                 sendString(&huart1,(uint8_t*)"X", 1);
      |                                    ^~~~~~~~~~~~~
      |                                    |
      |                                    uint8_t * {aka unsigned char *}
In file included from ../Core/Inc/function.h:12:
../Core/Inc/BT.h:16:53: note: expected 'int8_t *' {aka 'signed char *'} but argument is of type 'uint8_t *' {aka 'unsigned char *'}
   16 | void sendString(UART_HandleTypeDef *huartx, int8_t *data, uint16_t size);
      |                                             ~~~~~~~~^~~~
../Core/Src/function.c: In function 'handlePostureChange':
../Core/Src/function.c:541:9: warning: implicit declaration of function 'INFLATION' [-Wimplicit-function-declaration]
  541 |     if (INFLATION() != HAL_OK)  Error_Handler();
      |         ^~~~~~~~~
../Core/Src/function.c:547:9: warning: implicit declaration of function 'DEFLATION' [-Wimplicit-function-declaration]
  547 |     if (DEFLATION() != HAL_OK)  Error_Handler();
      |         ^~~~~~~~~
In file included from ../Core/Inc/function.h:10:
../Core/Inc/var.h:14:13: warning: unsigned conversion from 'int' to 'unsigned char:1' changes value from '2' to '0' [-Woverflow]
   14 | #define SIT 2
      |             ^
../Core/Src/function.c:550:23: note: in expansion of macro 'SIT'
  550 |     MP_flag.MSTATUS = SIT;
      |                       ^~~
../Core/Src/function.c: In function 'standposture':
../Core/Src/function.c:606:91: warning: implicit declaration of function 'HARDWRAE_ERROR' [-Wimplicit-function-declaration]
  606 |                                                                 if(INFLATION()!= HAL_OK)  HARDWRAE_ERROR();
      |                                                                                           ^~~~~~~~~~~~~~
../Core/Src/function.c: In function 'sendLivedata':
../Core/Src/function.c:886:31: warning: pointer targets in passing argument 2 of 'send12Floats' differ in signedness [-Wpointer-sign]
  886 |         send12Floats(&huart1, imuData);
      |                               ^~~~~~~
      |                               |
      |                               int8_t * {aka signed char *}
../Core/Inc/BT.h:30:55: note: expected 'uint8_t *' {aka 'unsigned char *'} but argument is of type 'int8_t *' {aka 'signed char *'}
   30 | void send12Floats(UART_HandleTypeDef *huartx, uint8_t data[30]);
      |                                               ~~~~~~~~^~~~~~~~
../Core/Src/function.c: In function 'readmemory':
../Core/Src/function.c:939:15: warning: implicit declaration of function 'W25Q_GetFlashSize' [-Wimplicit-function-declaration]
  939 |     FlashSize=W25Q_GetFlashSize()/1000000;
      |               ^~~~~~~~~~~~~~~~~
../Core/Src/function.c: In function 'sendLivedata':
../Core/Src/function.c:886:9: warning: 'send12Floats' accessing 30 bytes in a region of size 27 [-Wstringop-overflow=]
  886 |         send12Floats(&huart1, imuData);
      |         ^~~~~~~~~~~~~~~~~~~~~~~~~~~~~~
../Core/Src/function.c:886:9: note: referencing argument 2 of type 'uint8_t[30]' {aka 'unsigned char[30]'}
../Core/Inc/BT.h:30:6: note: in a call to function 'send12Floats'
   30 | void send12Floats(UART_HandleTypeDef *huartx, uint8_t data[30]);
      |      ^~~~~~~~~~~~
../Core/Src/function.c: In function 'cal_data':
../Core/Src/function.c:901:9: warning: 'caldata' accessing 12 bytes in a region of size 10 [-Wstringop-overflow=]
  901 |         caldata(&huart1, calData);
      |         ^~~~~~~~~~~~~~~~~~~~~~~~~
../Core/Src/function.c:901:9: note: referencing argument 2 of type 'uint8_t[12]' {aka 'unsigned char[12]'}
../Core/Inc/BT.h:31:6: note: in a call to function 'caldata'
   31 | void caldata(UART_HandleTypeDef *huartx, uint8_t data[12]);
      |      ^~~~~~~
In file included from ../Core/Src/main.c:28:
../Core/Inc/function.h:12:15: warning: extra tokens at end of #include directive
   12 | #include"BT.h";
      |               ^
arm-none-eabi-gcc -o "HardwareV1.2.elf" @"objects.list"   -mcpu=cortex-m3 -T"C:\Users\USER\STM32CubeIDE\workspace_1.19.0\Hip-Pro_Hardware_V1.2\HardwareV1.2\STM32F103RCTX_FLASH.ld" --specs=nosys.specs -Wl,-Map="HardwareV1.2.map" -Wl,--gc-sections -static --specs=nano.specs -mfloat-abi=soft -mthumb -Wl,--start-group -lc -lm -Wl,--end-group
Finished building target: HardwareV1.2.elf
 
arm-none-eabi-size  HardwareV1.2.elf 
arm-none-eabi-objdump -h -S HardwareV1.2.elf  > "HardwareV1.2.list"
   text	   data	    bss	    dec	    hex	filename
  54636	    148	   6912	  61696	   f100	HardwareV1.2.elf
Finished building: default.size.stdout
 
Finished building: HardwareV1.2.list
 
15:26:04 **** Incremental Build of configuration Debug for project HardwareV1.2 ****
make -j16 all 
arm-none-eabi-size  HardwareV1.2.elf 
   text	   data	    bss	    dec	    hex	filename
  54636	    148	   6912	  61696	   f100	HardwareV1.2.elf
Finished building: default.size.stdout
 
15:27:56 **** Incremental Build of configuration Debug for project HardwareV1.2 ****
make -j16 all 
arm-none-eabi-gcc "../Core/Src/main.c" -mcpu=cortex-m3 -std=gnu11 -g3 -DDEBUG -DUSE_HAL_DRIVER -DSTM32F103xE -c -I../Core/Inc -I../Drivers/STM32F1xx_HAL_Driver/Inc -I../Drivers/STM32F1xx_HAL_Driver/Inc/Legacy -I../Drivers/CMSIS/Device/ST/STM32F1xx/Include -I../Drivers/CMSIS/Include -I../Middlewares/Third_Party/FreeRTOS/Source/include -I../Middlewares/Third_Party/FreeRTOS/Source/CMSIS_RTOS -I../Middlewares/Third_Party/FreeRTOS/Source/portable/GCC/ARM_CM3 -O0 -ffunction-sections -fdata-sections -Wall -fstack-usage -fcyclomatic-complexity -MMD -MP -MF"Core/Src/main.d" -MT"Core/Src/main.o" --specs=nano.specs -mfloat-abi=soft -mthumb -o "Core/Src/main.o"
In file included from ../Core/Src/main.c:28:
../Core/Inc/function.h:12:15: warning: extra tokens at end of #include directive
   12 | #include"BT.h";
      |               ^
arm-none-eabi-gcc -o "HardwareV1.2.elf" @"objects.list"   -mcpu=cortex-m3 -T"C:\Users\USER\STM32CubeIDE\workspace_1.19.0\Hip-Pro_Hardware_V1.2\HardwareV1.2\STM32F103RCTX_FLASH.ld" --specs=nosys.specs -Wl,-Map="HardwareV1.2.map" -Wl,--gc-sections -static --specs=nano.specs -mfloat-abi=soft -mthumb -Wl,--start-group -lc -lm -Wl,--end-group
Finished building target: HardwareV1.2.elf
 
arm-none-eabi-size  HardwareV1.2.elf 
arm-none-eabi-objdump -h -S HardwareV1.2.elf  > "HardwareV1.2.list"
   text	   data	    bss	    dec	    hex	filename
  54636	    148	   6912	  61696	   f100	HardwareV1.2.elf
Finished building: default.size.stdout
 
Finished building: HardwareV1.2.list
 
15:35:03 **** Incremental Build of configuration Debug for project HardwareV1.2 ****
make -j16 all 
arm-none-eabi-gcc "../Core/Src/main.c" -mcpu=cortex-m3 -std=gnu11 -g3 -DDEBUG -DUSE_HAL_DRIVER -DSTM32F103xE -c -I../Core/Inc -I../Drivers/STM32F1xx_HAL_Driver/Inc -I../Drivers/STM32F1xx_HAL_Driver/Inc/Legacy -I../Drivers/CMSIS/Device/ST/STM32F1xx/Include -I../Drivers/CMSIS/Include -I../Middlewares/Third_Party/FreeRTOS/Source/include -I../Middlewares/Third_Party/FreeRTOS/Source/CMSIS_RTOS -I../Middlewares/Third_Party/FreeRTOS/Source/portable/GCC/ARM_CM3 -O0 -ffunction-sections -fdata-sections -Wall -fstack-usage -fcyclomatic-complexity -MMD -MP -MF"Core/Src/main.d" -MT"Core/Src/main.o" --specs=nano.specs -mfloat-abi=soft -mthumb -o "Core/Src/main.o"
In file included from ../Core/Src/main.c:28:
../Core/Inc/function.h:12:15: warning: extra tokens at end of #include directive
   12 | #include"BT.h";
      |               ^
arm-none-eabi-gcc -o "HardwareV1.2.elf" @"objects.list"   -mcpu=cortex-m3 -T"C:\Users\USER\STM32CubeIDE\workspace_1.19.0\Hip-Pro_Hardware_V1.2\HardwareV1.2\STM32F103RCTX_FLASH.ld" --specs=nosys.specs -Wl,-Map="HardwareV1.2.map" -Wl,--gc-sections -static --specs=nano.specs -mfloat-abi=soft -mthumb -Wl,--start-group -lc -lm -Wl,--end-group
Finished building target: HardwareV1.2.elf
 
arm-none-eabi-size  HardwareV1.2.elf 
arm-none-eabi-objdump -h -S HardwareV1.2.elf  > "HardwareV1.2.list"
   text	   data	    bss	    dec	    hex	filename
  54732	    148	   6912	  61792	   f160	HardwareV1.2.elf
Finished building: default.size.stdout
 
Finished building: HardwareV1.2.list
 
15:38:13 **** Incremental Build of configuration Debug for project HardwareV1.2 ****
make -j16 all 
arm-none-eabi-gcc "../Core/Src/main.c" -mcpu=cortex-m3 -std=gnu11 -g3 -DDEBUG -DUSE_HAL_DRIVER -DSTM32F103xE -c -I../Core/Inc -I../Drivers/STM32F1xx_HAL_Driver/Inc -I../Drivers/STM32F1xx_HAL_Driver/Inc/Legacy -I../Drivers/CMSIS/Device/ST/STM32F1xx/Include -I../Drivers/CMSIS/Include -I../Middlewares/Third_Party/FreeRTOS/Source/include -I../Middlewares/Third_Party/FreeRTOS/Source/CMSIS_RTOS -I../Middlewares/Third_Party/FreeRTOS/Source/portable/GCC/ARM_CM3 -O0 -ffunction-sections -fdata-sections -Wall -fstack-usage -fcyclomatic-complexity -MMD -MP -MF"Core/Src/main.d" -MT"Core/Src/main.o" --specs=nano.specs -mfloat-abi=soft -mthumb -o "Core/Src/main.o"
In file included from ../Core/Src/main.c:28:
../Core/Inc/function.h:12:15: warning: extra tokens at end of #include directive
   12 | #include"BT.h";
      |               ^
../Core/Src/main.c: In function 'MX_GPIO_Init':
../Core/Src/main.c:524:53: error: 'FAN_2_PinFAN_1_Pin' undeclared (first use in this function)
  524 |                           |N20_2_B15_Pin|BUZZER_Pin|FAN_2_PinFAN_1_Pin, GPIO_PIN_RESET);
      |                                                     ^~~~~~~~~~~~~~~~~~
../Core/Src/main.c:524:53: note: each undeclared identifier is reported only once for each function it appears in
../Core/Src/main.c:530:54: error: 'Sleep_N20_2_PinCS_Pin' undeclared (first use in this function); did you mean 'Sleep_N20_2_Pin'?
  530 |   GPIO_InitStruct.Pin = EN_MICRO_Pin|Sleep_N20_1_Pin|Sleep_N20_2_PinCS_Pin|Charging_STATUS_Pin;
      |                                                      ^~~~~~~~~~~~~~~~~~~~~
      |                                                      Sleep_N20_2_Pin
make: *** [Core/Src/subdir.mk:61: Core/Src/main.o] Error 1
"make -j16 all" terminated with exit code 2. Build might be incomplete.
15:38:42 **** Incremental Build of configuration Debug for project HardwareV1.2 ****
make -j16 all 
arm-none-eabi-gcc "../Core/Src/main.c" -mcpu=cortex-m3 -std=gnu11 -g3 -DDEBUG -DUSE_HAL_DRIVER -DSTM32F103xE -c -I../Core/Inc -I../Drivers/STM32F1xx_HAL_Driver/Inc -I../Drivers/STM32F1xx_HAL_Driver/Inc/Legacy -I../Drivers/CMSIS/Device/ST/STM32F1xx/Include -I../Drivers/CMSIS/Include -I../Middlewares/Third_Party/FreeRTOS/Source/include -I../Middlewares/Third_Party/FreeRTOS/Source/CMSIS_RTOS -I../Middlewares/Third_Party/FreeRTOS/Source/portable/GCC/ARM_CM3 -O0 -ffunction-sections -fdata-sections -Wall -fstack-usage -fcyclomatic-complexity -MMD -MP -MF"Core/Src/main.d" -MT"Core/Src/main.o" --specs=nano.specs -mfloat-abi=soft -mthumb -o "Core/Src/main.o"
In file included from ../Core/Src/main.c:28:
../Core/Inc/function.h:12:15: warning: extra tokens at end of #include directive
   12 | #include"BT.h";
      |               ^
arm-none-eabi-gcc -o "HardwareV1.2.elf" @"objects.list"   -mcpu=cortex-m3 -T"C:\Users\USER\STM32CubeIDE\workspace_1.19.0\Hip-Pro_Hardware_V1.2\HardwareV1.2\STM32F103RCTX_FLASH.ld" --specs=nosys.specs -Wl,-Map="HardwareV1.2.map" -Wl,--gc-sections -static --specs=nano.specs -mfloat-abi=soft -mthumb -Wl,--start-group -lc -lm -Wl,--end-group
Finished building target: HardwareV1.2.elf
 
arm-none-eabi-size  HardwareV1.2.elf 
arm-none-eabi-objdump -h -S HardwareV1.2.elf  > "HardwareV1.2.list"
   text	   data	    bss	    dec	    hex	filename
  54684	    148	   6912	  61744	   f130	HardwareV1.2.elf
Finished building: default.size.stdout
 
Finished building: HardwareV1.2.list
 
15:45:04 **** Incremental Build of configuration Debug for project HardwareV1.2 ****
make -j16 all 
arm-none-eabi-gcc "../Core/Src/main.c" -mcpu=cortex-m3 -std=gnu11 -g3 -DDEBUG -DUSE_HAL_DRIVER -DSTM32F103xE -c -I../Core/Inc -I../Drivers/STM32F1xx_HAL_Driver/Inc -I../Drivers/STM32F1xx_HAL_Driver/Inc/Legacy -I../Drivers/CMSIS/Device/ST/STM32F1xx/Include -I../Drivers/CMSIS/Include -I../Middlewares/Third_Party/FreeRTOS/Source/include -I../Middlewares/Third_Party/FreeRTOS/Source/CMSIS_RTOS -I../Middlewares/Third_Party/FreeRTOS/Source/portable/GCC/ARM_CM3 -O0 -ffunction-sections -fdata-sections -Wall -fstack-usage -fcyclomatic-complexity -MMD -MP -MF"Core/Src/main.d" -MT"Core/Src/main.o" --specs=nano.specs -mfloat-abi=soft -mthumb -o "Core/Src/main.o"
In file included from ../Core/Src/main.c:28:
../Core/Inc/function.h:12:15: warning: extra tokens at end of #include directive
   12 | #include"BT.h";
      |               ^
arm-none-eabi-gcc -o "HardwareV1.2.elf" @"objects.list"   -mcpu=cortex-m3 -T"C:\Users\USER\STM32CubeIDE\workspace_1.19.0\Hip-Pro_Hardware_V1.2\HardwareV1.2\STM32F103RCTX_FLASH.ld" --specs=nosys.specs -Wl,-Map="HardwareV1.2.map" -Wl,--gc-sections -static --specs=nano.specs -mfloat-abi=soft -mthumb -Wl,--start-group -lc -lm -Wl,--end-group
Finished building target: HardwareV1.2.elf
 
arm-none-eabi-size  HardwareV1.2.elf 
arm-none-eabi-objdump -h -S HardwareV1.2.elf  > "HardwareV1.2.list"
   text	   data	    bss	    dec	    hex	filename
  54828	    148	   6912	  61888	   f1c0	HardwareV1.2.elf
Finished building: default.size.stdout
 
Finished building: HardwareV1.2.list
 
15:52:11 **** Incremental Build of configuration Debug for project HardwareV1.2 ****
make -j16 all 
arm-none-eabi-gcc "../Core/Src/main.c" -mcpu=cortex-m3 -std=gnu11 -g3 -DDEBUG -DUSE_HAL_DRIVER -DSTM32F103xE -c -I../Core/Inc -I../Drivers/STM32F1xx_HAL_Driver/Inc -I../Drivers/STM32F1xx_HAL_Driver/Inc/Legacy -I../Drivers/CMSIS/Device/ST/STM32F1xx/Include -I../Drivers/CMSIS/Include -I../Middlewares/Third_Party/FreeRTOS/Source/include -I../Middlewares/Third_Party/FreeRTOS/Source/CMSIS_RTOS -I../Middlewares/Third_Party/FreeRTOS/Source/portable/GCC/ARM_CM3 -O0 -ffunction-sections -fdata-sections -Wall -fstack-usage -fcyclomatic-complexity -MMD -MP -MF"Core/Src/main.d" -MT"Core/Src/main.o" --specs=nano.specs -mfloat-abi=soft -mthumb -o "Core/Src/main.o"
In file included from ../Core/Src/main.c:28:
../Core/Inc/function.h:12:15: warning: extra tokens at end of #include directive
   12 | #include"BT.h";
      |               ^
arm-none-eabi-gcc -o "HardwareV1.2.elf" @"objects.list"   -mcpu=cortex-m3 -T"C:\Users\USER\STM32CubeIDE\workspace_1.19.0\Hip-Pro_Hardware_V1.2\HardwareV1.2\STM32F103RCTX_FLASH.ld" --specs=nosys.specs -Wl,-Map="HardwareV1.2.map" -Wl,--gc-sections -static --specs=nano.specs -mfloat-abi=soft -mthumb -Wl,--start-group -lc -lm -Wl,--end-group
Finished building target: HardwareV1.2.elf
 
arm-none-eabi-size  HardwareV1.2.elf 
arm-none-eabi-objdump -h -S HardwareV1.2.elf  > "HardwareV1.2.list"
   text	   data	    bss	    dec	    hex	filename
  54828	    148	   6912	  61888	   f1c0	HardwareV1.2.elf
Finished building: default.size.stdout
 
Finished building: HardwareV1.2.list
 
15:57:01 **** Incremental Build of configuration Debug for project HardwareV1.2 ****
make -j16 all 
arm-none-eabi-gcc "../Core/Src/function.c" -mcpu=cortex-m3 -std=gnu11 -g3 -DDEBUG -DUSE_HAL_DRIVER -DSTM32F103xE -c -I../Core/Inc -I../Drivers/STM32F1xx_HAL_Driver/Inc -I../Drivers/STM32F1xx_HAL_Driver/Inc/Legacy -I../Drivers/CMSIS/Device/ST/STM32F1xx/Include -I../Drivers/CMSIS/Include -I../Middlewares/Third_Party/FreeRTOS/Source/include -I../Middlewares/Third_Party/FreeRTOS/Source/CMSIS_RTOS -I../Middlewares/Third_Party/FreeRTOS/Source/portable/GCC/ARM_CM3 -O0 -ffunction-sections -fdata-sections -Wall -fstack-usage -fcyclomatic-complexity -MMD -MP -MF"Core/Src/function.d" -MT"Core/Src/function.o" --specs=nano.specs -mfloat-abi=soft -mthumb -o "Core/Src/function.o"
In file included from ../Core/Src/function.c:7:
../Core/Inc/function.h:12:15: warning: extra tokens at end of #include directive
   12 | #include"BT.h";
      |               ^
../Core/Src/function.c: In function 'checkPosture':
../Core/Src/function.c:84:26: warning: unused variable 'acc_diff_RL' [-Wunused-variable]
   84 |                  int16_t acc_diff_RL = accR1 - accL1;
      |                          ^~~~~~~~~~~
../Core/Src/function.c:83:26: warning: unused variable 'acc_diff_LR' [-Wunused-variable]
   83 |                  int16_t acc_diff_LR = accL1 - accR1;
      |                          ^~~~~~~~~~~
../Core/Src/function.c: In function 'commandFunc':
../Core/Src/function.c:415:36: warning: pointer targets in passing argument 2 of 'sendString' differ in signedness [-Wpointer-sign]
  415 |                 sendString(&huart1,(uint8_t*)"X", 1);
      |                                    ^~~~~~~~~~~~~
      |                                    |
      |                                    uint8_t * {aka unsigned char *}
In file included from ../Core/Inc/function.h:12:
../Core/Inc/BT.h:16:53: note: expected 'int8_t *' {aka 'signed char *'} but argument is of type 'uint8_t *' {aka 'unsigned char *'}
   16 | void sendString(UART_HandleTypeDef *huartx, int8_t *data, uint16_t size);
      |                                             ~~~~~~~~^~~~
../Core/Src/function.c: In function 'handlePostureChange':
../Core/Src/function.c:541:9: warning: implicit declaration of function 'INFLATION' [-Wimplicit-function-declaration]
  541 |     if (INFLATION() != HAL_OK)  Error_Handler();
      |         ^~~~~~~~~
../Core/Src/function.c:547:9: warning: implicit declaration of function 'DEFLATION' [-Wimplicit-function-declaration]
  547 |     if (DEFLATION() != HAL_OK)  Error_Handler();
      |         ^~~~~~~~~
In file included from ../Core/Inc/function.h:10:
../Core/Inc/var.h:14:13: warning: unsigned conversion from 'int' to 'unsigned char:1' changes value from '2' to '0' [-Woverflow]
   14 | #define SIT 2
      |             ^
../Core/Src/function.c:550:23: note: in expansion of macro 'SIT'
  550 |     MP_flag.MSTATUS = SIT;
      |                       ^~~
../Core/Src/function.c: In function 'standposture':
../Core/Src/function.c:606:91: warning: implicit declaration of function 'HARDWRAE_ERROR' [-Wimplicit-function-declaration]
  606 |                                                                 if(INFLATION()!= HAL_OK)  HARDWRAE_ERROR();
      |                                                                                           ^~~~~~~~~~~~~~
../Core/Src/function.c: In function 'sendLivedata':
../Core/Src/function.c:886:31: warning: pointer targets in passing argument 2 of 'send12Floats' differ in signedness [-Wpointer-sign]
  886 |         send12Floats(&huart1, imuData);
      |                               ^~~~~~~
      |                               |
      |                               int8_t * {aka signed char *}
../Core/Inc/BT.h:30:55: note: expected 'uint8_t *' {aka 'unsigned char *'} but argument is of type 'int8_t *' {aka 'signed char *'}
   30 | void send12Floats(UART_HandleTypeDef *huartx, uint8_t data[30]);
      |                                               ~~~~~~~~^~~~~~~~
../Core/Src/function.c: In function 'readmemory':
../Core/Src/function.c:938:15: warning: implicit declaration of function 'W25Q_GetFlashSize' [-Wimplicit-function-declaration]
  938 |     FlashSize=W25Q_GetFlashSize()/1000000;
      |               ^~~~~~~~~~~~~~~~~
../Core/Src/function.c: In function 'sendLivedata':
../Core/Src/function.c:886:9: warning: 'send12Floats' accessing 30 bytes in a region of size 27 [-Wstringop-overflow=]
  886 |         send12Floats(&huart1, imuData);
      |         ^~~~~~~~~~~~~~~~~~~~~~~~~~~~~~
../Core/Src/function.c:886:9: note: referencing argument 2 of type 'uint8_t[30]' {aka 'unsigned char[30]'}
../Core/Inc/BT.h:30:6: note: in a call to function 'send12Floats'
   30 | void send12Floats(UART_HandleTypeDef *huartx, uint8_t data[30]);
      |      ^~~~~~~~~~~~
../Core/Src/function.c: In function 'cal_data':
../Core/Src/function.c:901:9: warning: 'caldata' accessing 12 bytes in a region of size 10 [-Wstringop-overflow=]
  901 |         caldata(&huart1, calData);
      |         ^~~~~~~~~~~~~~~~~~~~~~~~~
../Core/Src/function.c:901:9: note: referencing argument 2 of type 'uint8_t[12]' {aka 'unsigned char[12]'}
../Core/Inc/BT.h:31:6: note: in a call to function 'caldata'
   31 | void caldata(UART_HandleTypeDef *huartx, uint8_t data[12]);
      |      ^~~~~~~
arm-none-eabi-gcc -o "HardwareV1.2.elf" @"objects.list"   -mcpu=cortex-m3 -T"C:\Users\USER\STM32CubeIDE\workspace_1.19.0\Hip-Pro_Hardware_V1.2\HardwareV1.2\STM32F103RCTX_FLASH.ld" --specs=nosys.specs -Wl,-Map="HardwareV1.2.map" -Wl,--gc-sections -static --specs=nano.specs -mfloat-abi=soft -mthumb -Wl,--start-group -lc -lm -Wl,--end-group
Finished building target: HardwareV1.2.elf
 
arm-none-eabi-size  HardwareV1.2.elf 
arm-none-eabi-objdump -h -S HardwareV1.2.elf  > "HardwareV1.2.list"
   text	   data	    bss	    dec	    hex	filename
  54828	    148	   6912	  61888	   f1c0	HardwareV1.2.elf
Finished building: default.size.stdout
 
Finished building: HardwareV1.2.list
 
16:14:33 **** Incremental Build of configuration Debug for project HardwareV1.2 ****
make -j16 all 
arm-none-eabi-gcc "../Core/Src/main.c" -mcpu=cortex-m3 -std=gnu11 -g3 -DDEBUG -DUSE_HAL_DRIVER -DSTM32F103xE -c -I../Core/Inc -I../Drivers/STM32F1xx_HAL_Driver/Inc -I../Drivers/STM32F1xx_HAL_Driver/Inc/Legacy -I../Drivers/CMSIS/Device/ST/STM32F1xx/Include -I../Drivers/CMSIS/Include -I../Middlewares/Third_Party/FreeRTOS/Source/include -I../Middlewares/Third_Party/FreeRTOS/Source/CMSIS_RTOS -I../Middlewares/Third_Party/FreeRTOS/Source/portable/GCC/ARM_CM3 -O0 -ffunction-sections -fdata-sections -Wall -fstack-usage -fcyclomatic-complexity -MMD -MP -MF"Core/Src/main.d" -MT"Core/Src/main.o" --specs=nano.specs -mfloat-abi=soft -mthumb -o "Core/Src/main.o"
In file included from ../Core/Src/main.c:28:
../Core/Inc/function.h:12:15: warning: extra tokens at end of #include directive
   12 | #include"BT.h";
      |               ^
In file included from ../Core/Src/main.c:31:
../Core/Inc/Exicution.h: In function 'CloseValve':
../Core/Inc/Exicution.h:48:9: warning: implicit declaration of function 'N20_2_lCW'; did you mean 'N20_2_ACW'? [-Wimplicit-function-declaration]
   48 |         N20_2_lCW();
      |         ^~~~~~~~~
      |         N20_2_ACW
arm-none-eabi-gcc -o "HardwareV1.2.elf" @"objects.list"   -mcpu=cortex-m3 -T"C:\Users\USER\STM32CubeIDE\workspace_1.19.0\Hip-Pro_Hardware_V1.2\HardwareV1.2\STM32F103RCTX_FLASH.ld" --specs=nosys.specs -Wl,-Map="HardwareV1.2.map" -Wl,--gc-sections -static --specs=nano.specs -mfloat-abi=soft -mthumb -Wl,--start-group -lc -lm -Wl,--end-group
C:/ST/STM32CubeIDE_1.19.0/STM32CubeIDE/plugins/com.st.stm32cube.ide.mcu.externaltools.gnu-tools-for-stm32.13.3.rel1.win32_1.0.0.202411081344/tools/bin/../lib/gcc/arm-none-eabi/13.3.1/../../../../arm-none-eabi/bin/ld.exe: ./Core/Src/main.o: in function `CloseValve':
C:/Users/USER/STM32CubeIDE/workspace_1.19.0/Hip-Pro_Hardware_V1.2/HardwareV1.2/Debug/../Core/Inc/Exicution.h:48:(.text.CloseValve+0x2e): undefined reference to `N20_2_lCW'
collect2.exe: error: ld returned 1 exit status
make: *** [makefile:68: HardwareV1.2.elf] Error 1
"make -j16 all" terminated with exit code 2. Build might be incomplete.
16:15:07 **** Incremental Build of configuration Debug for project HardwareV1.2 ****
make -j16 all 
arm-none-eabi-gcc "../Core/Src/main.c" -mcpu=cortex-m3 -std=gnu11 -g3 -DDEBUG -DUSE_HAL_DRIVER -DSTM32F103xE -c -I../Core/Inc -I../Drivers/STM32F1xx_HAL_Driver/Inc -I../Drivers/STM32F1xx_HAL_Driver/Inc/Legacy -I../Drivers/CMSIS/Device/ST/STM32F1xx/Include -I../Drivers/CMSIS/Include -I../Middlewares/Third_Party/FreeRTOS/Source/include -I../Middlewares/Third_Party/FreeRTOS/Source/CMSIS_RTOS -I../Middlewares/Third_Party/FreeRTOS/Source/portable/GCC/ARM_CM3 -O0 -ffunction-sections -fdata-sections -Wall -fstack-usage -fcyclomatic-complexity -MMD -MP -MF"Core/Src/main.d" -MT"Core/Src/main.o" --specs=nano.specs -mfloat-abi=soft -mthumb -o "Core/Src/main.o"
In file included from ../Core/Src/main.c:28:
../Core/Inc/function.h:12:15: warning: extra tokens at end of #include directive
   12 | #include"BT.h";
      |               ^
arm-none-eabi-gcc -o "HardwareV1.2.elf" @"objects.list"   -mcpu=cortex-m3 -T"C:\Users\USER\STM32CubeIDE\workspace_1.19.0\Hip-Pro_Hardware_V1.2\HardwareV1.2\STM32F103RCTX_FLASH.ld" --specs=nosys.specs -Wl,-Map="HardwareV1.2.map" -Wl,--gc-sections -static --specs=nano.specs -mfloat-abi=soft -mthumb -Wl,--start-group -lc -lm -Wl,--end-group
Finished building target: HardwareV1.2.elf
 
arm-none-eabi-size  HardwareV1.2.elf 
arm-none-eabi-objdump -h -S HardwareV1.2.elf  > "HardwareV1.2.list"
   text	   data	    bss	    dec	    hex	filename
  54764	    148	   6912	  61824	   f180	HardwareV1.2.elf
Finished building: default.size.stdout
 
Finished building: HardwareV1.2.list
 
16:17:45 **** Incremental Build of configuration Debug for project HardwareV1.2 ****
make -j16 all 
arm-none-eabi-gcc "../Core/Src/main.c" -mcpu=cortex-m3 -std=gnu11 -g3 -DDEBUG -DUSE_HAL_DRIVER -DSTM32F103xE -c -I../Core/Inc -I../Drivers/STM32F1xx_HAL_Driver/Inc -I../Drivers/STM32F1xx_HAL_Driver/Inc/Legacy -I../Drivers/CMSIS/Device/ST/STM32F1xx/Include -I../Drivers/CMSIS/Include -I../Middlewares/Third_Party/FreeRTOS/Source/include -I../Middlewares/Third_Party/FreeRTOS/Source/CMSIS_RTOS -I../Middlewares/Third_Party/FreeRTOS/Source/portable/GCC/ARM_CM3 -O0 -ffunction-sections -fdata-sections -Wall -fstack-usage -fcyclomatic-complexity -MMD -MP -MF"Core/Src/main.d" -MT"Core/Src/main.o" --specs=nano.specs -mfloat-abi=soft -mthumb -o "Core/Src/main.o"
In file included from ../Core/Src/main.c:28:
../Core/Inc/function.h:12:15: warning: extra tokens at end of #include directive
   12 | #include"BT.h";
      |               ^
arm-none-eabi-gcc -o "HardwareV1.2.elf" @"objects.list"   -mcpu=cortex-m3 -T"C:\Users\USER\STM32CubeIDE\workspace_1.19.0\Hip-Pro_Hardware_V1.2\HardwareV1.2\STM32F103RCTX_FLASH.ld" --specs=nosys.specs -Wl,-Map="HardwareV1.2.map" -Wl,--gc-sections -static --specs=nano.specs -mfloat-abi=soft -mthumb -Wl,--start-group -lc -lm -Wl,--end-group
Finished building target: HardwareV1.2.elf
 
arm-none-eabi-size  HardwareV1.2.elf 
arm-none-eabi-objdump -h -S HardwareV1.2.elf  > "HardwareV1.2.list"
   text	   data	    bss	    dec	    hex	filename
  47932	    148	   6856	  54936	   d698	HardwareV1.2.elf
Finished building: default.size.stdout
 
Finished building: HardwareV1.2.list
 
16:18:56 **** Incremental Build of configuration Debug for project HardwareV1.2 ****
make -j16 all 
arm-none-eabi-gcc "../Core/Src/main.c" -mcpu=cortex-m3 -std=gnu11 -g3 -DDEBUG -DUSE_HAL_DRIVER -DSTM32F103xE -c -I../Core/Inc -I../Drivers/STM32F1xx_HAL_Driver/Inc -I../Drivers/STM32F1xx_HAL_Driver/Inc/Legacy -I../Drivers/CMSIS/Device/ST/STM32F1xx/Include -I../Drivers/CMSIS/Include -I../Middlewares/Third_Party/FreeRTOS/Source/include -I../Middlewares/Third_Party/FreeRTOS/Source/CMSIS_RTOS -I../Middlewares/Third_Party/FreeRTOS/Source/portable/GCC/ARM_CM3 -O0 -ffunction-sections -fdata-sections -Wall -fstack-usage -fcyclomatic-complexity -MMD -MP -MF"Core/Src/main.d" -MT"Core/Src/main.o" --specs=nano.specs -mfloat-abi=soft -mthumb -o "Core/Src/main.o"
In file included from ../Core/Src/main.c:28:
../Core/Inc/function.h:12:15: warning: extra tokens at end of #include directive
   12 | #include"BT.h";
      |               ^
arm-none-eabi-gcc -o "HardwareV1.2.elf" @"objects.list"   -mcpu=cortex-m3 -T"C:\Users\USER\STM32CubeIDE\workspace_1.19.0\Hip-Pro_Hardware_V1.2\HardwareV1.2\STM32F103RCTX_FLASH.ld" --specs=nosys.specs -Wl,-Map="HardwareV1.2.map" -Wl,--gc-sections -static --specs=nano.specs -mfloat-abi=soft -mthumb -Wl,--start-group -lc -lm -Wl,--end-group
Finished building target: HardwareV1.2.elf
 
arm-none-eabi-size  HardwareV1.2.elf 
arm-none-eabi-objdump -h -S HardwareV1.2.elf  > "HardwareV1.2.list"
   text	   data	    bss	    dec	    hex	filename
  47868	    148	   6856	  54872	   d658	HardwareV1.2.elf
Finished building: default.size.stdout
 
Finished building: HardwareV1.2.list
 
16:19:47 **** Incremental Build of configuration Debug for project HardwareV1.2 ****
make -j16 all 
arm-none-eabi-gcc "../Core/Src/main.c" -mcpu=cortex-m3 -std=gnu11 -g3 -DDEBUG -DUSE_HAL_DRIVER -DSTM32F103xE -c -I../Core/Inc -I../Drivers/STM32F1xx_HAL_Driver/Inc -I../Drivers/STM32F1xx_HAL_Driver/Inc/Legacy -I../Drivers/CMSIS/Device/ST/STM32F1xx/Include -I../Drivers/CMSIS/Include -I../Middlewares/Third_Party/FreeRTOS/Source/include -I../Middlewares/Third_Party/FreeRTOS/Source/CMSIS_RTOS -I../Middlewares/Third_Party/FreeRTOS/Source/portable/GCC/ARM_CM3 -O0 -ffunction-sections -fdata-sections -Wall -fstack-usage -fcyclomatic-complexity -MMD -MP -MF"Core/Src/main.d" -MT"Core/Src/main.o" --specs=nano.specs -mfloat-abi=soft -mthumb -o "Core/Src/main.o"
In file included from ../Core/Src/main.c:28:
../Core/Inc/function.h:12:15: warning: extra tokens at end of #include directive
   12 | #include"BT.h";
      |               ^
arm-none-eabi-gcc -o "HardwareV1.2.elf" @"objects.list"   -mcpu=cortex-m3 -T"C:\Users\USER\STM32CubeIDE\workspace_1.19.0\Hip-Pro_Hardware_V1.2\HardwareV1.2\STM32F103RCTX_FLASH.ld" --specs=nosys.specs -Wl,-Map="HardwareV1.2.map" -Wl,--gc-sections -static --specs=nano.specs -mfloat-abi=soft -mthumb -Wl,--start-group -lc -lm -Wl,--end-group
Finished building target: HardwareV1.2.elf
 
arm-none-eabi-size  HardwareV1.2.elf 
arm-none-eabi-objdump -h -S HardwareV1.2.elf  > "HardwareV1.2.list"
   text	   data	    bss	    dec	    hex	filename
  47932	    148	   6856	  54936	   d698	HardwareV1.2.elf
Finished building: default.size.stdout
 
Finished building: HardwareV1.2.list
 
16:26:54 **** Incremental Build of configuration Debug for project HardwareV1.2 ****
make -j16 all 
arm-none-eabi-gcc "../Core/Src/main.c" -mcpu=cortex-m3 -std=gnu11 -g3 -DDEBUG -DUSE_HAL_DRIVER -DSTM32F103xE -c -I../Core/Inc -I../Drivers/STM32F1xx_HAL_Driver/Inc -I../Drivers/STM32F1xx_HAL_Driver/Inc/Legacy -I../Drivers/CMSIS/Device/ST/STM32F1xx/Include -I../Drivers/CMSIS/Include -I../Middlewares/Third_Party/FreeRTOS/Source/include -I../Middlewares/Third_Party/FreeRTOS/Source/CMSIS_RTOS -I../Middlewares/Third_Party/FreeRTOS/Source/portable/GCC/ARM_CM3 -O0 -ffunction-sections -fdata-sections -Wall -fstack-usage -fcyclomatic-complexity -MMD -MP -MF"Core/Src/main.d" -MT"Core/Src/main.o" --specs=nano.specs -mfloat-abi=soft -mthumb -o "Core/Src/main.o"
In file included from ../Core/Src/main.c:28:
../Core/Inc/function.h:12:15: warning: extra tokens at end of #include directive
   12 | #include"BT.h";
      |               ^
arm-none-eabi-gcc -o "HardwareV1.2.elf" @"objects.list"   -mcpu=cortex-m3 -T"C:\Users\USER\STM32CubeIDE\workspace_1.19.0\Hip-Pro_Hardware_V1.2\HardwareV1.2\STM32F103RCTX_FLASH.ld" --specs=nosys.specs -Wl,-Map="HardwareV1.2.map" -Wl,--gc-sections -static --specs=nano.specs -mfloat-abi=soft -mthumb -Wl,--start-group -lc -lm -Wl,--end-group
Finished building target: HardwareV1.2.elf
 
arm-none-eabi-size  HardwareV1.2.elf 
arm-none-eabi-objdump -h -S HardwareV1.2.elf  > "HardwareV1.2.list"
   text	   data	    bss	    dec	    hex	filename
  47932	    148	   6856	  54936	   d698	HardwareV1.2.elf
Finished building: default.size.stdout
 
Finished building: HardwareV1.2.list
 
16:29:15 **** Incremental Build of configuration Debug for project HardwareV1.2 ****
make -j16 all 
arm-none-eabi-gcc "../Core/Src/main.c" -mcpu=cortex-m3 -std=gnu11 -g3 -DDEBUG -DUSE_HAL_DRIVER -DSTM32F103xE -c -I../Core/Inc -I../Drivers/STM32F1xx_HAL_Driver/Inc -I../Drivers/STM32F1xx_HAL_Driver/Inc/Legacy -I../Drivers/CMSIS/Device/ST/STM32F1xx/Include -I../Drivers/CMSIS/Include -I../Middlewares/Third_Party/FreeRTOS/Source/include -I../Middlewares/Third_Party/FreeRTOS/Source/CMSIS_RTOS -I../Middlewares/Third_Party/FreeRTOS/Source/portable/GCC/ARM_CM3 -O0 -ffunction-sections -fdata-sections -Wall -fstack-usage -fcyclomatic-complexity -MMD -MP -MF"Core/Src/main.d" -MT"Core/Src/main.o" --specs=nano.specs -mfloat-abi=soft -mthumb -o "Core/Src/main.o"
In file included from ../Core/Src/main.c:28:
../Core/Inc/function.h:12:15: warning: extra tokens at end of #include directive
   12 | #include"BT.h";
      |               ^
arm-none-eabi-gcc -o "HardwareV1.2.elf" @"objects.list"   -mcpu=cortex-m3 -T"C:\Users\USER\STM32CubeIDE\workspace_1.19.0\Hip-Pro_Hardware_V1.2\HardwareV1.2\STM32F103RCTX_FLASH.ld" --specs=nosys.specs -Wl,-Map="HardwareV1.2.map" -Wl,--gc-sections -static --specs=nano.specs -mfloat-abi=soft -mthumb -Wl,--start-group -lc -lm -Wl,--end-group
Finished building target: HardwareV1.2.elf
 
arm-none-eabi-size  HardwareV1.2.elf 
arm-none-eabi-objdump -h -S HardwareV1.2.elf  > "HardwareV1.2.list"
   text	   data	    bss	    dec	    hex	filename
  47868	    148	   6856	  54872	   d658	HardwareV1.2.elf
Finished building: default.size.stdout
 
Finished building: HardwareV1.2.list
 
16:31:05 **** Incremental Build of configuration Debug for project HardwareV1.2 ****
make -j16 all 
arm-none-eabi-gcc "../Core/Src/main.c" -mcpu=cortex-m3 -std=gnu11 -g3 -DDEBUG -DUSE_HAL_DRIVER -DSTM32F103xE -c -I../Core/Inc -I../Drivers/STM32F1xx_HAL_Driver/Inc -I../Drivers/STM32F1xx_HAL_Driver/Inc/Legacy -I../Drivers/CMSIS/Device/ST/STM32F1xx/Include -I../Drivers/CMSIS/Include -I../Middlewares/Third_Party/FreeRTOS/Source/include -I../Middlewares/Third_Party/FreeRTOS/Source/CMSIS_RTOS -I../Middlewares/Third_Party/FreeRTOS/Source/portable/GCC/ARM_CM3 -O0 -ffunction-sections -fdata-sections -Wall -fstack-usage -fcyclomatic-complexity -MMD -MP -MF"Core/Src/main.d" -MT"Core/Src/main.o" --specs=nano.specs -mfloat-abi=soft -mthumb -o "Core/Src/main.o"
In file included from ../Core/Src/main.c:28:
../Core/Inc/function.h:12:15: warning: extra tokens at end of #include directive
   12 | #include"BT.h";
      |               ^
arm-none-eabi-gcc -o "HardwareV1.2.elf" @"objects.list"   -mcpu=cortex-m3 -T"C:\Users\USER\STM32CubeIDE\workspace_1.19.0\Hip-Pro_Hardware_V1.2\HardwareV1.2\STM32F103RCTX_FLASH.ld" --specs=nosys.specs -Wl,-Map="HardwareV1.2.map" -Wl,--gc-sections -static --specs=nano.specs -mfloat-abi=soft -mthumb -Wl,--start-group -lc -lm -Wl,--end-group
Finished building target: HardwareV1.2.elf
 
arm-none-eabi-size  HardwareV1.2.elf 
arm-none-eabi-objdump -h -S HardwareV1.2.elf  > "HardwareV1.2.list"
   text	   data	    bss	    dec	    hex	filename
  47932	    148	   6856	  54936	   d698	HardwareV1.2.elf
Finished building: default.size.stdout
 
Finished building: HardwareV1.2.list
 
16:33:20 **** Incremental Build of configuration Debug for project HardwareV1.2 ****
make -j16 all 
arm-none-eabi-gcc "../Core/Src/main.c" -mcpu=cortex-m3 -std=gnu11 -g3 -DDEBUG -DUSE_HAL_DRIVER -DSTM32F103xE -c -I../Core/Inc -I../Drivers/STM32F1xx_HAL_Driver/Inc -I../Drivers/STM32F1xx_HAL_Driver/Inc/Legacy -I../Drivers/CMSIS/Device/ST/STM32F1xx/Include -I../Drivers/CMSIS/Include -I../Middlewares/Third_Party/FreeRTOS/Source/include -I../Middlewares/Third_Party/FreeRTOS/Source/CMSIS_RTOS -I../Middlewares/Third_Party/FreeRTOS/Source/portable/GCC/ARM_CM3 -O0 -ffunction-sections -fdata-sections -Wall -fstack-usage -fcyclomatic-complexity -MMD -MP -MF"Core/Src/main.d" -MT"Core/Src/main.o" --specs=nano.specs -mfloat-abi=soft -mthumb -o "Core/Src/main.o"
In file included from ../Core/Src/main.c:28:
../Core/Inc/function.h:12:15: warning: extra tokens at end of #include directive
   12 | #include"BT.h";
      |               ^
arm-none-eabi-gcc -o "HardwareV1.2.elf" @"objects.list"   -mcpu=cortex-m3 -T"C:\Users\USER\STM32CubeIDE\workspace_1.19.0\Hip-Pro_Hardware_V1.2\HardwareV1.2\STM32F103RCTX_FLASH.ld" --specs=nosys.specs -Wl,-Map="HardwareV1.2.map" -Wl,--gc-sections -static --specs=nano.specs -mfloat-abi=soft -mthumb -Wl,--start-group -lc -lm -Wl,--end-group
Finished building target: HardwareV1.2.elf
 
arm-none-eabi-size  HardwareV1.2.elf 
arm-none-eabi-objdump -h -S HardwareV1.2.elf  > "HardwareV1.2.list"
   text	   data	    bss	    dec	    hex	filename
  47868	    148	   6856	  54872	   d658	HardwareV1.2.elf
Finished building: default.size.stdout
 
Finished building: HardwareV1.2.list
 
17:58:50 **** Incremental Build of configuration Debug for project HardwareV1.2 ****
make -j16 all 
arm-none-eabi-size  HardwareV1.2.elf 
   text	   data	    bss	    dec	    hex	filename
  47868	    148	   6856	  54872	   d658	HardwareV1.2.elf
Finished building: default.size.stdout
 
17:59:29 **** Incremental Build of configuration Debug for project HardwareV1.2 ****
make -j16 all 
arm-none-eabi-size  HardwareV1.2.elf 
   text	   data	    bss	    dec	    hex	filename
  47868	    148	   6856	  54872	   d658	HardwareV1.2.elf
Finished building: default.size.stdout
 
18:00:10 **** Incremental Build of configuration Debug for project HardwareV1.2 ****
make -j16 all 
arm-none-eabi-gcc "../Core/Src/main.c" -mcpu=cortex-m3 -std=gnu11 -g3 -DDEBUG -DUSE_HAL_DRIVER -DSTM32F103xE -c -I../Core/Inc -I../Drivers/STM32F1xx_HAL_Driver/Inc -I../Drivers/STM32F1xx_HAL_Driver/Inc/Legacy -I../Drivers/CMSIS/Device/ST/STM32F1xx/Include -I../Drivers/CMSIS/Include -I../Middlewares/Third_Party/FreeRTOS/Source/include -I../Middlewares/Third_Party/FreeRTOS/Source/CMSIS_RTOS -I../Middlewares/Third_Party/FreeRTOS/Source/portable/GCC/ARM_CM3 -O0 -ffunction-sections -fdata-sections -Wall -fstack-usage -fcyclomatic-complexity -MMD -MP -MF"Core/Src/main.d" -MT"Core/Src/main.o" --specs=nano.specs -mfloat-abi=soft -mthumb -o "Core/Src/main.o"
In file included from ../Core/Src/main.c:28:
../Core/Inc/function.h:12:15: warning: extra tokens at end of #include directive
   12 | #include"BT.h";
      |               ^
arm-none-eabi-gcc -o "HardwareV1.2.elf" @"objects.list"   -mcpu=cortex-m3 -T"C:\Users\USER\STM32CubeIDE\workspace_1.19.0\Hip-Pro_Hardware_V1.2\HardwareV1.2\STM32F103RCTX_FLASH.ld" --specs=nosys.specs -Wl,-Map="HardwareV1.2.map" -Wl,--gc-sections -static --specs=nano.specs -mfloat-abi=soft -mthumb -Wl,--start-group -lc -lm -Wl,--end-group
Finished building target: HardwareV1.2.elf
 
arm-none-eabi-size  HardwareV1.2.elf 
arm-none-eabi-objdump -h -S HardwareV1.2.elf  > "HardwareV1.2.list"
   text	   data	    bss	    dec	    hex	filename
  47500	    148	   6856	  54504	   d4e8	HardwareV1.2.elf
Finished building: default.size.stdout
 
Finished building: HardwareV1.2.list
 
18:10:07 **** Incremental Build of configuration Debug for project HardwareV1.2 ****
make -j16 all 
arm-none-eabi-gcc "../Core/Src/main.c" -mcpu=cortex-m3 -std=gnu11 -g3 -DDEBUG -DUSE_HAL_DRIVER -DSTM32F103xE -c -I../Core/Inc -I../Drivers/STM32F1xx_HAL_Driver/Inc -I../Drivers/STM32F1xx_HAL_Driver/Inc/Legacy -I../Drivers/CMSIS/Device/ST/STM32F1xx/Include -I../Drivers/CMSIS/Include -I../Middlewares/Third_Party/FreeRTOS/Source/include -I../Middlewares/Third_Party/FreeRTOS/Source/CMSIS_RTOS -I../Middlewares/Third_Party/FreeRTOS/Source/portable/GCC/ARM_CM3 -O0 -ffunction-sections -fdata-sections -Wall -fstack-usage -fcyclomatic-complexity -MMD -MP -MF"Core/Src/main.d" -MT"Core/Src/main.o" --specs=nano.specs -mfloat-abi=soft -mthumb -o "Core/Src/main.o"
In file included from ../Core/Src/main.c:28:
../Core/Inc/function.h:12:15: warning: extra tokens at end of #include directive
   12 | #include"BT.h";
      |               ^
arm-none-eabi-gcc -o "HardwareV1.2.elf" @"objects.list"   -mcpu=cortex-m3 -T"C:\Users\USER\STM32CubeIDE\workspace_1.19.0\Hip-Pro_Hardware_V1.2\HardwareV1.2\STM32F103RCTX_FLASH.ld" --specs=nosys.specs -Wl,-Map="HardwareV1.2.map" -Wl,--gc-sections -static --specs=nano.specs -mfloat-abi=soft -mthumb -Wl,--start-group -lc -lm -Wl,--end-group
Finished building target: HardwareV1.2.elf
 
arm-none-eabi-size  HardwareV1.2.elf 
arm-none-eabi-objdump -h -S HardwareV1.2.elf  > "HardwareV1.2.list"
   text	   data	    bss	    dec	    hex	filename
  47500	    148	   6856	  54504	   d4e8	HardwareV1.2.elf
Finished building: default.size.stdout
 
Finished building: HardwareV1.2.list
 
12:53:16 **** Incremental Build of configuration Debug for project HardwareV1.2 ****
make -j16 all 
arm-none-eabi-gcc "../Core/Src/main.c" -mcpu=cortex-m3 -std=gnu11 -g3 -DDEBUG -DUSE_HAL_DRIVER -DSTM32F103xE -c -I../Core/Inc -I../Drivers/STM32F1xx_HAL_Driver/Inc -I../Drivers/STM32F1xx_HAL_Driver/Inc/Legacy -I../Drivers/CMSIS/Device/ST/STM32F1xx/Include -I../Drivers/CMSIS/Include -I../Middlewares/Third_Party/FreeRTOS/Source/include -I../Middlewares/Third_Party/FreeRTOS/Source/CMSIS_RTOS -I../Middlewares/Third_Party/FreeRTOS/Source/portable/GCC/ARM_CM3 -O0 -ffunction-sections -fdata-sections -Wall -fstack-usage -fcyclomatic-complexity -MMD -MP -MF"Core/Src/main.d" -MT"Core/Src/main.o" --specs=nano.specs -mfloat-abi=soft -mthumb -o "Core/Src/main.o"
In file included from ../Core/Src/main.c:28:
../Core/Inc/function.h:12:15: warning: extra tokens at end of #include directive
   12 | #include"BT.h";
      |               ^
arm-none-eabi-gcc -o "HardwareV1.2.elf" @"objects.list"   -mcpu=cortex-m3 -T"C:\Users\USER\STM32CubeIDE\workspace_1.19.0\Hip-Pro_Hardware_V1.2\HardwareV1.2\STM32F103RCTX_FLASH.ld" --specs=nosys.specs -Wl,-Map="HardwareV1.2.map" -Wl,--gc-sections -static --specs=nano.specs -mfloat-abi=soft -mthumb -Wl,--start-group -lc -lm -Wl,--end-group
Finished building target: HardwareV1.2.elf
 
arm-none-eabi-size  HardwareV1.2.elf 
arm-none-eabi-objdump -h -S HardwareV1.2.elf  > "HardwareV1.2.list"
   text	   data	    bss	    dec	    hex	filename
  54764	    148	   6912	  61824	   f180	HardwareV1.2.elf
Finished building: default.size.stdout
 
Finished building: HardwareV1.2.list
 
12:54:16 **** Incremental Build of configuration Debug for project HardwareV1.2 ****
make -j16 all 
arm-none-eabi-size  HardwareV1.2.elf 
   text	   data	    bss	    dec	    hex	filename
  54764	    148	   6912	  61824	   f180	HardwareV1.2.elf
Finished building: default.size.stdout
 
14:33:31 **** Incremental Build of configuration Debug for project HardwareV1.2 ****
make -j16 all 
arm-none-eabi-size  HardwareV1.2.elf 
   text	   data	    bss	    dec	    hex	filename
  54764	    148	   6912	  61824	   f180	HardwareV1.2.elf
Finished building: default.size.stdout
 
14:34:41 **** Incremental Build of configuration Debug for project HardwareV1.2 ****
make -j16 all 
arm-none-eabi-gcc "../Core/Src/main.c" -mcpu=cortex-m3 -std=gnu11 -g3 -DDEBUG -DUSE_HAL_DRIVER -DSTM32F103xE -c -I../Core/Inc -I../Drivers/STM32F1xx_HAL_Driver/Inc -I../Drivers/STM32F1xx_HAL_Driver/Inc/Legacy -I../Drivers/CMSIS/Device/ST/STM32F1xx/Include -I../Drivers/CMSIS/Include -I../Middlewares/Third_Party/FreeRTOS/Source/include -I../Middlewares/Third_Party/FreeRTOS/Source/CMSIS_RTOS -I../Middlewares/Third_Party/FreeRTOS/Source/portable/GCC/ARM_CM3 -O0 -ffunction-sections -fdata-sections -Wall -fstack-usage -fcyclomatic-complexity -MMD -MP -MF"Core/Src/main.d" -MT"Core/Src/main.o" --specs=nano.specs -mfloat-abi=soft -mthumb -o "Core/Src/main.o"
In file included from ../Core/Src/main.c:28:
../Core/Inc/function.h:12:15: warning: extra tokens at end of #include directive
   12 | #include"BT.h";
      |               ^
arm-none-eabi-gcc -o "HardwareV1.2.elf" @"objects.list"   -mcpu=cortex-m3 -T"C:\Users\USER\STM32CubeIDE\workspace_1.19.0\Hip-Pro_Hardware_V1.2\HardwareV1.2\STM32F103RCTX_FLASH.ld" --specs=nosys.specs -Wl,-Map="HardwareV1.2.map" -Wl,--gc-sections -static --specs=nano.specs -mfloat-abi=soft -mthumb -Wl,--start-group -lc -lm -Wl,--end-group
Finished building target: HardwareV1.2.elf
 
arm-none-eabi-size  HardwareV1.2.elf 
arm-none-eabi-objdump -h -S HardwareV1.2.elf  > "HardwareV1.2.list"
   text	   data	    bss	    dec	    hex	filename
  54828	    148	   6912	  61888	   f1c0	HardwareV1.2.elf
Finished building: default.size.stdout
 
Finished building: HardwareV1.2.list
 
15:31:38 **** Incremental Build of configuration Debug for project HardwareV1.2 ****
make -j16 all 
arm-none-eabi-gcc "../Core/Src/main.c" -mcpu=cortex-m3 -std=gnu11 -g3 -DDEBUG -DUSE_HAL_DRIVER -DSTM32F103xE -c -I../Core/Inc -I../Drivers/STM32F1xx_HAL_Driver/Inc -I../Drivers/STM32F1xx_HAL_Driver/Inc/Legacy -I../Drivers/CMSIS/Device/ST/STM32F1xx/Include -I../Drivers/CMSIS/Include -I../Middlewares/Third_Party/FreeRTOS/Source/include -I../Middlewares/Third_Party/FreeRTOS/Source/CMSIS_RTOS -I../Middlewares/Third_Party/FreeRTOS/Source/portable/GCC/ARM_CM3 -O0 -ffunction-sections -fdata-sections -Wall -fstack-usage -fcyclomatic-complexity -MMD -MP -MF"Core/Src/main.d" -MT"Core/Src/main.o" --specs=nano.specs -mfloat-abi=soft -mthumb -o "Core/Src/main.o"
In file included from ../Core/Src/main.c:28:
../Core/Inc/function.h:12:15: warning: extra tokens at end of #include directive
   12 | #include"BT.h";
      |               ^
arm-none-eabi-gcc -o "HardwareV1.2.elf" @"objects.list"   -mcpu=cortex-m3 -T"C:\Users\USER\STM32CubeIDE\workspace_1.19.0\Hip-Pro_Hardware_V1.2\HardwareV1.2\STM32F103RCTX_FLASH.ld" --specs=nosys.specs -Wl,-Map="HardwareV1.2.map" -Wl,--gc-sections -static --specs=nano.specs -mfloat-abi=soft -mthumb -Wl,--start-group -lc -lm -Wl,--end-group
Finished building target: HardwareV1.2.elf
 
arm-none-eabi-size  HardwareV1.2.elf 
arm-none-eabi-objdump -h -S HardwareV1.2.elf  > "HardwareV1.2.list"
   text	   data	    bss	    dec	    hex	filename
  54764	    148	   6912	  61824	   f180	HardwareV1.2.elf
Finished building: default.size.stdout
 
Finished building: HardwareV1.2.list
 
15:34:08 **** Incremental Build of configuration Debug for project HardwareV1.2 ****
make -j16 all 
arm-none-eabi-size  HardwareV1.2.elf 
   text	   data	    bss	    dec	    hex	filename
  54764	    148	   6912	  61824	   f180	HardwareV1.2.elf
Finished building: default.size.stdout
 
15:34:53 **** Incremental Build of configuration Debug for project HardwareV1.2 ****
make -j16 all 
arm-none-eabi-size  HardwareV1.2.elf 
   text	   data	    bss	    dec	    hex	filename
  54764	    148	   6912	  61824	   f180	HardwareV1.2.elf
Finished building: default.size.stdout
 
15:35:19 **** Incremental Build of configuration Debug for project HardwareV1.2 ****
make -j16 all 
arm-none-eabi-size  HardwareV1.2.elf 
   text	   data	    bss	    dec	    hex	filename
  54764	    148	   6912	  61824	   f180	HardwareV1.2.elf
Finished building: default.size.stdout
 
15:37:23 **** Incremental Build of configuration Debug for project HardwareV1.2 ****
make -j16 all 
arm-none-eabi-size  HardwareV1.2.elf 
   text	   data	    bss	    dec	    hex	filename
  54764	    148	   6912	  61824	   f180	HardwareV1.2.elf
Finished building: default.size.stdout
 
15:39:47 **** Incremental Build of configuration Debug for project HardwareV1.2 ****
make -j16 all 
arm-none-eabi-size  HardwareV1.2.elf 
   text	   data	    bss	    dec	    hex	filename
  54764	    148	   6912	  61824	   f180	HardwareV1.2.elf
Finished building: default.size.stdout
 
15:42:31 **** Incremental Build of configuration Debug for project HardwareV1.2 ****
make -j16 all 
arm-none-eabi-size  HardwareV1.2.elf 
   text	   data	    bss	    dec	    hex	filename
  54764	    148	   6912	  61824	   f180	HardwareV1.2.elf
Finished building: default.size.stdout
 
15:46:56 **** Incremental Build of configuration Debug for project HardwareV1.2 ****
make -j16 all 
arm-none-eabi-gcc "../Core/Src/GPIO.c" -mcpu=cortex-m3 -std=gnu11 -g3 -DDEBUG -DUSE_HAL_DRIVER -DSTM32F103xE -c -I../Core/Inc -I../Drivers/STM32F1xx_HAL_Driver/Inc -I../Drivers/STM32F1xx_HAL_Driver/Inc/Legacy -I../Drivers/CMSIS/Device/ST/STM32F1xx/Include -I../Drivers/CMSIS/Include -I../Middlewares/Third_Party/FreeRTOS/Source/include -I../Middlewares/Third_Party/FreeRTOS/Source/CMSIS_RTOS -I../Middlewares/Third_Party/FreeRTOS/Source/portable/GCC/ARM_CM3 -O0 -ffunction-sections -fdata-sections -Wall -fstack-usage -fcyclomatic-complexity -MMD -MP -MF"Core/Src/GPIO.d" -MT"Core/Src/GPIO.o" --specs=nano.specs -mfloat-abi=soft -mthumb -o "Core/Src/GPIO.o"
arm-none-eabi-gcc "../Core/Src/main.c" -mcpu=cortex-m3 -std=gnu11 -g3 -DDEBUG -DUSE_HAL_DRIVER -DSTM32F103xE -c -I../Core/Inc -I../Drivers/STM32F1xx_HAL_Driver/Inc -I../Drivers/STM32F1xx_HAL_Driver/Inc/Legacy -I../Drivers/CMSIS/Device/ST/STM32F1xx/Include -I../Drivers/CMSIS/Include -I../Middlewares/Third_Party/FreeRTOS/Source/include -I../Middlewares/Third_Party/FreeRTOS/Source/CMSIS_RTOS -I../Middlewares/Third_Party/FreeRTOS/Source/portable/GCC/ARM_CM3 -O0 -ffunction-sections -fdata-sections -Wall -fstack-usage -fcyclomatic-complexity -MMD -MP -MF"Core/Src/main.d" -MT"Core/Src/main.o" --specs=nano.specs -mfloat-abi=soft -mthumb -o "Core/Src/main.o"
../Core/Src/GPIO.c: In function 'Battery_level':
../Core/Src/GPIO.c:49:17: warning: implicit declaration of function 'vTaskDelay' [-Wimplicit-function-declaration]
   49 |                 vTaskDelay(1000);
      |                 ^~~~~~~~~~
../Core/Src/GPIO.c: In function 'BUZZER_ON':
../Core/Src/GPIO.c:113:53: warning: implicit declaration of function 'delay_us' [-Wimplicit-function-declaration]
  113 |                                                     delay_us(125);   // 125 µs half-period → 4 kHz
      |                                                     ^~~~~~~~
In file included from ../Core/Src/main.c:28:
../Core/Inc/function.h:12:15: warning: extra tokens at end of #include directive
   12 | #include"BT.h";
      |               ^
arm-none-eabi-gcc -o "HardwareV1.2.elf" @"objects.list"   -mcpu=cortex-m3 -T"C:\Users\USER\STM32CubeIDE\workspace_1.19.0\Hip-Pro_Hardware_V1.2\HardwareV1.2\STM32F103RCTX_FLASH.ld" --specs=nosys.specs -Wl,-Map="HardwareV1.2.map" -Wl,--gc-sections -static --specs=nano.specs -mfloat-abi=soft -mthumb -Wl,--start-group -lc -lm -Wl,--end-group
Finished building target: HardwareV1.2.elf
 
arm-none-eabi-size  HardwareV1.2.elf 
arm-none-eabi-objdump -h -S HardwareV1.2.elf  > "HardwareV1.2.list"
   text	   data	    bss	    dec	    hex	filename
  54828	    148	   6912	  61888	   f1c0	HardwareV1.2.elf
Finished building: default.size.stdout
 
Finished building: HardwareV1.2.list
 
15:48:39 **** Incremental Build of configuration Debug for project HardwareV1.2 ****
make -j16 all 
arm-none-eabi-size  HardwareV1.2.elf 
   text	   data	    bss	    dec	    hex	filename
  54828	    148	   6912	  61888	   f1c0	HardwareV1.2.elf
Finished building: default.size.stdout
 
15:49:09 **** Incremental Build of configuration Debug for project HardwareV1.2 ****
make -j16 all 
arm-none-eabi-size  HardwareV1.2.elf 
   text	   data	    bss	    dec	    hex	filename
  54828	    148	   6912	  61888	   f1c0	HardwareV1.2.elf
Finished building: default.size.stdout
 
15:50:46 **** Incremental Build of configuration Debug for project HardwareV1.2 ****
make -j16 all 
arm-none-eabi-gcc "../Core/Src/GPIO.c" -mcpu=cortex-m3 -std=gnu11 -g3 -DDEBUG -DUSE_HAL_DRIVER -DSTM32F103xE -c -I../Core/Inc -I../Drivers/STM32F1xx_HAL_Driver/Inc -I../Drivers/STM32F1xx_HAL_Driver/Inc/Legacy -I../Drivers/CMSIS/Device/ST/STM32F1xx/Include -I../Drivers/CMSIS/Include -I../Middlewares/Third_Party/FreeRTOS/Source/include -I../Middlewares/Third_Party/FreeRTOS/Source/CMSIS_RTOS -I../Middlewares/Third_Party/FreeRTOS/Source/portable/GCC/ARM_CM3 -O0 -ffunction-sections -fdata-sections -Wall -fstack-usage -fcyclomatic-complexity -MMD -MP -MF"Core/Src/GPIO.d" -MT"Core/Src/GPIO.o" --specs=nano.specs -mfloat-abi=soft -mthumb -o "Core/Src/GPIO.o"
../Core/Src/GPIO.c: In function 'Battery_level':
../Core/Src/GPIO.c:49:17: warning: implicit declaration of function 'vTaskDelay' [-Wimplicit-function-declaration]
   49 |                 vTaskDelay(1000);
      |                 ^~~~~~~~~~
../Core/Src/GPIO.c: In function 'BUZZER_ON':
../Core/Src/GPIO.c:113:53: warning: implicit declaration of function 'delay_us' [-Wimplicit-function-declaration]
  113 |                                                     delay_us(110);   // 125 µs half-period → 4 kHz
      |                                                     ^~~~~~~~
arm-none-eabi-gcc -o "HardwareV1.2.elf" @"objects.list"   -mcpu=cortex-m3 -T"C:\Users\USER\STM32CubeIDE\workspace_1.19.0\Hip-Pro_Hardware_V1.2\HardwareV1.2\STM32F103RCTX_FLASH.ld" --specs=nosys.specs -Wl,-Map="HardwareV1.2.map" -Wl,--gc-sections -static --specs=nano.specs -mfloat-abi=soft -mthumb -Wl,--start-group -lc -lm -Wl,--end-group
Finished building target: HardwareV1.2.elf
 
arm-none-eabi-size  HardwareV1.2.elf 
arm-none-eabi-objdump -h -S HardwareV1.2.elf  > "HardwareV1.2.list"
   text	   data	    bss	    dec	    hex	filename
  54828	    148	   6912	  61888	   f1c0	HardwareV1.2.elf
Finished building: default.size.stdout
 
Finished building: HardwareV1.2.list
 
15:54:12 **** Incremental Build of configuration Debug for project HardwareV1.2 ****
make -j16 all 
arm-none-eabi-gcc "../Core/Src/GPIO.c" -mcpu=cortex-m3 -std=gnu11 -g3 -DDEBUG -DUSE_HAL_DRIVER -DSTM32F103xE -c -I../Core/Inc -I../Drivers/STM32F1xx_HAL_Driver/Inc -I../Drivers/STM32F1xx_HAL_Driver/Inc/Legacy -I../Drivers/CMSIS/Device/ST/STM32F1xx/Include -I../Drivers/CMSIS/Include -I../Middlewares/Third_Party/FreeRTOS/Source/include -I../Middlewares/Third_Party/FreeRTOS/Source/CMSIS_RTOS -I../Middlewares/Third_Party/FreeRTOS/Source/portable/GCC/ARM_CM3 -O0 -ffunction-sections -fdata-sections -Wall -fstack-usage -fcyclomatic-complexity -MMD -MP -MF"Core/Src/GPIO.d" -MT"Core/Src/GPIO.o" --specs=nano.specs -mfloat-abi=soft -mthumb -o "Core/Src/GPIO.o"
../Core/Src/GPIO.c: In function 'Battery_level':
../Core/Src/GPIO.c:49:17: warning: implicit declaration of function 'vTaskDelay' [-Wimplicit-function-declaration]
   49 |                 vTaskDelay(1000);
      |                 ^~~~~~~~~~
../Core/Src/GPIO.c: In function 'BUZZER_ON':
../Core/Src/GPIO.c:113:61: warning: implicit declaration of function 'delay_us' [-Wimplicit-function-declaration]
  113 |                                                             delay_us(125);   // half period (125 us)
      |                                                             ^~~~~~~~
arm-none-eabi-gcc -o "HardwareV1.2.elf" @"objects.list"   -mcpu=cortex-m3 -T"C:\Users\USER\STM32CubeIDE\workspace_1.19.0\Hip-Pro_Hardware_V1.2\HardwareV1.2\STM32F103RCTX_FLASH.ld" --specs=nosys.specs -Wl,-Map="HardwareV1.2.map" -Wl,--gc-sections -static --specs=nano.specs -mfloat-abi=soft -mthumb -Wl,--start-group -lc -lm -Wl,--end-group
Finished building target: HardwareV1.2.elf
 
arm-none-eabi-size  HardwareV1.2.elf 
arm-none-eabi-objdump -h -S HardwareV1.2.elf  > "HardwareV1.2.list"
   text	   data	    bss	    dec	    hex	filename
  54844	    148	   6912	  61904	   f1d0	HardwareV1.2.elf
Finished building: default.size.stdout
 
Finished building: HardwareV1.2.list
 
15:56:14 **** Incremental Build of configuration Debug for project HardwareV1.2 ****
make -j16 all 
arm-none-eabi-gcc "../Core/Src/GPIO.c" -mcpu=cortex-m3 -std=gnu11 -g3 -DDEBUG -DUSE_HAL_DRIVER -DSTM32F103xE -c -I../Core/Inc -I../Drivers/STM32F1xx_HAL_Driver/Inc -I../Drivers/STM32F1xx_HAL_Driver/Inc/Legacy -I../Drivers/CMSIS/Device/ST/STM32F1xx/Include -I../Drivers/CMSIS/Include -I../Middlewares/Third_Party/FreeRTOS/Source/include -I../Middlewares/Third_Party/FreeRTOS/Source/CMSIS_RTOS -I../Middlewares/Third_Party/FreeRTOS/Source/portable/GCC/ARM_CM3 -O0 -ffunction-sections -fdata-sections -Wall -fstack-usage -fcyclomatic-complexity -MMD -MP -MF"Core/Src/GPIO.d" -MT"Core/Src/GPIO.o" --specs=nano.specs -mfloat-abi=soft -mthumb -o "Core/Src/GPIO.o"
../Core/Src/GPIO.c: In function 'Battery_level':
../Core/Src/GPIO.c:49:17: warning: implicit declaration of function 'vTaskDelay' [-Wimplicit-function-declaration]
   49 |                 vTaskDelay(1000);
      |                 ^~~~~~~~~~
../Core/Src/GPIO.c: In function 'BUZZER_ON':
../Core/Src/GPIO.c:113:61: warning: implicit declaration of function 'delay_us' [-Wimplicit-function-declaration]
  113 |                                                             delay_us(250);   // half period (125 us)
      |                                                             ^~~~~~~~
arm-none-eabi-gcc -o "HardwareV1.2.elf" @"objects.list"   -mcpu=cortex-m3 -T"C:\Users\USER\STM32CubeIDE\workspace_1.19.0\Hip-Pro_Hardware_V1.2\HardwareV1.2\STM32F103RCTX_FLASH.ld" --specs=nosys.specs -Wl,-Map="HardwareV1.2.map" -Wl,--gc-sections -static --specs=nano.specs -mfloat-abi=soft -mthumb -Wl,--start-group -lc -lm -Wl,--end-group
Finished building target: HardwareV1.2.elf
 
arm-none-eabi-size  HardwareV1.2.elf 
arm-none-eabi-objdump -h -S HardwareV1.2.elf  > "HardwareV1.2.list"
   text	   data	    bss	    dec	    hex	filename
  54844	    148	   6912	  61904	   f1d0	HardwareV1.2.elf
Finished building: default.size.stdout
 
Finished building: HardwareV1.2.list
 
16:02:21 **** Incremental Build of configuration Debug for project HardwareV1.2 ****
make -j16 all 
arm-none-eabi-gcc "../Core/Src/main.c" -mcpu=cortex-m3 -std=gnu11 -g3 -DDEBUG -DUSE_HAL_DRIVER -DSTM32F103xE -c -I../Core/Inc -I../Drivers/STM32F1xx_HAL_Driver/Inc -I../Drivers/STM32F1xx_HAL_Driver/Inc/Legacy -I../Drivers/CMSIS/Device/ST/STM32F1xx/Include -I../Drivers/CMSIS/Include -I../Middlewares/Third_Party/FreeRTOS/Source/include -I../Middlewares/Third_Party/FreeRTOS/Source/CMSIS_RTOS -I../Middlewares/Third_Party/FreeRTOS/Source/portable/GCC/ARM_CM3 -O0 -ffunction-sections -fdata-sections -Wall -fstack-usage -fcyclomatic-complexity -MMD -MP -MF"Core/Src/main.d" -MT"Core/Src/main.o" --specs=nano.specs -mfloat-abi=soft -mthumb -o "Core/Src/main.o"
In file included from ../Core/Src/main.c:28:
../Core/Inc/function.h:12:15: warning: extra tokens at end of #include directive
   12 | #include"BT.h";
      |               ^
arm-none-eabi-gcc -o "HardwareV1.2.elf" @"objects.list"   -mcpu=cortex-m3 -T"C:\Users\USER\STM32CubeIDE\workspace_1.19.0\Hip-Pro_Hardware_V1.2\HardwareV1.2\STM32F103RCTX_FLASH.ld" --specs=nosys.specs -Wl,-Map="HardwareV1.2.map" -Wl,--gc-sections -static --specs=nano.specs -mfloat-abi=soft -mthumb -Wl,--start-group -lc -lm -Wl,--end-group
Finished building target: HardwareV1.2.elf
 
arm-none-eabi-size  HardwareV1.2.elf 
arm-none-eabi-objdump -h -S HardwareV1.2.elf  > "HardwareV1.2.list"
   text	   data	    bss	    dec	    hex	filename
  54860	    148	   6912	  61920	   f1e0	HardwareV1.2.elf
Finished building: default.size.stdout
 
Finished building: HardwareV1.2.list
 
16:03:39 **** Incremental Build of configuration Debug for project HardwareV1.2 ****
make -j16 all 
arm-none-eabi-gcc "../Core/Src/GPIO.c" -mcpu=cortex-m3 -std=gnu11 -g3 -DDEBUG -DUSE_HAL_DRIVER -DSTM32F103xE -c -I../Core/Inc -I../Drivers/STM32F1xx_HAL_Driver/Inc -I../Drivers/STM32F1xx_HAL_Driver/Inc/Legacy -I../Drivers/CMSIS/Device/ST/STM32F1xx/Include -I../Drivers/CMSIS/Include -I../Middlewares/Third_Party/FreeRTOS/Source/include -I../Middlewares/Third_Party/FreeRTOS/Source/CMSIS_RTOS -I../Middlewares/Third_Party/FreeRTOS/Source/portable/GCC/ARM_CM3 -O0 -ffunction-sections -fdata-sections -Wall -fstack-usage -fcyclomatic-complexity -MMD -MP -MF"Core/Src/GPIO.d" -MT"Core/Src/GPIO.o" --specs=nano.specs -mfloat-abi=soft -mthumb -o "Core/Src/GPIO.o"
arm-none-eabi-gcc "../Core/Src/main.c" -mcpu=cortex-m3 -std=gnu11 -g3 -DDEBUG -DUSE_HAL_DRIVER -DSTM32F103xE -c -I../Core/Inc -I../Drivers/STM32F1xx_HAL_Driver/Inc -I../Drivers/STM32F1xx_HAL_Driver/Inc/Legacy -I../Drivers/CMSIS/Device/ST/STM32F1xx/Include -I../Drivers/CMSIS/Include -I../Middlewares/Third_Party/FreeRTOS/Source/include -I../Middlewares/Third_Party/FreeRTOS/Source/CMSIS_RTOS -I../Middlewares/Third_Party/FreeRTOS/Source/portable/GCC/ARM_CM3 -O0 -ffunction-sections -fdata-sections -Wall -fstack-usage -fcyclomatic-complexity -MMD -MP -MF"Core/Src/main.d" -MT"Core/Src/main.o" --specs=nano.specs -mfloat-abi=soft -mthumb -o "Core/Src/main.o"
../Core/Src/GPIO.c: In function 'Battery_level':
../Core/Src/GPIO.c:49:17: warning: implicit declaration of function 'vTaskDelay' [-Wimplicit-function-declaration]
   49 |                 vTaskDelay(1000);
      |                 ^~~~~~~~~~
../Core/Src/GPIO.c: In function 'BUZZER_ON':
../Core/Src/GPIO.c:113:61: warning: implicit declaration of function 'delay_us' [-Wimplicit-function-declaration]
  113 |                                                             delay_us(300);   // half period (125 us)
      |                                                             ^~~~~~~~
In file included from ../Core/Src/main.c:28:
../Core/Inc/function.h:12:15: warning: extra tokens at end of #include directive
   12 | #include"BT.h";
      |               ^
arm-none-eabi-gcc -o "HardwareV1.2.elf" @"objects.list"   -mcpu=cortex-m3 -T"C:\Users\USER\STM32CubeIDE\workspace_1.19.0\Hip-Pro_Hardware_V1.2\HardwareV1.2\STM32F103RCTX_FLASH.ld" --specs=nosys.specs -Wl,-Map="HardwareV1.2.map" -Wl,--gc-sections -static --specs=nano.specs -mfloat-abi=soft -mthumb -Wl,--start-group -lc -lm -Wl,--end-group
Finished building target: HardwareV1.2.elf
 
arm-none-eabi-size  HardwareV1.2.elf 
arm-none-eabi-objdump -h -S HardwareV1.2.elf  > "HardwareV1.2.list"
   text	   data	    bss	    dec	    hex	filename
  54844	    148	   6912	  61904	   f1d0	HardwareV1.2.elf
Finished building: default.size.stdout
 
Finished building: HardwareV1.2.list
 
16:04:22 **** Incremental Build of configuration Debug for project HardwareV1.2 ****
make -j16 all 
arm-none-eabi-gcc "../Core/Src/GPIO.c" -mcpu=cortex-m3 -std=gnu11 -g3 -DDEBUG -DUSE_HAL_DRIVER -DSTM32F103xE -c -I../Core/Inc -I../Drivers/STM32F1xx_HAL_Driver/Inc -I../Drivers/STM32F1xx_HAL_Driver/Inc/Legacy -I../Drivers/CMSIS/Device/ST/STM32F1xx/Include -I../Drivers/CMSIS/Include -I../Middlewares/Third_Party/FreeRTOS/Source/include -I../Middlewares/Third_Party/FreeRTOS/Source/CMSIS_RTOS -I../Middlewares/Third_Party/FreeRTOS/Source/portable/GCC/ARM_CM3 -O0 -ffunction-sections -fdata-sections -Wall -fstack-usage -fcyclomatic-complexity -MMD -MP -MF"Core/Src/GPIO.d" -MT"Core/Src/GPIO.o" --specs=nano.specs -mfloat-abi=soft -mthumb -o "Core/Src/GPIO.o"
../Core/Src/GPIO.c: In function 'Battery_level':
../Core/Src/GPIO.c:49:17: warning: implicit declaration of function 'vTaskDelay' [-Wimplicit-function-declaration]
   49 |                 vTaskDelay(1000);
      |                 ^~~~~~~~~~
../Core/Src/GPIO.c: In function 'BUZZER_ON':
../Core/Src/GPIO.c:113:61: warning: implicit declaration of function 'delay_us' [-Wimplicit-function-declaration]
  113 |                                                             delay_us(400);   // half period (125 us)
      |                                                             ^~~~~~~~
arm-none-eabi-gcc -o "HardwareV1.2.elf" @"objects.list"   -mcpu=cortex-m3 -T"C:\Users\USER\STM32CubeIDE\workspace_1.19.0\Hip-Pro_Hardware_V1.2\HardwareV1.2\STM32F103RCTX_FLASH.ld" --specs=nosys.specs -Wl,-Map="HardwareV1.2.map" -Wl,--gc-sections -static --specs=nano.specs -mfloat-abi=soft -mthumb -Wl,--start-group -lc -lm -Wl,--end-group
Finished building target: HardwareV1.2.elf
 
arm-none-eabi-size  HardwareV1.2.elf 
arm-none-eabi-objdump -h -S HardwareV1.2.elf  > "HardwareV1.2.list"
   text	   data	    bss	    dec	    hex	filename
  54844	    148	   6912	  61904	   f1d0	HardwareV1.2.elf
Finished building: default.size.stdout
 
Finished building: HardwareV1.2.list
 
16:04:53 **** Incremental Build of configuration Debug for project HardwareV1.2 ****
make -j16 all 
arm-none-eabi-gcc "../Core/Src/GPIO.c" -mcpu=cortex-m3 -std=gnu11 -g3 -DDEBUG -DUSE_HAL_DRIVER -DSTM32F103xE -c -I../Core/Inc -I../Drivers/STM32F1xx_HAL_Driver/Inc -I../Drivers/STM32F1xx_HAL_Driver/Inc/Legacy -I../Drivers/CMSIS/Device/ST/STM32F1xx/Include -I../Drivers/CMSIS/Include -I../Middlewares/Third_Party/FreeRTOS/Source/include -I../Middlewares/Third_Party/FreeRTOS/Source/CMSIS_RTOS -I../Middlewares/Third_Party/FreeRTOS/Source/portable/GCC/ARM_CM3 -O0 -ffunction-sections -fdata-sections -Wall -fstack-usage -fcyclomatic-complexity -MMD -MP -MF"Core/Src/GPIO.d" -MT"Core/Src/GPIO.o" --specs=nano.specs -mfloat-abi=soft -mthumb -o "Core/Src/GPIO.o"
../Core/Src/GPIO.c: In function 'Battery_level':
../Core/Src/GPIO.c:49:17: warning: implicit declaration of function 'vTaskDelay' [-Wimplicit-function-declaration]
   49 |                 vTaskDelay(1000);
      |                 ^~~~~~~~~~
../Core/Src/GPIO.c: In function 'BUZZER_ON':
../Core/Src/GPIO.c:113:61: warning: implicit declaration of function 'delay_us' [-Wimplicit-function-declaration]
  113 |                                                             delay_us(100);   // half period (125 us)
      |                                                             ^~~~~~~~
arm-none-eabi-gcc -o "HardwareV1.2.elf" @"objects.list"   -mcpu=cortex-m3 -T"C:\Users\USER\STM32CubeIDE\workspace_1.19.0\Hip-Pro_Hardware_V1.2\HardwareV1.2\STM32F103RCTX_FLASH.ld" --specs=nosys.specs -Wl,-Map="HardwareV1.2.map" -Wl,--gc-sections -static --specs=nano.specs -mfloat-abi=soft -mthumb -Wl,--start-group -lc -lm -Wl,--end-group
Finished building target: HardwareV1.2.elf
 
arm-none-eabi-size  HardwareV1.2.elf 
arm-none-eabi-objdump -h -S HardwareV1.2.elf  > "HardwareV1.2.list"
   text	   data	    bss	    dec	    hex	filename
  54844	    148	   6912	  61904	   f1d0	HardwareV1.2.elf
Finished building: default.size.stdout
 
Finished building: HardwareV1.2.list
 
16:10:18 **** Incremental Build of configuration Debug for project HardwareV1.2 ****
make -j16 all 
arm-none-eabi-gcc "../Core/Src/GPIO.c" -mcpu=cortex-m3 -std=gnu11 -g3 -DDEBUG -DUSE_HAL_DRIVER -DSTM32F103xE -c -I../Core/Inc -I../Drivers/STM32F1xx_HAL_Driver/Inc -I../Drivers/STM32F1xx_HAL_Driver/Inc/Legacy -I../Drivers/CMSIS/Device/ST/STM32F1xx/Include -I../Drivers/CMSIS/Include -I../Middlewares/Third_Party/FreeRTOS/Source/include -I../Middlewares/Third_Party/FreeRTOS/Source/CMSIS_RTOS -I../Middlewares/Third_Party/FreeRTOS/Source/portable/GCC/ARM_CM3 -O0 -ffunction-sections -fdata-sections -Wall -fstack-usage -fcyclomatic-complexity -MMD -MP -MF"Core/Src/GPIO.d" -MT"Core/Src/GPIO.o" --specs=nano.specs -mfloat-abi=soft -mthumb -o "Core/Src/GPIO.o"
../Core/Src/GPIO.c: In function 'Battery_level':
../Core/Src/GPIO.c:49:17: warning: implicit declaration of function 'vTaskDelay' [-Wimplicit-function-declaration]
   49 |                 vTaskDelay(1000);
      |                 ^~~~~~~~~~
../Core/Src/GPIO.c: In function 'BUZZER_ON':
../Core/Src/GPIO.c:113:61: warning: implicit declaration of function 'delay_us' [-Wimplicit-function-declaration]
[...]
make -j16 all 
arm-none-eabi-gcc "../Core/Src/GPIO.c" -mcpu=cortex-m3 -std=gnu11 -g3 -DDEBUG -DUSE_HAL_DRIVER -DSTM32F103xE -c -I../Core/Inc -I../Drivers/STM32F1xx_HAL_Driver/Inc -I../Drivers/STM32F1xx_HAL_Driver/Inc/Legacy -I../Drivers/CMSIS/Device/ST/STM32F1xx/Include -I../Drivers/CMSIS/Include -I../Middlewares/Third_Party/FreeRTOS/Source/include -I../Middlewares/Third_Party/FreeRTOS/Source/CMSIS_RTOS -I../Middlewares/Third_Party/FreeRTOS/Source/portable/GCC/ARM_CM3 -O0 -ffunction-sections -fdata-sections -Wall -fstack-usage -fcyclomatic-complexity -MMD -MP -MF"Core/Src/GPIO.d" -MT"Core/Src/GPIO.o" --specs=nano.specs -mfloat-abi=soft -mthumb -o "Core/Src/GPIO.o"
arm-none-eabi-gcc "../Core/Src/W25Qxx.c" -mcpu=cortex-m3 -std=gnu11 -g3 -DDEBUG -DUSE_HAL_DRIVER -DSTM32F103xE -c -I../Core/Inc -I../Drivers/STM32F1xx_HAL_Driver/Inc -I../Drivers/STM32F1xx_HAL_Driver/Inc/Legacy -I../Drivers/CMSIS/Device/ST/STM32F1xx/Include -I../Drivers/CMSIS/Include -I../Middlewares/Third_Party/FreeRTOS/Source/include -I../Middlewares/Third_Party/FreeRTOS/Source/CMSIS_RTOS -I../Middlewares/Third_Party/FreeRTOS/Source/portable/GCC/ARM_CM3 -O0 -ffunction-sections -fdata-sections -Wall -fstack-usage -fcyclomatic-complexity -MMD -MP -MF"Core/Src/W25Qxx.d" -MT"Core/Src/W25Qxx.o" --specs=nano.specs -mfloat-abi=soft -mthumb -o "Core/Src/W25Qxx.o"
arm-none-eabi-gcc "../Core/Src/freertos.c" -mcpu=cortex-m3 -std=gnu11 -g3 -DDEBUG -DUSE_HAL_DRIVER -DSTM32F103xE -c -I../Core/Inc -I../Drivers/STM32F1xx_HAL_Driver/Inc -I../Drivers/STM32F1xx_HAL_Driver/Inc/Legacy -I../Drivers/CMSIS/Device/ST/STM32F1xx/Include -I../Drivers/CMSIS/Include -I../Middlewares/Third_Party/FreeRTOS/Source/include -I../Middlewares/Third_Party/FreeRTOS/Source/CMSIS_RTOS -I../Middlewares/Third_Party/FreeRTOS/Source/portable/GCC/ARM_CM3 -O0 -ffunction-sections -fdata-sections -Wall -fstack-usage -fcyclomatic-complexity -MMD -MP -MF"Core/Src/freertos.d" -MT"Core/Src/freertos.o" --specs=nano.specs -mfloat-abi=soft -mthumb -o "Core/Src/freertos.o"
arm-none-eabi-gcc "../Core/Src/function.c" -mcpu=cortex-m3 -std=gnu11 -g3 -DDEBUG -DUSE_HAL_DRIVER -DSTM32F103xE -c -I../Core/Inc -I../Drivers/STM32F1xx_HAL_Driver/Inc -I../Drivers/STM32F1xx_HAL_Driver/Inc/Legacy -I../Drivers/CMSIS/Device/ST/STM32F1xx/Include -I../Drivers/CMSIS/Include -I../Middlewares/Third_Party/FreeRTOS/Source/include -I../Middlewares/Third_Party/FreeRTOS/Source/CMSIS_RTOS -I../Middlewares/Third_Party/FreeRTOS/Source/portable/GCC/ARM_CM3 -O0 -ffunction-sections -fdata-sections -Wall -fstack-usage -fcyclomatic-complexity -MMD -MP -MF"Core/Src/function.d" -MT"Core/Src/function.o" --specs=nano.specs -mfloat-abi=soft -mthumb -o "Core/Src/function.o"
arm-none-eabi-gcc "../Core/Src/main.c" -mcpu=cortex-m3 -std=gnu11 -g3 -DDEBUG -DUSE_HAL_DRIVER -DSTM32F103xE -c -I../Core/Inc -I../Drivers/STM32F1xx_HAL_Driver/Inc -I../Drivers/STM32F1xx_HAL_Driver/Inc/Legacy -I../Drivers/CMSIS/Device/ST/STM32F1xx/Include -I../Drivers/CMSIS/Include -I../Middlewares/Third_Party/FreeRTOS/Source/include -I../Middlewares/Third_Party/FreeRTOS/Source/CMSIS_RTOS -I../Middlewares/Third_Party/FreeRTOS/Source/portable/GCC/ARM_CM3 -O0 -ffunction-sections -fdata-sections -Wall -fstack-usage -fcyclomatic-complexity -MMD -MP -MF"Core/Src/main.d" -MT"Core/Src/main.o" --specs=nano.specs -mfloat-abi=soft -mthumb -o "Core/Src/main.o"
arm-none-eabi-gcc "../Core/Src/stm32f1xx_hal_msp.c" -mcpu=cortex-m3 -std=gnu11 -g3 -DDEBUG -DUSE_HAL_DRIVER -DSTM32F103xE -c -I../Core/Inc -I../Drivers/STM32F1xx_HAL_Driver/Inc -I../Drivers/STM32F1xx_HAL_Driver/Inc/Legacy -I../Drivers/CMSIS/Device/ST/STM32F1xx/Include -I../Drivers/CMSIS/Include -I../Middlewares/Third_Party/FreeRTOS/Source/include -I../Middlewares/Third_Party/FreeRTOS/Source/CMSIS_RTOS -I../Middlewares/Third_Party/FreeRTOS/Source/portable/GCC/ARM_CM3 -O0 -ffunction-sections -fdata-sections -Wall -fstack-usage -fcyclomatic-complexity -MMD -MP -MF"Core/Src/stm32f1xx_hal_msp.d" -MT"Core/Src/stm32f1xx_hal_msp.o" --specs=nano.specs -mfloat-abi=soft -mthumb -o "Core/Src/stm32f1xx_hal_msp.o"
arm-none-eabi-gcc "../Core/Src/stm32f1xx_it.c" -mcpu=cortex-m3 -std=gnu11 -g3 -DDEBUG -DUSE_HAL_DRIVER -DSTM32F103xE -c -I../Core/Inc -I../Drivers/STM32F1xx_HAL_Driver/Inc -I../Drivers/STM32F1xx_HAL_Driver/Inc/Legacy -I../Drivers/CMSIS/Device/ST/STM32F1xx/Include -I../Drivers/CMSIS/Include -I../Middlewares/Third_Party/FreeRTOS/Source/include -I../Middlewares/Third_Party/FreeRTOS/Source/CMSIS_RTOS -I../Middlewares/Third_Party/FreeRTOS/Source/portable/GCC/ARM_CM3 -O0 -ffunction-sections -fdata-sections -Wall -fstack-usage -fcyclomatic-complexity -MMD -MP -MF"Core/Src/stm32f1xx_it.d" -MT"Core/Src/stm32f1xx_it.o" --specs=nano.specs -mfloat-abi=soft -mthumb -o "Core/Src/stm32f1xx_it.o"
In file included from ../Core/Src/function.c:7:
../Core/Inc/function.h:12:15: warning: extra tokens at end of #include directive
   12 | #include"BT.h";
      |               ^
../Core/Src/function.c: In function 'checkPosture':
../Core/Src/function.c:84:26: warning: unused variable 'acc_diff_RL' [-Wunused-variable]
   84 |                  int16_t acc_diff_RL = accR1 - accL1;
      |                          ^~~~~~~~~~~
../Core/Src/function.c:83:26: warning: unused variable 'acc_diff_LR' [-Wunused-variable]
   83 |                  int16_t acc_diff_LR = accL1 - accR1;
      |                          ^~~~~~~~~~~
../Core/Src/function.c: In function 'commandFunc':
../Core/Src/function.c:415:36: warning: pointer targets in passing argument 2 of 'sendString' differ in signedness [-Wpointer-sign]
  415 |                 sendString(&huart1,(uint8_t*)"X", 1);
      |                                    ^~~~~~~~~~~~~
      |                                    |
      |                                    uint8_t * {aka unsigned char *}
In file included from ../Core/Inc/function.h:12:
../Core/Inc/BT.h:16:53: note: expected 'int8_t *' {aka 'signed char *'} but argument is of type 'uint8_t *' {aka 'unsigned char *'}
   16 | void sendString(UART_HandleTypeDef *huartx, int8_t *data, uint16_t size);
      |                                             ~~~~~~~~^~~~
../Core/Src/GPIO.c: In function 'Battery_level':
../Core/Src/GPIO.c:49:17: warning: implicit declaration of function 'vTaskDelay' [-Wimplicit-function-declaration]
   49 |                 vTaskDelay(100);
      |                 ^~~~~~~~~~
../Core/Src/GPIO.c:50:17: warning: implicit declaration of function 'send8bit' [-Wimplicit-function-declaration]
   50 |                 send8bit(&huart1,V_BAT_per);
      |                 ^~~~~~~~
../Core/Src/function.c: In function 'handlePostureChange':
../Core/Src/function.c:540:9: warning: implicit declaration of function 'INFLATION' [-Wimplicit-function-declaration]
  540 |     if (INFLATION() != HAL_OK)  Error_Handler();
      |         ^~~~~~~~~
../Core/Src/GPIO.c: In function 'BUZZER_ON':
../Core/Src/GPIO.c:115:61: warning: implicit declaration of function 'delay_us' [-Wimplicit-function-declaration]
  115 |                                                             delay_us(125);   // half period (125 us)
      |                                                             ^~~~~~~~
../Core/Src/function.c:546:9: warning: implicit declaration of function 'DEFLATION' [-Wimplicit-function-declaration]
  546 |     if (DEFLATION() != HAL_OK)  Error_Handler();
      |         ^~~~~~~~~
In file included from ../Core/Inc/function.h:10:
../Core/Inc/var.h:14:13: warning: unsigned conversion from 'int' to 'unsigned char:1' changes value from '2' to '0' [-Woverflow]
   14 | #define SIT 2
      |             ^
../Core/Src/function.c:549:23: note: in expansion of macro 'SIT'
  549 |     MP_flag.MSTATUS = SIT;
      |                       ^~~
../Core/Src/function.c: In function 'standposture':
../Core/Src/function.c:605:91: warning: implicit declaration of function 'HARDWRAE_ERROR' [-Wimplicit-function-declaration]
  605 |                                                                 if(INFLATION()!= HAL_OK)  HARDWRAE_ERROR();
      |                                                                                           ^~~~~~~~~~~~~~
../Core/Src/function.c: In function 'sendLivedata':
../Core/Src/function.c:885:31: warning: pointer targets in passing argument 2 of 'send12Floats' differ in signedness [-Wpointer-sign]
  885 |         send12Floats(&huart1, imuData);
      |                               ^~~~~~~
      |                               |
      |                               int8_t * {aka signed char *}
../Core/Inc/BT.h:30:55: note: expected 'uint8_t *' {aka 'unsigned char *'} but argument is of type 'int8_t *' {aka 'signed char *'}
   30 | void send12Floats(UART_HandleTypeDef *huartx, uint8_t data[30]);
      |                                               ~~~~~~~~^~~~~~~~
../Core/Src/function.c: In function 'readmemory':
../Core/Src/function.c:937:15: warning: implicit declaration of function 'W25Q_GetFlashSize' [-Wimplicit-function-declaration]
  937 |     FlashSize=W25Q_GetFlashSize()/1000000;
      |               ^~~~~~~~~~~~~~~~~
../Core/Src/function.c: In function 'sendLivedata':
../Core/Src/function.c:885:9: warning: 'send12Floats' accessing 30 bytes in a region of size 27 [-Wstringop-overflow=]
  885 |         send12Floats(&huart1, imuData);
      |         ^~~~~~~~~~~~~~~~~~~~~~~~~~~~~~
../Core/Src/function.c:885:9: note: referencing argument 2 of type 'uint8_t[30]' {aka 'unsigned char[30]'}
../Core/Inc/BT.h:30:6: note: in a call to function 'send12Floats'
   30 | void send12Floats(UART_HandleTypeDef *huartx, uint8_t data[30]);
      |      ^~~~~~~~~~~~
../Core/Src/function.c: In function 'cal_data':
../Core/Src/function.c:900:9: warning: 'caldata' accessing 12 bytes in a region of size 10 [-Wstringop-overflow=]
  900 |         caldata(&huart1, calData);
      |         ^~~~~~~~~~~~~~~~~~~~~~~~~
../Core/Src/function.c:900:9: note: referencing argument 2 of type 'uint8_t[12]' {aka 'unsigned char[12]'}
../Core/Inc/BT.h:31:6: note: in a call to function 'caldata'
   31 | void caldata(UART_HandleTypeDef *huartx, uint8_t data[12]);
      |      ^~~~~~~
In file included from ../Core/Src/main.c:28:
../Core/Inc/function.h:12:15: warning: extra tokens at end of #include directive
   12 | #include"BT.h";
      |               ^
arm-none-eabi-gcc -o "HardwareV1.2.elf" @"objects.list"   -mcpu=cortex-m3 -T"C:\Users\USER\STM32CubeIDE\workspace_1.19.0\Hip-Pro_Hardware_V1.2\HardwareV1.2\STM32F103RCTX_FLASH.ld" --specs=nosys.specs -Wl,-Map="HardwareV1.2.map" -Wl,--gc-sections -static --specs=nano.specs -mfloat-abi=soft -mthumb -Wl,--start-group -lc -lm -Wl,--end-group
Finished building target: HardwareV1.2.elf
 
arm-none-eabi-size  HardwareV1.2.elf 
arm-none-eabi-objdump -h -S HardwareV1.2.elf  > "HardwareV1.2.list"
   text	   data	    bss	    dec	    hex	filename
  54748	    148	   6896	  61792	   f160	HardwareV1.2.elf
Finished building: default.size.stdout
 
Finished building: HardwareV1.2.list
 
17:42:23 **** Incremental Build of configuration Debug for project HardwareV1.2 ****
make -j16 all 
arm-none-eabi-size  HardwareV1.2.elf 
   text	   data	    bss	    dec	    hex	filename
  54748	    148	   6896	  61792	   f160	HardwareV1.2.elf
Finished building: default.size.stdout
 
10:50:00 **** Incremental Build of configuration Debug for project HardwareV1.2 ****
make -j16 all 
arm-none-eabi-size  HardwareV1.2.elf 
   text	   data	    bss	    dec	    hex	filename
  54748	    148	   6896	  61792	   f160	HardwareV1.2.elf
Finished building: default.size.stdout
 
15:41:33 **** Incremental Build of configuration Debug for project HardwareV1.2 ****
make -j16 all 
arm-none-eabi-size  HardwareV1.2.elf 
   text	   data	    bss	    dec	    hex	filename
  54748	    148	   6896	  61792	   f160	HardwareV1.2.elf
Finished building: default.size.stdout
 
15:50:15 **** Incremental Build of configuration Debug for project HardwareV1.2 ****
make -j16 all 
arm-none-eabi-size  HardwareV1.2.elf 
   text	   data	    bss	    dec	    hex	filename
  54748	    148	   6896	  61792	   f160	HardwareV1.2.elf
Finished building: default.size.stdout
 
15:08:02 **** Build of configuration Debug for project HardwareV1.2 ****
make -j16 all 
arm-none-eabi-size  HardwareV1.2.elf 
   text	   data	    bss	    dec	    hex	filename
  54748	    148	   6896	  61792	   f160	HardwareV1.2.elf
Finished building: default.size.stdout
 
17:20:33 **** Incremental Build of configuration Debug for project HardwareV1.2 ****
make -j16 all 
arm-none-eabi-size  HardwareV1.2.elf 
   text	   data	    bss	    dec	    hex	filename
  54748	    148	   6896	  61792	   f160	HardwareV1.2.elf
Finished building: default.size.stdout
 
17:22:20 **** Incremental Build of configuration Debug for project HardwareV1.2 ****
make -j16 all 
arm-none-eabi-size  HardwareV1.2.elf 
   text	   data	    bss	    dec	    hex	filename
  54748	    148	   6896	  61792	   f160	HardwareV1.2.elf
Finished building: default.size.stdout
 
17:36:58 **** Incremental Build of configuration Debug for project HardwareV1.2 ****
make -j16 all 
arm-none-eabi-size  HardwareV1.2.elf 
   text	   data	    bss	    dec	    hex	filename
  54748	    148	   6896	  61792	   f160	HardwareV1.2.elf
Finished building: default.size.stdout
 
17:38:47 **** Incremental Build of configuration Debug for project HardwareV1.2 ****
make -j16 all 
arm-none-eabi-size  HardwareV1.2.elf 
   text	   data	    bss	    dec	    hex	filename
  54748	    148	   6896	  61792	   f160	HardwareV1.2.elf
Finished building: default.size.stdout
 
17:45:19 **** Incremental Build of configuration Debug for project HardwareV1.2 ****
make -j16 all 
arm-none-eabi-gcc "../Core/Src/main.c" -mcpu=cortex-m3 -std=gnu11 -g3 -DDEBUG -DUSE_HAL_DRIVER -DSTM32F103xE -c -I../Core/Inc -I../Drivers/STM32F1xx_HAL_Driver/Inc -I../Drivers/STM32F1xx_HAL_Driver/Inc/Legacy -I../Drivers/CMSIS/Device/ST/STM32F1xx/Include -I../Drivers/CMSIS/Include -I../Middlewares/Third_Party/FreeRTOS/Source/include -I../Middlewares/Third_Party/FreeRTOS/Source/CMSIS_RTOS -I../Middlewares/Third_Party/FreeRTOS/Source/portable/GCC/ARM_CM3 -O0 -ffunction-sections -fdata-sections -Wall -fstack-usage -fcyclomatic-complexity -MMD -MP -MF"Core/Src/main.d" -MT"Core/Src/main.o" --specs=nano.specs -mfloat-abi=soft -mthumb -o "Core/Src/main.o"
In file included from ../Core/Src/main.c:28:
../Core/Inc/function.h:12:15: warning: extra tokens at end of #include directive
   12 | #include"BT.h";
      |               ^
arm-none-eabi-gcc -o "HardwareV1.2.elf" @"objects.list"   -mcpu=cortex-m3 -T"C:\Users\USER\STM32CubeIDE\workspace_1.19.0\Hip-Pro_Hardware_V1.2\HardwareV1.2\STM32F103RCTX_FLASH.ld" --specs=nosys.specs -Wl,-Map="HardwareV1.2.map" -Wl,--gc-sections -static --specs=nano.specs -mfloat-abi=soft -mthumb -Wl,--start-group -lc -lm -Wl,--end-group
Finished building target: HardwareV1.2.elf
 
arm-none-eabi-size  HardwareV1.2.elf 
arm-none-eabi-objdump -h -S HardwareV1.2.elf  > "HardwareV1.2.list"
   text	   data	    bss	    dec	    hex	filename
  54700	    148	   6896	  61744	   f130	HardwareV1.2.elf
Finished building: default.size.stdout
 
Finished building: HardwareV1.2.list
 
17:50:45 **** Incremental Build of configuration Debug for project HardwareV1.2 ****
make -j16 all 
arm-none-eabi-gcc "../Core/Src/main.c" -mcpu=cortex-m3 -std=gnu11 -g3 -DDEBUG -DUSE_HAL_DRIVER -DSTM32F103xE -c -I../Core/Inc -I../Drivers/STM32F1xx_HAL_Driver/Inc -I../Drivers/STM32F1xx_HAL_Driver/Inc/Legacy -I../Drivers/CMSIS/Device/ST/STM32F1xx/Include -I../Drivers/CMSIS/Include -I../Middlewares/Third_Party/FreeRTOS/Source/include -I../Middlewares/Third_Party/FreeRTOS/Source/CMSIS_RTOS -I../Middlewares/Third_Party/FreeRTOS/Source/portable/GCC/ARM_CM3 -O0 -ffunction-sections -fdata-sections -Wall -fstack-usage -fcyclomatic-complexity -MMD -MP -MF"Core/Src/main.d" -MT"Core/Src/main.o" --specs=nano.specs -mfloat-abi=soft -mthumb -o "Core/Src/main.o"
In file included from ../Core/Src/main.c:28:
../Core/Inc/function.h:12:15: warning: extra tokens at end of #include directive
   12 | #include"BT.h";
      |               ^
arm-none-eabi-gcc -o "HardwareV1.2.elf" @"objects.list"   -mcpu=cortex-m3 -T"C:\Users\USER\STM32CubeIDE\workspace_1.19.0\Hip-Pro_Hardware_V1.2\HardwareV1.2\STM32F103RCTX_FLASH.ld" --specs=nosys.specs -Wl,-Map="HardwareV1.2.map" -Wl,--gc-sections -static --specs=nano.specs -mfloat-abi=soft -mthumb -Wl,--start-group -lc -lm -Wl,--end-group
Finished building target: HardwareV1.2.elf
 
arm-none-eabi-size  HardwareV1.2.elf 
arm-none-eabi-objdump -h -S HardwareV1.2.elf  > "HardwareV1.2.list"
   text	   data	    bss	    dec	    hex	filename
  54748	    148	   6896	  61792	   f160	HardwareV1.2.elf
Finished building: default.size.stdout
 
Finished building: HardwareV1.2.list
 
18:21:36 **** Incremental Build of configuration Debug for project HardwareV1.2 ****
make -j16 all 
arm-none-eabi-gcc "../Core/Src/main.c" -mcpu=cortex-m3 -std=gnu11 -g3 -DDEBUG -DUSE_HAL_DRIVER -DSTM32F103xE -c -I../Core/Inc -I../Drivers/STM32F1xx_HAL_Driver/Inc -I../Drivers/STM32F1xx_HAL_Driver/Inc/Legacy -I../Drivers/CMSIS/Device/ST/STM32F1xx/Include -I../Drivers/CMSIS/Include -I../Middlewares/Third_Party/FreeRTOS/Source/include -I../Middlewares/Third_Party/FreeRTOS/Source/CMSIS_RTOS -I../Middlewares/Third_Party/FreeRTOS/Source/portable/GCC/ARM_CM3 -O0 -ffunction-sections -fdata-sections -Wall -fstack-usage -fcyclomatic-complexity -MMD -MP -MF"Core/Src/main.d" -MT"Core/Src/main.o" --specs=nano.specs -mfloat-abi=soft -mthumb -o "Core/Src/main.o"
In file included from ../Core/Src/main.c:28:
../Core/Inc/function.h:12:15: warning: extra tokens at end of #include directive
   12 | #include"BT.h";
      |               ^
arm-none-eabi-gcc -o "HardwareV1.2.elf" @"objects.list"   -mcpu=cortex-m3 -T"C:\Users\USER\STM32CubeIDE\workspace_1.19.0\Hip-Pro_Hardware_V1.2\HardwareV1.2\STM32F103RCTX_FLASH.ld" --specs=nosys.specs -Wl,-Map="HardwareV1.2.map" -Wl,--gc-sections -static --specs=nano.specs -mfloat-abi=soft -mthumb -Wl,--start-group -lc -lm -Wl,--end-group
Finished building target: HardwareV1.2.elf
 
arm-none-eabi-size  HardwareV1.2.elf 
arm-none-eabi-objdump -h -S HardwareV1.2.elf  > "HardwareV1.2.list"
   text	   data	    bss	    dec	    hex	filename
  54764	    148	   6896	  61808	   f170	HardwareV1.2.elf
Finished building: default.size.stdout
 
Finished building: HardwareV1.2.list
 
18:29:16 **** Incremental Build of configuration Debug for project HardwareV1.2 ****
make -j16 all 
arm-none-eabi-gcc "../Core/Src/main.c" -mcpu=cortex-m3 -std=gnu11 -g3 -DDEBUG -DUSE_HAL_DRIVER -DSTM32F103xE -c -I../Core/Inc -I../Drivers/STM32F1xx_HAL_Driver/Inc -I../Drivers/STM32F1xx_HAL_Driver/Inc/Legacy -I../Drivers/CMSIS/Device/ST/STM32F1xx/Include -I../Drivers/CMSIS/Include -I../Middlewares/Third_Party/FreeRTOS/Source/include -I../Middlewares/Third_Party/FreeRTOS/Source/CMSIS_RTOS -I../Middlewares/Third_Party/FreeRTOS/Source/portable/GCC/ARM_CM3 -O0 -ffunction-sections -fdata-sections -Wall -fstack-usage -fcyclomatic-complexity -MMD -MP -MF"Core/Src/main.d" -MT"Core/Src/main.o" --specs=nano.specs -mfloat-abi=soft -mthumb -o "Core/Src/main.o"
In file included from ../Core/Src/main.c:28:
../Core/Inc/function.h:12:15: warning: extra tokens at end of #include directive
   12 | #include"BT.h";
      |               ^
arm-none-eabi-gcc -o "HardwareV1.2.elf" @"objects.list"   -mcpu=cortex-m3 -T"C:\Users\USER\STM32CubeIDE\workspace_1.19.0\Hip-Pro_Hardware_V1.2\HardwareV1.2\STM32F103RCTX_FLASH.ld" --specs=nosys.specs -Wl,-Map="HardwareV1.2.map" -Wl,--gc-sections -static --specs=nano.specs -mfloat-abi=soft -mthumb -Wl,--start-group -lc -lm -Wl,--end-group
Finished building target: HardwareV1.2.elf
 
arm-none-eabi-size  HardwareV1.2.elf 
arm-none-eabi-objdump -h -S HardwareV1.2.elf  > "HardwareV1.2.list"
   text	   data	    bss	    dec	    hex	filename
  54764	    148	   6896	  61808	   f170	HardwareV1.2.elf
Finished building: default.size.stdout
 
Finished building: HardwareV1.2.list
 
