18:29:16 **** Incremental Build of configuration Debug for project HardwareV1.2 ****
make -j16 all 
arm-none-eabi-gcc "../Core/Src/main.c" -mcpu=cortex-m3 -std=gnu11 -g3 -DDEBUG -DUSE_HAL_DRIVER -DSTM32F103xE -c -I../Core/Inc -I../Drivers/STM32F1xx_HAL_Driver/Inc -I../Drivers/STM32F1xx_HAL_Driver/Inc/Legacy -I../Drivers/CMSIS/Device/ST/STM32F1xx/Include -I../Drivers/CMSIS/Include -I../Middlewares/Third_Party/FreeRTOS/Source/include -I../Middlewares/Third_Party/FreeRTOS/Source/CMSIS_RTOS -I../Middlewares/Third_Party/FreeRTOS/Source/portable/GCC/ARM_CM3 -O0 -ffunction-sections -fdata-sections -Wall -fstack-usage -fcyclomatic-complexity -MMD -MP -MF"Core/Src/main.d" -MT"Core/Src/main.o" --specs=nano.specs -mfloat-abi=soft -mthumb -o "Core/Src/main.o"
In file included from ../Core/Src/main.c:28:
../Core/Inc/function.h:12:15: warning: extra tokens at end of #include directive
   12 | #include"BT.h";
      |               ^
arm-none-eabi-gcc -o "HardwareV1.2.elf" @"objects.list"   -mcpu=cortex-m3 -T"C:\Users\USER\STM32CubeIDE\workspace_1.19.0\Hip-Pro_Hardware_V1.2\HardwareV1.2\STM32F103RCTX_FLASH.ld" --specs=nosys.specs -Wl,-Map="HardwareV1.2.map" -Wl,--gc-sections -static --specs=nano.specs -mfloat-abi=soft -mthumb -Wl,--start-group -lc -lm -Wl,--end-group
Finished building target: HardwareV1.2.elf
 
arm-none-eabi-size  HardwareV1.2.elf 
arm-none-eabi-objdump -h -S HardwareV1.2.elf  > "HardwareV1.2.list"
   text	   data	    bss	    dec	    hex	filename
  54764	    148	   6896	  61808	   f170	HardwareV1.2.elf
Finished building: default.size.stdout
 
Finished building: HardwareV1.2.list
 

18:29:17 Build Finished. 0 errors, 1 warnings. (took 1s.42ms)

